This is pdfTeX, Version 3.14159265-2.6-1.40.20 (TeX Live 2019/Debian) (preloaded format=pdflatex 2020.8.12)  7 JUN 2022 21:09
entering extended mode
 restricted \write18 enabled.
 %&-line parsing enabled.
**talk.tex
(./talk.tex
LaTeX2e <2020-02-02> patch level 2
L3 programming layer <2020-02-14>
(/usr/share/texlive/texmf-dist/tex/latex/beamer/beamer.cls
Document Class: beamer 2019/09/29 v3.57 A class for typesetting presentations
(/usr/share/texlive/texmf-dist/tex/latex/beamer/beamerbasemodes.sty
(/usr/share/texlive/texmf-dist/tex/latex/etoolbox/etoolbox.sty
Package: etoolbox 2019/09/21 v2.5h e-TeX tools for LaTeX (JAW)
\etb@tempcnta=\count167
)
\beamer@tempbox=\box45
\beamer@tempcount=\count168
\c@beamerpauses=\count169

(/usr/share/texlive/texmf-dist/tex/latex/beamer/beamerbasedecode.sty
\beamer@slideinframe=\count170
\beamer@minimum=\count171
\beamer@decode@box=\box46
)
\beamer@commentbox=\box47
\beamer@modecount=\count172
)
(/usr/share/texlive/texmf-dist/tex/generic/iftex/ifpdf.sty
Package: ifpdf 2019/10/25 v3.4 ifpdf legacy package. Use iftex instead.

(/usr/share/texlive/texmf-dist/tex/generic/iftex/iftex.sty
Package: iftex 2019/11/07 v1.0c TeX engine tests
))
\headdp=\dimen134
\footheight=\dimen135
\sidebarheight=\dimen136
\beamer@tempdim=\dimen137
\beamer@finalheight=\dimen138
\beamer@animht=\dimen139
\beamer@animdp=\dimen140
\beamer@animwd=\dimen141
\beamer@leftmargin=\dimen142
\beamer@rightmargin=\dimen143
\beamer@leftsidebar=\dimen144
\beamer@rightsidebar=\dimen145
\beamer@boxsize=\dimen146
\beamer@vboxoffset=\dimen147
\beamer@descdefault=\dimen148
\beamer@descriptionwidth=\dimen149
\beamer@lastskip=\skip47
\beamer@areabox=\box48
\beamer@animcurrent=\box49
\beamer@animshowbox=\box50
\beamer@sectionbox=\box51
\beamer@logobox=\box52
\beamer@linebox=\box53
\beamer@sectioncount=\count173
\beamer@subsubsectionmax=\count174
\beamer@subsectionmax=\count175
\beamer@sectionmax=\count176
\beamer@totalheads=\count177
\beamer@headcounter=\count178
\beamer@partstartpage=\count179
\beamer@sectionstartpage=\count180
\beamer@subsectionstartpage=\count181
\beamer@animationtempa=\count182
\beamer@animationtempb=\count183
\beamer@xpos=\count184
\beamer@ypos=\count185
\beamer@ypos@offset=\count186
\beamer@showpartnumber=\count187
\beamer@currentsubsection=\count188
\beamer@coveringdepth=\count189
\beamer@sectionadjust=\count190
\beamer@tocsectionnumber=\count191

(/usr/share/texlive/texmf-dist/tex/latex/beamer/beamerbaseoptions.sty
(/usr/share/texlive/texmf-dist/tex/latex/graphics/keyval.sty
Package: keyval 2014/10/28 v1.15 key=value parser (DPC)
\KV@toks@=\toks14
))
\beamer@paperwidth=\skip48
\beamer@paperheight=\skip49

(/usr/share/texlive/texmf-dist/tex/latex/geometry/geometry.sty
Package: geometry 2020/01/02 v5.9 Page Geometry

(/usr/share/texlive/texmf-dist/tex/generic/iftex/ifvtex.sty
Package: ifvtex 2019/10/25 v1.7 ifvtex legacy package. Use iftex instead.
)
\Gm@cnth=\count192
\Gm@cntv=\count193
\c@Gm@tempcnt=\count194
\Gm@bindingoffset=\dimen150
\Gm@wd@mp=\dimen151
\Gm@odd@mp=\dimen152
\Gm@even@mp=\dimen153
\Gm@layoutwidth=\dimen154
\Gm@layoutheight=\dimen155
\Gm@layouthoffset=\dimen156
\Gm@layoutvoffset=\dimen157
\Gm@dimlist=\toks15
)
(/usr/share/texlive/texmf-dist/tex/latex/base/size11.clo
File: size11.clo 2019/12/20 v1.4l Standard LaTeX file (size option)
)
(/usr/share/texlive/texmf-dist/tex/latex/pgf/basiclayer/pgfcore.sty
(/usr/share/texlive/texmf-dist/tex/latex/graphics/graphicx.sty
Package: graphicx 2019/11/30 v1.2a Enhanced LaTeX Graphics (DPC,SPQR)

(/usr/share/texlive/texmf-dist/tex/latex/graphics/graphics.sty
Package: graphics 2019/11/30 v1.4a Standard LaTeX Graphics (DPC,SPQR)

(/usr/share/texlive/texmf-dist/tex/latex/graphics/trig.sty
Package: trig 2016/01/03 v1.10 sin cos tan (DPC)
)
(/usr/share/texlive/texmf-dist/tex/latex/graphics-cfg/graphics.cfg
File: graphics.cfg 2016/06/04 v1.11 sample graphics configuration
)
Package graphics Info: Driver file: pdftex.def on input line 105.

(/usr/share/texlive/texmf-dist/tex/latex/graphics-def/pdftex.def
File: pdftex.def 2018/01/08 v1.0l Graphics/color driver for pdftex
))
\Gin@req@height=\dimen158
\Gin@req@width=\dimen159
)
(/usr/share/texlive/texmf-dist/tex/latex/pgf/systemlayer/pgfsys.sty
(/usr/share/texlive/texmf-dist/tex/latex/pgf/utilities/pgfrcs.sty
(/usr/share/texlive/texmf-dist/tex/generic/pgf/utilities/pgfutil-common.tex
\pgfutil@everybye=\toks16
\pgfutil@tempdima=\dimen160
\pgfutil@tempdimb=\dimen161

(/usr/share/texlive/texmf-dist/tex/generic/pgf/utilities/pgfutil-common-lists.t
ex)) (/usr/share/texlive/texmf-dist/tex/generic/pgf/utilities/pgfutil-latex.def
\pgfutil@abb=\box54
(/usr/share/texlive/texmf-dist/tex/latex/ms/everyshi.sty
Package: everyshi 2001/05/15 v3.00 EveryShipout Package (MS)
))
(/usr/share/texlive/texmf-dist/tex/generic/pgf/utilities/pgfrcs.code.tex
(/usr/share/texlive/texmf-dist/tex/generic/pgf/pgf.revision.tex)
Package: pgfrcs 2020/01/08 v3.1.5b (3.1.5b)
))
(/usr/share/texlive/texmf-dist/tex/generic/pgf/systemlayer/pgfsys.code.tex
Package: pgfsys 2020/01/08 v3.1.5b (3.1.5b)

(/usr/share/texlive/texmf-dist/tex/generic/pgf/utilities/pgfkeys.code.tex
\pgfkeys@pathtoks=\toks17
\pgfkeys@temptoks=\toks18

(/usr/share/texlive/texmf-dist/tex/generic/pgf/utilities/pgfkeysfiltered.code.t
ex
\pgfkeys@tmptoks=\toks19
))
\pgf@x=\dimen162
\pgf@y=\dimen163
\pgf@xa=\dimen164
\pgf@ya=\dimen165
\pgf@xb=\dimen166
\pgf@yb=\dimen167
\pgf@xc=\dimen168
\pgf@yc=\dimen169
\pgf@xd=\dimen170
\pgf@yd=\dimen171
\w@pgf@writea=\write3
\r@pgf@reada=\read2
\c@pgf@counta=\count195
\c@pgf@countb=\count196
\c@pgf@countc=\count197
\c@pgf@countd=\count198
\t@pgf@toka=\toks20
\t@pgf@tokb=\toks21
\t@pgf@tokc=\toks22
\pgf@sys@id@count=\count199
 (/usr/share/texlive/texmf-dist/tex/generic/pgf/systemlayer/pgf.cfg
File: pgf.cfg 2020/01/08 v3.1.5b (3.1.5b)
)
Driver file for pgf: pgfsys-pdftex.def

(/usr/share/texlive/texmf-dist/tex/generic/pgf/systemlayer/pgfsys-pdftex.def
File: pgfsys-pdftex.def 2020/01/08 v3.1.5b (3.1.5b)

(/usr/share/texlive/texmf-dist/tex/generic/pgf/systemlayer/pgfsys-common-pdf.de
f
File: pgfsys-common-pdf.def 2020/01/08 v3.1.5b (3.1.5b)
)))
(/usr/share/texlive/texmf-dist/tex/generic/pgf/systemlayer/pgfsyssoftpath.code.
tex
File: pgfsyssoftpath.code.tex 2020/01/08 v3.1.5b (3.1.5b)
\pgfsyssoftpath@smallbuffer@items=\count266
\pgfsyssoftpath@bigbuffer@items=\count267
)
(/usr/share/texlive/texmf-dist/tex/generic/pgf/systemlayer/pgfsysprotocol.code.
tex
File: pgfsysprotocol.code.tex 2020/01/08 v3.1.5b (3.1.5b)
)) (/usr/share/texlive/texmf-dist/tex/latex/xcolor/xcolor.sty
Package: xcolor 2016/05/11 v2.12 LaTeX color extensions (UK)

(/usr/share/texlive/texmf-dist/tex/latex/graphics-cfg/color.cfg
File: color.cfg 2016/01/02 v1.6 sample color configuration
)
Package xcolor Info: Driver file: pdftex.def on input line 225.
Package xcolor Info: Model `cmy' substituted by `cmy0' on input line 1348.
Package xcolor Info: Model `hsb' substituted by `rgb' on input line 1352.
Package xcolor Info: Model `RGB' extended on input line 1364.
Package xcolor Info: Model `HTML' substituted by `rgb' on input line 1366.
Package xcolor Info: Model `Hsb' substituted by `hsb' on input line 1367.
Package xcolor Info: Model `tHsb' substituted by `hsb' on input line 1368.
Package xcolor Info: Model `HSB' substituted by `hsb' on input line 1369.
Package xcolor Info: Model `Gray' substituted by `gray' on input line 1370.
Package xcolor Info: Model `wave' substituted by `hsb' on input line 1371.
)
(/usr/share/texlive/texmf-dist/tex/generic/pgf/basiclayer/pgfcore.code.tex
Package: pgfcore 2020/01/08 v3.1.5b (3.1.5b)

(/usr/share/texlive/texmf-dist/tex/generic/pgf/math/pgfmath.code.tex
(/usr/share/texlive/texmf-dist/tex/generic/pgf/math/pgfmathcalc.code.tex
(/usr/share/texlive/texmf-dist/tex/generic/pgf/math/pgfmathutil.code.tex)
(/usr/share/texlive/texmf-dist/tex/generic/pgf/math/pgfmathparser.code.tex
\pgfmath@dimen=\dimen172
\pgfmath@count=\count268
\pgfmath@box=\box55
\pgfmath@toks=\toks23
\pgfmath@stack@operand=\toks24
\pgfmath@stack@operation=\toks25
)
(/usr/share/texlive/texmf-dist/tex/generic/pgf/math/pgfmathfunctions.code.tex
(/usr/share/texlive/texmf-dist/tex/generic/pgf/math/pgfmathfunctions.basic.code
.tex)
(/usr/share/texlive/texmf-dist/tex/generic/pgf/math/pgfmathfunctions.trigonomet
ric.code.tex)
(/usr/share/texlive/texmf-dist/tex/generic/pgf/math/pgfmathfunctions.random.cod
e.tex)
(/usr/share/texlive/texmf-dist/tex/generic/pgf/math/pgfmathfunctions.comparison
.code.tex)
(/usr/share/texlive/texmf-dist/tex/generic/pgf/math/pgfmathfunctions.base.code.
tex)
(/usr/share/texlive/texmf-dist/tex/generic/pgf/math/pgfmathfunctions.round.code
.tex)
(/usr/share/texlive/texmf-dist/tex/generic/pgf/math/pgfmathfunctions.misc.code.
tex)
(/usr/share/texlive/texmf-dist/tex/generic/pgf/math/pgfmathfunctions.integerari
thmetics.code.tex)))
(/usr/share/texlive/texmf-dist/tex/generic/pgf/math/pgfmathfloat.code.tex
\c@pgfmathroundto@lastzeros=\count269
))
(/usr/share/texlive/texmf-dist/tex/generic/pgf/math/pgfint.code.tex)
(/usr/share/texlive/texmf-dist/tex/generic/pgf/basiclayer/pgfcorepoints.code.te
x
File: pgfcorepoints.code.tex 2020/01/08 v3.1.5b (3.1.5b)
\pgf@picminx=\dimen173
\pgf@picmaxx=\dimen174
\pgf@picminy=\dimen175
\pgf@picmaxy=\dimen176
\pgf@pathminx=\dimen177
\pgf@pathmaxx=\dimen178
\pgf@pathminy=\dimen179
\pgf@pathmaxy=\dimen180
\pgf@xx=\dimen181
\pgf@xy=\dimen182
\pgf@yx=\dimen183
\pgf@yy=\dimen184
\pgf@zx=\dimen185
\pgf@zy=\dimen186
)
(/usr/share/texlive/texmf-dist/tex/generic/pgf/basiclayer/pgfcorepathconstruct.
code.tex
File: pgfcorepathconstruct.code.tex 2020/01/08 v3.1.5b (3.1.5b)
\pgf@path@lastx=\dimen187
\pgf@path@lasty=\dimen188
)
(/usr/share/texlive/texmf-dist/tex/generic/pgf/basiclayer/pgfcorepathusage.code
.tex
File: pgfcorepathusage.code.tex 2020/01/08 v3.1.5b (3.1.5b)
\pgf@shorten@end@additional=\dimen189
\pgf@shorten@start@additional=\dimen190
)
(/usr/share/texlive/texmf-dist/tex/generic/pgf/basiclayer/pgfcorescopes.code.te
x
File: pgfcorescopes.code.tex 2020/01/08 v3.1.5b (3.1.5b)
\pgfpic=\box56
\pgf@hbox=\box57
\pgf@layerbox@main=\box58
\pgf@picture@serial@count=\count270
)
(/usr/share/texlive/texmf-dist/tex/generic/pgf/basiclayer/pgfcoregraphicstate.c
ode.tex
File: pgfcoregraphicstate.code.tex 2020/01/08 v3.1.5b (3.1.5b)
\pgflinewidth=\dimen191
)
(/usr/share/texlive/texmf-dist/tex/generic/pgf/basiclayer/pgfcoretransformation
s.code.tex
File: pgfcoretransformations.code.tex 2020/01/08 v3.1.5b (3.1.5b)
\pgf@pt@x=\dimen192
\pgf@pt@y=\dimen193
\pgf@pt@temp=\dimen194
)
(/usr/share/texlive/texmf-dist/tex/generic/pgf/basiclayer/pgfcorequick.code.tex
File: pgfcorequick.code.tex 2020/01/08 v3.1.5b (3.1.5b)
)
(/usr/share/texlive/texmf-dist/tex/generic/pgf/basiclayer/pgfcoreobjects.code.t
ex
File: pgfcoreobjects.code.tex 2020/01/08 v3.1.5b (3.1.5b)
)
(/usr/share/texlive/texmf-dist/tex/generic/pgf/basiclayer/pgfcorepathprocessing
.code.tex
File: pgfcorepathprocessing.code.tex 2020/01/08 v3.1.5b (3.1.5b)
)
(/usr/share/texlive/texmf-dist/tex/generic/pgf/basiclayer/pgfcorearrows.code.te
x
File: pgfcorearrows.code.tex 2020/01/08 v3.1.5b (3.1.5b)
\pgfarrowsep=\dimen195
)
(/usr/share/texlive/texmf-dist/tex/generic/pgf/basiclayer/pgfcoreshade.code.tex
File: pgfcoreshade.code.tex 2020/01/08 v3.1.5b (3.1.5b)
\pgf@max=\dimen196
\pgf@sys@shading@range@num=\count271
\pgf@shadingcount=\count272
)
(/usr/share/texlive/texmf-dist/tex/generic/pgf/basiclayer/pgfcoreimage.code.tex
File: pgfcoreimage.code.tex 2020/01/08 v3.1.5b (3.1.5b)

(/usr/share/texlive/texmf-dist/tex/generic/pgf/basiclayer/pgfcoreexternal.code.
tex
File: pgfcoreexternal.code.tex 2020/01/08 v3.1.5b (3.1.5b)
\pgfexternal@startupbox=\box59
))
(/usr/share/texlive/texmf-dist/tex/generic/pgf/basiclayer/pgfcorelayers.code.te
x
File: pgfcorelayers.code.tex 2020/01/08 v3.1.5b (3.1.5b)
)
(/usr/share/texlive/texmf-dist/tex/generic/pgf/basiclayer/pgfcoretransparency.c
ode.tex
File: pgfcoretransparency.code.tex 2020/01/08 v3.1.5b (3.1.5b)
)
(/usr/share/texlive/texmf-dist/tex/generic/pgf/basiclayer/pgfcorepatterns.code.
tex
File: pgfcorepatterns.code.tex 2020/01/08 v3.1.5b (3.1.5b)
)
(/usr/share/texlive/texmf-dist/tex/generic/pgf/basiclayer/pgfcorerdf.code.tex
File: pgfcorerdf.code.tex 2020/01/08 v3.1.5b (3.1.5b)
))) (/usr/share/texlive/texmf-dist/tex/latex/pgf/utilities/xxcolor.sty
Package: xxcolor 2003/10/24 ver 0.1
\XC@nummixins=\count273
\XC@countmixins=\count274
)
(/usr/share/texlive/texmf-dist/tex/generic/atbegshi/atbegshi.sty
Package: atbegshi 2019/12/05 v1.19 At begin shipout hook (HO)

(/usr/share/texlive/texmf-dist/tex/generic/infwarerr/infwarerr.sty
Package: infwarerr 2019/12/03 v1.5 Providing info/warning/error messages (HO)
)
(/usr/share/texlive/texmf-dist/tex/generic/ltxcmds/ltxcmds.sty
Package: ltxcmds 2019/12/15 v1.24 LaTeX kernel commands for general use (HO)
))
(/usr/share/texlive/texmf-dist/tex/latex/hyperref/hyperref.sty
Package: hyperref 2020/01/14 v7.00d Hypertext links for LaTeX

(/usr/share/texlive/texmf-dist/tex/latex/pdftexcmds/pdftexcmds.sty
Package: pdftexcmds 2019/11/24 v0.31 Utility functions of pdfTeX for LuaTeX (HO
)
Package pdftexcmds Info: \pdf@primitive is available.
Package pdftexcmds Info: \pdf@ifprimitive is available.
Package pdftexcmds Info: \pdfdraftmode found.
)
(/usr/share/texlive/texmf-dist/tex/generic/kvsetkeys/kvsetkeys.sty
Package: kvsetkeys 2019/12/15 v1.18 Key value parser (HO)
)
(/usr/share/texlive/texmf-dist/tex/generic/kvdefinekeys/kvdefinekeys.sty
Package: kvdefinekeys 2019-12-19 v1.6 Define keys (HO)
)
(/usr/share/texlive/texmf-dist/tex/generic/pdfescape/pdfescape.sty
Package: pdfescape 2019/12/09 v1.15 Implements pdfTeX's escape features (HO)
)
(/usr/share/texlive/texmf-dist/tex/latex/hycolor/hycolor.sty
Package: hycolor 2020-01-27 v1.10 Color options for hyperref/bookmark (HO)
)
(/usr/share/texlive/texmf-dist/tex/latex/letltxmacro/letltxmacro.sty
Package: letltxmacro 2019/12/03 v1.6 Let assignment for LaTeX macros (HO)
)
(/usr/share/texlive/texmf-dist/tex/latex/auxhook/auxhook.sty
Package: auxhook 2019-12-17 v1.6 Hooks for auxiliary files (HO)
)
(/usr/share/texlive/texmf-dist/tex/latex/kvoptions/kvoptions.sty
Package: kvoptions 2019/11/29 v3.13 Key value format for package options (HO)
)
\@linkdim=\dimen197
\Hy@linkcounter=\count275
\Hy@pagecounter=\count276

(/usr/share/texlive/texmf-dist/tex/latex/hyperref/pd1enc.def
File: pd1enc.def 2020/01/14 v7.00d Hyperref: PDFDocEncoding definition (HO)
Now handling font encoding PD1 ...
... no UTF-8 mapping file for font encoding PD1
)
(/usr/share/texlive/texmf-dist/tex/generic/intcalc/intcalc.sty
Package: intcalc 2019/12/15 v1.3 Expandable calculations with integers (HO)
)
(/usr/share/texlive/texmf-dist/tex/generic/etexcmds/etexcmds.sty
Package: etexcmds 2019/12/15 v1.7 Avoid name clashes with e-TeX commands (HO)
)
\Hy@SavedSpaceFactor=\count277
\pdfmajorversion=\count278
Package hyperref Info: Option `bookmarks' set `true' on input line 4421.
Package hyperref Info: Option `bookmarksopen' set `true' on input line 4421.
Package hyperref Info: Option `implicit' set `false' on input line 4421.
Package hyperref Info: Hyper figures OFF on input line 4547.
Package hyperref Info: Link nesting OFF on input line 4552.
Package hyperref Info: Hyper index ON on input line 4555.
Package hyperref Info: Plain pages OFF on input line 4562.
Package hyperref Info: Backreferencing OFF on input line 4567.
Package hyperref Info: Implicit mode OFF; no redefinition of LaTeX internals.
Package hyperref Info: Bookmarks ON on input line 4800.
\c@Hy@tempcnt=\count279

(/usr/share/texlive/texmf-dist/tex/latex/url/url.sty
\Urlmuskip=\muskip16
Package: url 2013/09/16  ver 3.4  Verb mode for urls, etc.
)
LaTeX Info: Redefining \url on input line 5159.
\XeTeXLinkMargin=\dimen198

(/usr/share/texlive/texmf-dist/tex/generic/bitset/bitset.sty
Package: bitset 2019/12/09 v1.3 Handle bit-vector datatype (HO)

(/usr/share/texlive/texmf-dist/tex/generic/bigintcalc/bigintcalc.sty
Package: bigintcalc 2019/12/15 v1.5 Expandable calculations on big integers (HO
)
))
\Fld@menulength=\count280
\Field@Width=\dimen199
\Fld@charsize=\dimen256
Package hyperref Info: Hyper figures OFF on input line 6430.
Package hyperref Info: Link nesting OFF on input line 6435.
Package hyperref Info: Hyper index ON on input line 6438.
Package hyperref Info: backreferencing OFF on input line 6445.
Package hyperref Info: Link coloring OFF on input line 6450.
Package hyperref Info: Link coloring with OCG OFF on input line 6455.
Package hyperref Info: PDF/A mode OFF on input line 6460.
LaTeX Info: Redefining \ref on input line 6500.
LaTeX Info: Redefining \pageref on input line 6504.
\Hy@abspage=\count281


Package hyperref Message: Stopped early.

)
Package hyperref Info: Driver (autodetected): hpdftex.
 (/usr/share/texlive/texmf-dist/tex/latex/hyperref/hpdftex.def
File: hpdftex.def 2020/01/14 v7.00d Hyperref driver for pdfTeX

(/usr/share/texlive/texmf-dist/tex/latex/atveryend/atveryend.sty
Package: atveryend 2019-12-11 v1.11 Hooks at the very end of document (HO)
)
\Fld@listcount=\count282
\c@bookmark@seq@number=\count283

(/usr/share/texlive/texmf-dist/tex/latex/rerunfilecheck/rerunfilecheck.sty
Package: rerunfilecheck 2019/12/05 v1.9 Rerun checks for auxiliary files (HO)

(/usr/share/texlive/texmf-dist/tex/generic/uniquecounter/uniquecounter.sty
Package: uniquecounter 2019/12/15 v1.4 Provide unlimited unique counter (HO)
)
Package uniquecounter Info: New unique counter `rerunfilecheck' on input line 2
86.
))
(/usr/share/texlive/texmf-dist/tex/latex/beamer/beamerbaserequires.sty
(/usr/share/texlive/texmf-dist/tex/latex/beamer/beamerbasecompatibility.sty)
(/usr/share/texlive/texmf-dist/tex/latex/beamer/beamerbasefont.sty
(/usr/share/texlive/texmf-dist/tex/latex/amsfonts/amssymb.sty
Package: amssymb 2013/01/14 v3.01 AMS font symbols

(/usr/share/texlive/texmf-dist/tex/latex/amsfonts/amsfonts.sty
Package: amsfonts 2013/01/14 v3.01 Basic AMSFonts support
\@emptytoks=\toks26
\symAMSa=\mathgroup4
\symAMSb=\mathgroup5
LaTeX Font Info:    Redeclaring math symbol \hbar on input line 98.
LaTeX Font Info:    Overwriting math alphabet `\mathfrak' in version `bold'
(Font)                  U/euf/m/n --> U/euf/b/n on input line 106.
))
(/usr/share/texlive/texmf-dist/tex/latex/sansmathaccent/sansmathaccent.sty
Package: sansmathaccent 2020/01/31

(/usr/share/texlive/texmf-dist/tex/latex/koma-script/scrlfile.sty
Package: scrlfile 2020/01/24 v3.29 KOMA-Script package (loading files)
)))
(/usr/share/texlive/texmf-dist/tex/latex/beamer/beamerbasetranslator.sty
(/usr/share/texlive/texmf-dist/tex/latex/translator/translator.sty
Package: translator 2019-05-31 v1.12a Easy translation of strings in LaTeX
))
(/usr/share/texlive/texmf-dist/tex/latex/beamer/beamerbasemisc.sty)
(/usr/share/texlive/texmf-dist/tex/latex/beamer/beamerbasetwoscreens.sty)
(/usr/share/texlive/texmf-dist/tex/latex/beamer/beamerbaseoverlay.sty
\beamer@argscount=\count284
\beamer@lastskipcover=\skip50
\beamer@trivlistdepth=\count285
)
(/usr/share/texlive/texmf-dist/tex/latex/beamer/beamerbasetitle.sty)
(/usr/share/texlive/texmf-dist/tex/latex/beamer/beamerbasesection.sty
\c@lecture=\count286
\c@part=\count287
\c@section=\count288
\c@subsection=\count289
\c@subsubsection=\count290
)
(/usr/share/texlive/texmf-dist/tex/latex/beamer/beamerbaseframe.sty
\beamer@framebox=\box60
\beamer@frametitlebox=\box61
\beamer@zoombox=\box62
\beamer@zoomcount=\count291
\beamer@zoomframecount=\count292
\beamer@frametextheight=\dimen257
\c@subsectionslide=\count293
\beamer@frametopskip=\skip51
\beamer@framebottomskip=\skip52
\beamer@frametopskipautobreak=\skip53
\beamer@framebottomskipautobreak=\skip54
\beamer@envbody=\toks27
\framewidth=\dimen258
\c@framenumber=\count294
)
(/usr/share/texlive/texmf-dist/tex/latex/beamer/beamerbaseverbatim.sty
\beamer@verbatimfileout=\write4
)
(/usr/share/texlive/texmf-dist/tex/latex/beamer/beamerbaseframesize.sty
\beamer@splitbox=\box63
\beamer@autobreakcount=\count295
\beamer@autobreaklastheight=\dimen259
\beamer@frametitletoks=\toks28
\beamer@framesubtitletoks=\toks29
)
(/usr/share/texlive/texmf-dist/tex/latex/beamer/beamerbaseframecomponents.sty
\beamer@footins=\box64
)
(/usr/share/texlive/texmf-dist/tex/latex/beamer/beamerbasecolor.sty)
(/usr/share/texlive/texmf-dist/tex/latex/beamer/beamerbasenotes.sty
\beamer@frameboxcopy=\box65
)
(/usr/share/texlive/texmf-dist/tex/latex/beamer/beamerbasetoc.sty)
(/usr/share/texlive/texmf-dist/tex/latex/beamer/beamerbasetemplates.sty
\beamer@sbttoks=\toks30

(/usr/share/texlive/texmf-dist/tex/latex/beamer/beamerbaseauxtemplates.sty
(/usr/share/texlive/texmf-dist/tex/latex/beamer/beamerbaseboxes.sty
\bmb@box=\box66
\bmb@colorbox=\box67
\bmb@boxshadow=\box68
\bmb@boxshadowball=\box69
\bmb@boxshadowballlarge=\box70
\bmb@temp=\dimen260
\bmb@dima=\dimen261
\bmb@dimb=\dimen262
\bmb@prevheight=\dimen263
)
\beamer@blockheadheight=\dimen264
))
(/usr/share/texlive/texmf-dist/tex/latex/beamer/beamerbaselocalstructure.sty
(/usr/share/texlive/texmf-dist/tex/latex/tools/enumerate.sty
Package: enumerate 2015/07/23 v3.00 enumerate extensions (DPC)
\@enLab=\toks31
)
\c@figure=\count296
\c@table=\count297
\abovecaptionskip=\skip55
\belowcaptionskip=\skip56
)
(/usr/share/texlive/texmf-dist/tex/latex/beamer/beamerbasenavigation.sty
\beamer@section@min@dim=\dimen265
)
(/usr/share/texlive/texmf-dist/tex/latex/beamer/beamerbasetheorems.sty
(/usr/share/texlive/texmf-dist/tex/latex/amsmath/amsmath.sty
Package: amsmath 2020/01/20 v2.17e AMS math features
\@mathmargin=\skip57

For additional information on amsmath, use the `?' option.
(/usr/share/texlive/texmf-dist/tex/latex/amsmath/amstext.sty
Package: amstext 2000/06/29 v2.01 AMS text

(/usr/share/texlive/texmf-dist/tex/latex/amsmath/amsgen.sty
File: amsgen.sty 1999/11/30 v2.0 generic functions
\@emptytoks=\toks32
\ex@=\dimen266
))
(/usr/share/texlive/texmf-dist/tex/latex/amsmath/amsbsy.sty
Package: amsbsy 1999/11/29 v1.2d Bold Symbols
\pmbraise@=\dimen267
)
(/usr/share/texlive/texmf-dist/tex/latex/amsmath/amsopn.sty
Package: amsopn 2016/03/08 v2.02 operator names
)
\inf@bad=\count298
LaTeX Info: Redefining \frac on input line 227.
\uproot@=\count299
\leftroot@=\count300
LaTeX Info: Redefining \overline on input line 389.
\classnum@=\count301
\DOTSCASE@=\count302
LaTeX Info: Redefining \ldots on input line 486.
LaTeX Info: Redefining \dots on input line 489.
LaTeX Info: Redefining \cdots on input line 610.
\Mathstrutbox@=\box71
\strutbox@=\box72
\big@size=\dimen268
LaTeX Font Info:    Redeclaring font encoding OML on input line 733.
LaTeX Font Info:    Redeclaring font encoding OMS on input line 734.
\macc@depth=\count303
\c@MaxMatrixCols=\count304
\dotsspace@=\muskip17
\c@parentequation=\count305
\dspbrk@lvl=\count306
\tag@help=\toks33
\row@=\count307
\column@=\count308
\maxfields@=\count309
\andhelp@=\toks34
\eqnshift@=\dimen269
\alignsep@=\dimen270
\tagshift@=\dimen271
\tagwidth@=\dimen272
\totwidth@=\dimen273
\lineht@=\dimen274
\@envbody=\toks35
\multlinegap=\skip58
\multlinetaggap=\skip59
\mathdisplay@stack=\toks36
LaTeX Info: Redefining \[ on input line 2859.
LaTeX Info: Redefining \] on input line 2860.
)
(/usr/share/texlive/texmf-dist/tex/latex/amscls/amsthm.sty
Package: amsthm 2017/10/31 v2.20.4
\thm@style=\toks37
\thm@bodyfont=\toks38
\thm@headfont=\toks39
\thm@notefont=\toks40
\thm@headpunct=\toks41
\thm@preskip=\skip60
\thm@postskip=\skip61
\thm@headsep=\skip62
\dth@everypar=\toks42
)
\c@theorem=\count310
)
(/usr/share/texlive/texmf-dist/tex/latex/beamer/beamerbasethemes.sty))
(/usr/share/texlive/texmf-dist/tex/latex/beamer/beamerthemedefault.sty
(/usr/share/texlive/texmf-dist/tex/latex/beamer/beamerfontthemedefault.sty)
(/usr/share/texlive/texmf-dist/tex/latex/beamer/beamercolorthemedefault.sty)
(/usr/share/texlive/texmf-dist/tex/latex/beamer/beamerinnerthemedefault.sty
\beamer@dima=\dimen275
\beamer@dimb=\dimen276
)
(/usr/share/texlive/texmf-dist/tex/latex/beamer/beamerouterthemedefault.sty)))
(/usr/share/texlive/texmf-dist/tex/latex/base/inputenc.sty
Package: inputenc 2018/08/11 v1.3c Input encoding file
\inpenc@prehook=\toks43
\inpenc@posthook=\toks44
) (./ufcd.sty
Package: ufcd 2012/04/17 v1.0 Uni Freiburg Coporate Design (HO,SD)

(/home/tom/texmf/tex/latex/ufcd/ufcd-inputenx.sty
Package: ufcd-inputenx 2012/04/17 v1.0 Uni Freiburg Coporate Design (HO)

(/home/tom/texmf/tex/latex/ufcd/ufcd-kvopt.sty
Package: ufcd-kvopt 2012/04/17 v1.0 Uni Freiburg Coporate Design (HO)
)
(/usr/share/texlive/texmf-dist/tex/generic/iftex/ifxetex.sty
Package: ifxetex 2019/10/25 v0.7 ifxetex legacy package. Use iftex instead.
)
(/usr/share/texlive/texmf-dist/tex/latex/inputenx/inputenx.sty
Package: inputenx 2019/11/29 v1.12 Enhanced input encoding handling (HO)
)
(/usr/share/texlive/texmf-dist/tex/latex/inputenx/ix-alias.def))
(/home/tom/texmf/tex/latex/ufcd/beamerthemeufcd.sty
Package: beamerthemeufcd 2012/04/17 v1.0 Uni Freiburg Coporate Design (SD)

(/home/tom/texmf/tex/latex/ufcd/ufcd-config.sty
Package: ufcd-config 2012/04/17 v1.0 Uni Freiburg Coporate Design (HO)
Package ufcd-config Info: Configuration option `mw' added on input line 214.
Package ufcd-config Info: Configuration option `fuest' added on input line 215.

Package ufcd-config Info: Configuration option `iif' added on input line 216.
Package ufcd-config Info: Configuration option `imtek' added on input line 217.

Package ufcd-config Info: Configuration option `tf' added on input line 218.
Package ufcd-config Info: Configuration option `tf-dekanat' added on input line
 219.
Package ufcd-config Info: Configuration option `tf-dekpamt' added on input line
 220.
Package ufcd-config Info: Configuration option `tf-praktikumsamt' added on inpu
t line 221.
Package ufcd-config Info: Configuration option `tf-bibliothek' added on input l
ine 222.
Package ufcd-config Info: Configuration option `template-e1' added on input lin
e 223.
Package ufcd-config Info: Configuration option `template-e2' added on input lin
e 224.
)
(/home/tom/texmf/tex/latex/ufcd/ufcd-lang-opt.sty
Package: ufcd-lang-opt 2012/04/17 v1.0 Uni Freiburg Coporate Design (HO)

(/home/tom/texmf/tex/latex/ufcd/ufcd-lang-setup.sty
Package: ufcd-lang-setup 2012/04/17 v1.0 Uni Freiburg Coporate Design (HO)
))
(/home/tom/texmf/tex/latex/ufcd/ufcd-lang-load.sty
Package: ufcd-lang-load 2012/04/17 v1.0 Uni Freiburg Coporate Design (HO)

(/usr/share/texlive/texmf-dist/tex/generic/babel/babel.sty
Package: babel 2020/02/14 3.40 The Babel package

(/usr/share/texlive/texmf-dist/tex/generic/babel/switch.def
File: switch.def 2020/02/14 3.40 Babel switching mechanism
)
(/usr/share/texlive/texmf-dist/tex/generic/babel-english/english.ldf
Language: english 2017/06/06 v3.3r English support from the babel system

(/usr/share/texlive/texmf-dist/tex/generic/babel/babel.def
File: babel.def 2020/02/14 3.40 Babel common definitions
\babel@savecnt=\count311
\U@D=\dimen277

(/usr/share/texlive/texmf-dist/tex/generic/babel/txtbabel.def)
\bbl@readstream=\read3
LaTeX Info: Redefining \textlatin on input line 2319.
\bbl@dirlevel=\count312
)
Package babel Info: \l@canadian = using hyphenrules for english
(babel)             (\language0) on input line 102.
Package babel Info: \l@australian = using hyphenrules for ukenglish
(babel)             (\language66) on input line 105.
Package babel Info: \l@newzealand = using hyphenrules for ukenglish
(babel)             (\language66) on input line 108.
)
(/usr/share/texlive/texmf-dist/tex/generic/babel-german/ngerman.ldf
Language: ngerman 2018/12/08 v2.11 German support for babel (post-1996 orthogra
phy)

(/usr/share/texlive/texmf-dist/tex/generic/babel-german/ngermanb.ldf
Language: ngermanb 2018/12/08 v2.11 German support for babel (post-1996 orthogr
aphy)
Package babel Info: Making " an active character on input line 121.
))))
(/usr/share/texlive/texmf-dist/tex/latex/base/ifthen.sty
Package: ifthen 2014/09/29 v1.1c Standard LaTeX ifthen package (DPC)
)
(/home/tom/texmf/tex/latex/ufcd/ufcd-base.sty
Package: ufcd-base 2012/04/17 v1.0 Uni Freiburg Coporate Design (HO)

(/usr/share/texlive/texmf-dist/tex/latex/base/fixltx2e.sty
Package: fixltx2e 2016/12/29 v2.1a fixes to LaTeX (obsolete)
Applying: [2015/01/01] Old fixltx2e package on input line 46.


Package fixltx2e Warning: fixltx2e is not required with releases after 2015
(fixltx2e)                All fixes are now in the LaTeX kernel.
(fixltx2e)                See the latexrelease package for details.

Already applied: [0000/00/00] Old fixltx2e package on input line 53.
) (/usr/share/texlive/texmf-dist/tex/latex/etex-pkg/etex.sty
Package: etex 2016/08/01 v2.7 eTeX basic definition package (PEB,DPC)


Package etex Warning: Extended allocation already in use.
(etex)                etex.sty code will not be used.
(etex)                To force etex package to load, add
(etex)                \RequirePackage{etex}
(etex)                at the start of the document.

)) (/home/tom/texmf/tex/latex/ufcd/ufcd-logo.sty
Package: ufcd-logo 2012/04/17 v1.0 Uni Freiburg Coporate Design (HO)
\ufcdWidthI=\skip63
\ufcdHeightI=\skip64
\ufcdSumI=\skip65
\ufcdWidthUNI=\skip66
\ufcdLetterOneWidthI=\skip67
\ufcdLetterOneHeightI=\skip68
\ufcdLetterOneSumI=\skip69
\ufcdLetterOneWidthUNI=\skip70
\ufcdLetterTwoWidthI=\skip71
\ufcdLetterTwoHeightI=\skip72
\ufcdLetterTwoSumI=\skip73
\ufcdLetterTwoWidthUNI=\skip74

(/usr/share/texlive/texmf-dist/tex/latex/grfext/grfext.sty
Package: grfext 2019/12/03 v1.3 Manage graphics extensions (HO)
)
Package grfext Info: Graphics extension search list:
(grfext)             [.eps,.pdf,.png,.jpg,.mps,.jpeg,.jbig2,.jb2,.PDF,.PNG,.JPG
,.JPEG,.JBIG2,.JB2]
(grfext)             \PrependGraphicsExtensions on input line 108.
Package grfext Info: Graphics extension search list:
(grfext)             [.pdf,.eps,.png,.jpg,.mps,.jpeg,.jbig2,.jb2,.PDF,.PNG,.JPG
,.JPEG,.JBIG2,.JB2]
(grfext)             \PrependGraphicsExtensions on input line 109.
)
(/home/tom/texmf/tex/latex/ufcd/ufcd-color.sty
Package: ufcd-color 2012/04/17 v1.0 Uni Freiburg Coporate Design (HO)

(/usr/share/texlive/texmf-dist/tex/latex/hycolor/xcolor-patch.sty
Package: xcolor-patch 2020/01/27 v1.10 xcolor patch

(/usr/share/texlive/texmf-dist/tex/latex/oberdiek/hopatch.sty
Package: hopatch 2016/05/16 v1.3 Wrapper for package hooks (HO)
)))
\beamer@origsidebarwidth=\dimen278
\beamer@origheadheight=\dimen279
\beamer@sidebarwidth=\dimen280
\beamer@headheight=\dimen281
\ufcdTitlepageHeadheight=\dimen282
\ufcd@tempdima=\dimen283
\ufcd@tempdimb=\dimen284
\ufcd@beamersidebarwidthreduced=\dimen285
\ufcd@logowidth=\dimen286
\ufcdBeamerOneWidthI=\skip75
\ufcdBeamerOneHeightI=\skip76
\ufcdBeamerOneSumI=\skip77
\ufcdBeamerOneWidthUNI=\skip78
\ufcdBeamerTwoWidthI=\skip79
\ufcdBeamerTwoHeightI=\skip80
\ufcdBeamerTwoSumI=\skip81
\ufcdBeamerTwoWidthUNI=\skip82

(/home/tom/texmf/tex/latex/ufcd/beamercolorthemeufcd.sty
Package: beamercolorthemeufcd 2012/04/17 v1.0 Uni Freiburg Coporate Design (SD)

)
(/home/tom/texmf/tex/latex/ufcd/beamerfontthemeufcd.sty
Package: beamerfontthemeufcd 2012/04/17 v1.0 Uni Freiburg Coporate Design (SD)

(/home/tom/texmf/tex/latex/ufcd/ufcd-font.sty
Package: ufcd-font 2012/04/17 v1.0 Uni Freiburg Coporate Design (HO)

(/usr/share/texlive/texmf-dist/tex/latex/base/fontenc.sty
Package: fontenc 2020/02/11 v2.0o Standard LaTeX package
)
(/usr/share/texlive/texmf-dist/tex/latex/base/textcomp.sty
Package: textcomp 2020/02/02 v2.0n Standard LaTeX package
)
(/usr/share/texmf/tex/latex/lm/lmodern.sty
Package: lmodern 2009/10/30 v1.6 Latin Modern Fonts
LaTeX Font Info:    Overwriting symbol font `operators' in version `normal'
(Font)                  OT1/cmr/m/n --> OT1/lmr/m/n on input line 22.
LaTeX Font Info:    Overwriting symbol font `letters' in version `normal'
(Font)                  OML/cmm/m/it --> OML/lmm/m/it on input line 23.
LaTeX Font Info:    Overwriting symbol font `symbols' in version `normal'
(Font)                  OMS/cmsy/m/n --> OMS/lmsy/m/n on input line 24.
LaTeX Font Info:    Overwriting symbol font `largesymbols' in version `normal'
(Font)                  OMX/cmex/m/n --> OMX/lmex/m/n on input line 25.
LaTeX Font Info:    Overwriting symbol font `operators' in version `bold'
(Font)                  OT1/cmr/bx/n --> OT1/lmr/bx/n on input line 26.
LaTeX Font Info:    Overwriting symbol font `letters' in version `bold'
(Font)                  OML/cmm/b/it --> OML/lmm/b/it on input line 27.
LaTeX Font Info:    Overwriting symbol font `symbols' in version `bold'
(Font)                  OMS/cmsy/b/n --> OMS/lmsy/b/n on input line 28.
LaTeX Font Info:    Overwriting symbol font `largesymbols' in version `bold'
(Font)                  OMX/cmex/m/n --> OMX/lmex/m/n on input line 29.
LaTeX Font Info:    Overwriting math alphabet `\mathbf' in version `normal'
(Font)                  OT1/cmr/bx/n --> OT1/lmr/bx/n on input line 31.
LaTeX Font Info:    Overwriting math alphabet `\mathsf' in version `normal'
(Font)                  OT1/cmss/m/n --> OT1/lmss/m/n on input line 32.
LaTeX Font Info:    Overwriting math alphabet `\mathit' in version `normal'
(Font)                  OT1/cmr/m/it --> OT1/lmr/m/it on input line 33.
LaTeX Font Info:    Overwriting math alphabet `\mathtt' in version `normal'
(Font)                  OT1/cmtt/m/n --> OT1/lmtt/m/n on input line 34.
LaTeX Font Info:    Overwriting math alphabet `\mathbf' in version `bold'
(Font)                  OT1/cmr/bx/n --> OT1/lmr/bx/n on input line 35.
LaTeX Font Info:    Overwriting math alphabet `\mathsf' in version `bold'
(Font)                  OT1/cmss/bx/n --> OT1/lmss/bx/n on input line 36.
LaTeX Font Info:    Overwriting math alphabet `\mathit' in version `bold'
(Font)                  OT1/cmr/bx/it --> OT1/lmr/bx/it on input line 37.
LaTeX Font Info:    Overwriting math alphabet `\mathtt' in version `bold'
(Font)                  OT1/cmtt/m/n --> OT1/lmtt/m/n on input line 38.
)
(/usr/share/texlive/texmf-dist/tex/latex/psnfss/mathptmx.sty
Package: mathptmx 2005/04/12 PSNFSS-v9.2a Times w/ Math, improved (SPQR, WaS) 
LaTeX Font Info:    Redeclaring symbol font `operators' on input line 28.
LaTeX Font Info:    Overwriting symbol font `operators' in version `normal'
(Font)                  OT1/lmr/m/n --> OT1/ztmcm/m/n on input line 28.
LaTeX Font Info:    Overwriting symbol font `operators' in version `bold'
(Font)                  OT1/lmr/bx/n --> OT1/ztmcm/m/n on input line 28.
LaTeX Font Info:    Redeclaring symbol font `letters' on input line 29.
LaTeX Font Info:    Overwriting symbol font `letters' in version `normal'
(Font)                  OML/lmm/m/it --> OML/ztmcm/m/it on input line 29.
LaTeX Font Info:    Overwriting symbol font `letters' in version `bold'
(Font)                  OML/lmm/b/it --> OML/ztmcm/m/it on input line 29.
LaTeX Font Info:    Redeclaring symbol font `symbols' on input line 30.
LaTeX Font Info:    Overwriting symbol font `symbols' in version `normal'
(Font)                  OMS/lmsy/m/n --> OMS/ztmcm/m/n on input line 30.
LaTeX Font Info:    Overwriting symbol font `symbols' in version `bold'
(Font)                  OMS/lmsy/b/n --> OMS/ztmcm/m/n on input line 30.
LaTeX Font Info:    Redeclaring symbol font `largesymbols' on input line 31.
LaTeX Font Info:    Overwriting symbol font `largesymbols' in version `normal'
(Font)                  OMX/lmex/m/n --> OMX/ztmcm/m/n on input line 31.
LaTeX Font Info:    Overwriting symbol font `largesymbols' in version `bold'
(Font)                  OMX/lmex/m/n --> OMX/ztmcm/m/n on input line 31.
\symbold=\mathgroup6
\symitalic=\mathgroup7
LaTeX Font Info:    Redeclaring math alphabet \mathbf on input line 34.
LaTeX Font Info:    Overwriting math alphabet `\mathbf' in version `normal'
(Font)                  OT1/lmr/bx/n --> OT1/ptm/bx/n on input line 34.
LaTeX Font Info:    Overwriting math alphabet `\mathbf' in version `bold'
(Font)                  OT1/lmr/bx/n --> OT1/ptm/bx/n on input line 34.
LaTeX Font Info:    Redeclaring math alphabet \mathit on input line 35.
LaTeX Font Info:    Overwriting math alphabet `\mathit' in version `normal'
(Font)                  OT1/lmr/m/it --> OT1/ptm/m/it on input line 35.
LaTeX Font Info:    Overwriting math alphabet `\mathit' in version `bold'
(Font)                  OT1/lmr/bx/it --> OT1/ptm/m/it on input line 35.
LaTeX Info: Redefining \hbar on input line 50.
)
(/usr/share/texmf/tex/latex/tex-gyre/tgtermes.sty
Package: tgtermes 2009/09/27 v1.2 TeX Gyre Termes as default roman family
)
LaTeX Font Info:    Redeclaring symbol font `bold' on input line 129.
LaTeX Font Info:    Overwriting symbol font `bold' in version `normal'
(Font)                  OT1/ptm/bx/n --> OT1/qtm/bx/n on input line 129.
LaTeX Font Info:    Overwriting symbol font `bold' in version `bold'
(Font)                  OT1/ptm/bx/n --> OT1/qtm/bx/n on input line 129.
LaTeX Font Info:    Redeclaring symbol font `italic' on input line 129.
LaTeX Font Info:    Overwriting symbol font `italic' in version `normal'
(Font)                  OT1/ptm/m/it --> OT1/qtm/m/it on input line 129.
LaTeX Font Info:    Overwriting symbol font `italic' in version `bold'
(Font)                  OT1/ptm/m/it --> OT1/qtm/m/it on input line 129.
LaTeX Font Info:    Redeclaring math alphabet \mathbf on input line 129.
LaTeX Font Info:    Overwriting math alphabet `\mathbf' in version `normal'
(Font)                  OT1/ptm/bx/n --> OT1/qtm/bx/n on input line 129.
LaTeX Font Info:    Overwriting math alphabet `\mathbf' in version `bold'
(Font)                  OT1/ptm/bx/n --> OT1/qtm/bx/n on input line 129.
LaTeX Font Info:    Redeclaring math alphabet \mathit on input line 129.
LaTeX Font Info:    Overwriting math alphabet `\mathit' in version `normal'
(Font)                  OT1/ptm/m/it --> OT1/qtm/m/it on input line 129.
LaTeX Font Info:    Overwriting math alphabet `\mathit' in version `bold'
(Font)                  OT1/ptm/m/it --> OT1/qtm/m/it on input line 129.

(/usr/share/texmf/tex/latex/tex-gyre/tgheros.sty
Package: tgheros 2009/09/27 v1.2 TeX Gyre Heros as default sans serif family
)
LaTeX Font Info:    Redeclaring math alphabet \mathsf on input line 155.
LaTeX Font Info:    Overwriting math alphabet `\mathsf' in version `normal'
(Font)                  OT1/lmss/m/n --> OT1/qhv/m/n on input line 155.
LaTeX Font Info:    Overwriting math alphabet `\mathsf' in version `bold'
(Font)                  OT1/lmss/bx/n --> OT1/qhv/m/n on input line 155.
LaTeX Info: Redefining \em on input line 158.
))
(/home/tom/texmf/tex/latex/ufcd/beamerinnerthemeufcd.sty
Package: beamerinnerthemeufcd 2012/04/17 v1.0 Uni Freiburg Coporate Design (SD)

)
(/home/tom/texmf/tex/latex/ufcd/beamerouterthemeufcd.sty
Package: beamerouterthemeufcd 2012/04/17 v1.0 Uni Freiburg Coporate Design (SD)

)))
(/usr/share/texlive/texmf-dist/tex/latex/lipsum/lipsum.sty
(/usr/share/texlive/texmf-dist/tex/latex/l3kernel/expl3.sty
Package: expl3 2020-02-14 L3 programming layer (loader) 

(/usr/share/texlive/texmf-dist/tex/latex/l3backend/l3backend-pdfmode.def
File: l3backend-pdfmode.def 2020-02-03 L3 backend support: PDF mode
\l__kernel_color_stack_int=\count313
\l__pdf_internal_box=\box73
))
(/usr/share/texlive/texmf-dist/tex/latex/l3packages/xparse/xparse.sty
Package: xparse 2020-02-14 L3 Experimental document command parser
\l__xparse_current_arg_int=\count314
\g__xparse_grabber_int=\count315
\l__xparse_m_args_int=\count316
\l__xparse_v_nesting_int=\count317
)
Package: lipsum 2019/01/02 v2.2 150 paragraphs of Lorem Ipsum dummy text

(/usr/share/texlive/texmf-dist/tex/latex/lipsum/lipsum.ltd.tex
File: lipsum.ltd.tex 2019/01/02 v2.2 The Lorem ipsum dummy text
))
(/usr/share/texlive/texmf-dist/tex/latex/textpos/textpos.sty
Package: textpos 2019/04/15 v1.9.1

Package: textpos 2019/04/15 1.9.1, absolute positioning of text on the page
\TP@textbox=\box74
\TPHorizModule=\dimen287
\TPVertModule=\dimen288
\TP@margin=\dimen289
\TP@absmargin=\dimen290
Grid set 16 x 16 = 28.45274pt x 16.00467pt
\TPboxrulesize=\dimen291
\TP@tbargs=\toks45
\TP@prevdepth=\dimen292
) (/usr/share/texlive/texmf-dist/tex/latex/svg/svg.sty
Package: svg 2020/01/13 v2.02e (include SVG pictures)

(/usr/share/texlive/texmf-dist/tex/latex/koma-script/scrbase.sty
Package: scrbase 2020/01/24 v3.29 KOMA-Script package (KOMA-Script-independent 
basics and keyval usage)
)
(/usr/share/texlive/texmf-dist/tex/latex/tools/shellesc.sty
Package: shellesc 2019/11/08 v1.0c unified shell escape interface for LaTeX
Package shellesc Info: Restricted shell escape enabled on input line 77.
)
(/usr/share/texlive/texmf-dist/tex/latex/trimspaces/trimspaces.sty
Package: trimspaces 2009/09/17 v1.1 Trim spaces around a token list
)
\svg@box=\box75
\c@svg@param@lastpage=\count318
\c@svg@param@currpage=\count319
)
(/usr/share/texlive/texmf-dist/tex/latex/transparent/transparent.sty
Package: transparent 2019/11/29 v1.4 Transparency via pdfTeX's color stack (HO)

)
(/usr/share/texlive/texmf-dist/tex/latex/cmbright/cmbright.sty
Package: cmbright 2005/04/13 v8.1 (WaS)
LaTeX Font Info:    Redeclaring symbol font `operators' on input line 29.
LaTeX Font Info:    Overwriting symbol font `operators' in version `normal'
(Font)                  OT1/ztmcm/m/n --> OT1/cmbr/m/n on input line 29.
LaTeX Font Info:    Overwriting symbol font `operators' in version `bold'
(Font)                  OT1/ztmcm/m/n --> OT1/cmbr/m/n on input line 29.
LaTeX Font Info:    Redeclaring symbol font `letters' on input line 30.
LaTeX Font Info:    Overwriting symbol font `letters' in version `normal'
(Font)                  OML/ztmcm/m/it --> OML/cmbrm/m/it on input line 30.
LaTeX Font Info:    Overwriting symbol font `letters' in version `bold'
(Font)                  OML/ztmcm/m/it --> OML/cmbrm/m/it on input line 30.
LaTeX Font Info:    Overwriting symbol font `letters' in version `bold'
(Font)                  OML/cmbrm/m/it --> OML/cmbrm/b/it on input line 31.
LaTeX Font Info:    Redeclaring symbol font `symbols' on input line 32.
LaTeX Font Info:    Overwriting symbol font `symbols' in version `normal'
(Font)                  OMS/ztmcm/m/n --> OMS/cmbrs/m/n on input line 32.
LaTeX Font Info:    Overwriting symbol font `symbols' in version `bold'
(Font)                  OMS/ztmcm/m/n --> OMS/cmbrs/m/n on input line 32.
LaTeX Font Info:    Redeclaring math alphabet \mathit on input line 33.
LaTeX Font Info:    Overwriting math alphabet `\mathit' in version `normal'
(Font)                  OT1/qtm/m/it --> OT1/cmbr/m/sl on input line 33.
LaTeX Font Info:    Overwriting math alphabet `\mathit' in version `bold'
(Font)                  OT1/qtm/m/it --> OT1/cmbr/m/sl on input line 33.
LaTeX Font Info:    Redeclaring math alphabet \mathbf on input line 34.
LaTeX Font Info:    Overwriting math alphabet `\mathbf' in version `normal'
(Font)                  OT1/qtm/bx/n --> OT1/cmbr/bx/n on input line 34.
LaTeX Font Info:    Overwriting math alphabet `\mathbf' in version `bold'
(Font)                  OT1/qtm/bx/n --> OT1/cmbr/bx/n on input line 34.
LaTeX Font Info:    Redeclaring math alphabet \mathtt on input line 35.
LaTeX Font Info:    Overwriting math alphabet `\mathtt' in version `normal'
(Font)                  OT1/lmtt/m/n --> OT1/cmtl/m/n on input line 35.
LaTeX Font Info:    Overwriting math alphabet `\mathtt' in version `bold'
(Font)                  OT1/lmtt/m/n --> OT1/cmtl/m/n on input line 35.
LaTeX Font Info:    Redeclaring math symbol \alpha on input line 37.
LaTeX Font Info:    Redeclaring math symbol \beta on input line 38.
LaTeX Font Info:    Redeclaring math symbol \gamma on input line 39.
LaTeX Font Info:    Redeclaring math symbol \delta on input line 40.
LaTeX Font Info:    Redeclaring math symbol \epsilon on input line 41.
LaTeX Font Info:    Redeclaring math symbol \zeta on input line 42.
LaTeX Font Info:    Redeclaring math symbol \eta on input line 43.
LaTeX Font Info:    Redeclaring math symbol \theta on input line 44.
LaTeX Font Info:    Redeclaring math symbol \iota on input line 45.
LaTeX Font Info:    Redeclaring math symbol \kappa on input line 46.
LaTeX Font Info:    Redeclaring math symbol \lambda on input line 47.
LaTeX Font Info:    Redeclaring math symbol \mu on input line 48.
LaTeX Font Info:    Redeclaring math symbol \nu on input line 49.
LaTeX Font Info:    Redeclaring math symbol \xi on input line 50.
LaTeX Font Info:    Redeclaring math symbol \pi on input line 51.
LaTeX Font Info:    Redeclaring math symbol \rho on input line 52.
LaTeX Font Info:    Redeclaring math symbol \sigma on input line 53.
LaTeX Font Info:    Redeclaring math symbol \tau on input line 54.
LaTeX Font Info:    Redeclaring math symbol \upsilon on input line 55.
LaTeX Font Info:    Redeclaring math symbol \phi on input line 56.
LaTeX Font Info:    Redeclaring math symbol \chi on input line 57.
LaTeX Font Info:    Redeclaring math symbol \psi on input line 58.
LaTeX Font Info:    Redeclaring math symbol \omega on input line 59.
LaTeX Font Info:    Redeclaring math symbol \varepsilon on input line 60.
LaTeX Font Info:    Redeclaring math symbol \vartheta on input line 61.
LaTeX Font Info:    Redeclaring math symbol \varpi on input line 62.
LaTeX Font Info:    Redeclaring math symbol \varrho on input line 63.
LaTeX Font Info:    Redeclaring math symbol \varsigma on input line 64.
LaTeX Font Info:    Redeclaring math symbol \varphi on input line 65.
LaTeX Info: Redefining \LaTeX on input line 129.
LaTeX Info: Redefining \LaTeXe on input line 139.
LaTeX Font Info:    Trying to load font information for T1+cmbr on input line 1
44.

(/usr/share/texlive/texmf-dist/tex/latex/cmbright/t1cmbr.fd
File: t1cmbr.fd 2005/04/13 v8.1 (WaS)
))
(/usr/share/texlive/texmf-dist/tex/latex/adjustbox/adjustbox.sty
Package: adjustbox 2019/01/04 v1.2 Adjusting TeX boxes (trim, clip, ...)

(/usr/share/texlive/texmf-dist/tex/latex/xkeyval/xkeyval.sty
Package: xkeyval 2014/12/03 v2.7a package option processing (HA)

(/usr/share/texlive/texmf-dist/tex/generic/xkeyval/xkeyval.tex
(/usr/share/texlive/texmf-dist/tex/generic/xkeyval/xkvutils.tex
\XKV@toks=\toks46
\XKV@tempa@toks=\toks47
)
\XKV@depth=\count320
File: xkeyval.tex 2014/12/03 v2.7a key=value parser (HA)
))
(/usr/share/texlive/texmf-dist/tex/latex/adjustbox/adjcalc.sty
Package: adjcalc 2012/05/16 v1.1 Provides advanced setlength with multiple back
-ends (calc, etex, pgfmath)
)
(/usr/share/texlive/texmf-dist/tex/latex/adjustbox/trimclip.sty
Package: trimclip 2018/04/08 v1.1 Trim and clip general TeX material

(/usr/share/texlive/texmf-dist/tex/latex/collectbox/collectbox.sty
Package: collectbox 2012/05/17 v0.4b Collect macro arguments as boxes
\collectedbox=\box76
)
\tc@llx=\dimen293
\tc@lly=\dimen294
\tc@urx=\dimen295
\tc@ury=\dimen296
Package trimclip Info: Using driver 'tc-pdftex.def'.

(/usr/share/texlive/texmf-dist/tex/latex/adjustbox/tc-pdftex.def
File: tc-pdftex.def 2019/01/04 v2.2 Clipping driver for pdftex
))
\adjbox@Width=\dimen297
\adjbox@Height=\dimen298
\adjbox@Depth=\dimen299
\adjbox@Totalheight=\dimen300
\adjbox@pwidth=\dimen301
\adjbox@pheight=\dimen302
\adjbox@pdepth=\dimen303
\adjbox@ptotalheight=\dimen304

(/usr/share/texlive/texmf-dist/tex/latex/ifoddpage/ifoddpage.sty
Package: ifoddpage 2016/04/23 v1.1 Conditionals for odd/even page detection
\c@checkoddpage=\count321
)
(/usr/share/texlive/texmf-dist/tex/latex/varwidth/varwidth.sty
Package: varwidth 2009/03/30 ver 0.92;  Variable-width minipages
\@vwid@box=\box77
\sift@deathcycles=\count322
\@vwid@loff=\dimen305
\@vwid@roff=\dimen306
))
(/usr/share/texlive/texmf-dist/tex/latex/pdfpages/pdfpages.sty
Package: pdfpages 2020/01/28 v0.5q Insert pages of external PDF documents (AM)

(/usr/share/texlive/texmf-dist/tex/latex/tools/calc.sty
Package: calc 2017/05/25 v4.3 Infix arithmetic (KKT,FJ)
\calc@Acount=\count323
\calc@Bcount=\count324
\calc@Adimen=\dimen307
\calc@Bdimen=\dimen308
\calc@Askip=\skip83
\calc@Bskip=\skip84
LaTeX Info: Redefining \setlength on input line 80.
LaTeX Info: Redefining \addtolength on input line 81.
\calc@Ccount=\count325
\calc@Cskip=\skip85
)
(/usr/share/texlive/texmf-dist/tex/latex/eso-pic/eso-pic.sty
Package: eso-pic 2018/04/12 v2.0h eso-pic (RN)
)
\AM@pagewidth=\dimen309
\AM@pageheight=\dimen310

(/usr/share/texlive/texmf-dist/tex/latex/pdfpages/pppdftex.def
File: pppdftex.def 2020/01/28 v0.5q Pdfpages driver for pdfTeX (AM)
)
\AM@pagebox=\box78
\AM@global@opts=\toks48
\AM@pagecnt=\count326
\AM@toc@title=\toks49
\c@AM@survey=\count327
\AM@templatesizebox=\box79
)
(/usr/share/texlive/texmf-dist/tex/latex/appendixnumberbeamer/appendixnumberbea
mer.sty) (/usr/share/texlive/texmf-dist/tex/latex/beamer/multimedia.sty
Package: multimedia 2012/05/02 ver 0.02
\mm@movie=\count328
)
(/usr/share/texlive/texmf-dist/tex/latex/pdfpc-movie/pdfpc-movie.sty
Package: pdfpc-movie 2018/07/21 v1.0 pdfpc compatible hyperlinking of movies

(/usr/share/texlive/texmf-dist/tex/latex/pgf/utilities/pgfkeys.sty
(/usr/share/texlive/texmf-dist/tex/generic/pgf/utilities/pgfkeys.code.tex))
\pdfpcmovie@remopts=\count329
\pdfpcmovie@posterbox=\box80
\pdfpcmovie@posterwd=\dimen311
\pdfpcmovie@posterht=\dimen312
\pdfpcmovie@posterdp=\dimen313
)
(/usr/share/texlive/texmf-dist/tex/latex/units/nicefrac.sty
Package: nicefrac 1998/08/04 v0.9b Nice fractions
\L@UnitsRaiseDisplaystyle=\skip86
\L@UnitsRaiseTextstyle=\skip87
\L@UnitsRaiseScriptstyle=\skip88
)
(/usr/share/texlive/texmf-dist/tex/latex/braket/braket.sty)
(/usr/share/texlive/texmf-dist/tex/latex/booktabs/booktabs.sty
Package: booktabs 2020/01/12 v1.61803398 Publication quality tables
\heavyrulewidth=\dimen314
\lightrulewidth=\dimen315
\cmidrulewidth=\dimen316
\belowrulesep=\dimen317
\belowbottomsep=\dimen318
\aboverulesep=\dimen319
\abovetopsep=\dimen320
\cmidrulesep=\dimen321
\cmidrulekern=\dimen322
\defaultaddspace=\dimen323
\@cmidla=\count330
\@cmidlb=\count331
\@aboverulesep=\dimen324
\@belowrulesep=\dimen325
\@thisruleclass=\count332
\@lastruleclass=\count333
\@thisrulewidth=\dimen326
)
(/usr/share/texlive/texmf-dist/tex/latex/siunitx/siunitx.sty
Package: siunitx 2020/01/15 v2.7u A comprehensive (SI) units package

(/usr/share/texlive/texmf-dist/tex/latex/tools/array.sty
Package: array 2019/08/31 v2.4l Tabular extension package (FMi)
\col@sep=\dimen327
\ar@mcellbox=\box81
\extrarowheight=\dimen328
\NC@list=\toks50
\extratabsurround=\skip89
\backup@length=\skip90
\ar@cellbox=\box82
)
(/usr/share/texlive/texmf-dist/tex/latex/l3packages/l3keys2e/l3keys2e.sty
Package: l3keys2e 2020-02-14 LaTeX2e option processing using LaTeX3 keys
)
\l__siunitx_tmp_box=\box83
\l__siunitx_tmp_dim=\dimen329
\l__siunitx_tmp_int=\count334
\l__siunitx_number_mantissa_length_int=\count335
\l__siunitx_number_uncert_length_int=\count336
\l__siunitx_round_int=\count337
\l__siunitx_process_decimal_int=\count338
\l__siunitx_process_uncertainty_int=\count339
\l__siunitx_process_fixed_int=\count340
\l__siunitx_process_integer_min_int=\count341
\l__siunitx_process_precision_int=\count342
\l__siunitx_group_min_int=\count343
\l__siunitx_angle_marker_box=\box84
\l__siunitx_angle_unit_box=\box85
\l__siunitx_angle_marker_dim=\dimen330
\l__siunitx_angle_unit_dim=\dimen331
\l__siunitx_unit_int=\count344
\l__siunitx_unit_denominator_int=\count345
\l__siunitx_unit_numerator_int=\count346
\l__siunitx_unit_prefix_int=\count347
\l__siunitx_unit_prefix_base_int=\count348
\l__siunitx_unit_prefix_gram_int=\count349
\l__siunitx_number_product_int=\count350
\c__siunitx_one_fill_skip=\skip91
\l__siunitx_table_unit_align_skip=\skip92
\l__siunitx_table_exponent_dim=\dimen332
\l__siunitx_table_integer_dim=\dimen333
\l__siunitx_table_mantissa_dim=\dimen334
\l__siunitx_table_marker_dim=\dimen335
\l__siunitx_table_result_dim=\dimen336
\l__siunitx_table_uncert_dim=\dimen337
\l__siunitx_table_fill_pre_dim=\dimen338
\l__siunitx_table_fill_post_dim=\dimen339
\l__siunitx_table_fill_mid_dim=\dimen340
\l__siunitx_table_pre_box=\box86
\l__siunitx_table_post_box=\box87
\l__siunitx_table_mantissa_box=\box88
\l__siunitx_table_result_box=\box89
\l__siunitx_table_number_align_skip=\skip93
\l__siunitx_table_text_align_skip=\skip94
)

Package siunitx Warning: Version 1 option 'alsoload' detected.

(/usr/share/texlive/texmf-dist/tex/latex/siunitx/siunitx-version-1.cfg
File: siunitx-version-1.cfg 2017/11/26 v2.7k siunitx: Version 1 settings
)

Package hyperref Warning: Token not allowed in a PDF string (PDFDocEncoding):
(hyperref)                removing `\\' on input line 75.

(./talk.aux (./title.aux) (./overview.aux) (./setup.aux) (./sequence.aux)
(./results.aux) (./final_remarks.aux))
\openout1 = `talk.aux'.

LaTeX Font Info:    Checking defaults for OML/cmm/m/it on input line 78.
LaTeX Font Info:    ... okay on input line 78.
LaTeX Font Info:    Checking defaults for OMS/cmsy/m/n on input line 78.
LaTeX Font Info:    ... okay on input line 78.
LaTeX Font Info:    Checking defaults for OT1/cmr/m/n on input line 78.
LaTeX Font Info:    ... okay on input line 78.
LaTeX Font Info:    Checking defaults for T1/cmr/m/n on input line 78.
LaTeX Font Info:    ... okay on input line 78.
LaTeX Font Info:    Checking defaults for TS1/cmr/m/n on input line 78.
LaTeX Font Info:    ... okay on input line 78.
LaTeX Font Info:    Checking defaults for OMX/cmex/m/n on input line 78.
LaTeX Font Info:    ... okay on input line 78.
LaTeX Font Info:    Checking defaults for U/cmr/m/n on input line 78.
LaTeX Font Info:    ... okay on input line 78.
LaTeX Font Info:    Checking defaults for PD1/pdf/m/n on input line 78.
LaTeX Font Info:    ... okay on input line 78.

*geometry* driver: auto-detecting
*geometry* detected driver: pdftex
*geometry* verbose mode - [ preamble ] result:
* driver: pdftex
* paper: custom
* layout: <same size as paper>
* layoutoffset:(h,v)=(0.0pt,0.0pt)
* modes: includehead includefoot 
* h-part:(L,W,R)=(14.22636pt, 406.87451pt, 34.1432pt)
* v-part:(T,H,B)=(0.0pt, 256.0748pt, 0.0pt)
* \paperwidth=455.24408pt
* \paperheight=256.0748pt
* \textwidth=406.87451pt
* \textheight=227.62207pt
* \oddsidemargin=-58.04362pt
* \evensidemargin=-58.04362pt
* \topmargin=-72.26999pt
* \headheight=14.22636pt
* \headsep=0.0pt
* \topskip=11.0pt
* \footskip=14.22636pt
* \marginparwidth=4.0pt
* \marginparsep=10.0pt
* \columnsep=10.0pt
* \skip\footins=10.0pt plus 4.0pt minus 2.0pt
* \hoffset=0.0pt
* \voffset=0.0pt
* \mag=1000
* \@twocolumnfalse
* \@twosidefalse
* \@mparswitchfalse
* \@reversemarginfalse
* (1in=72.27pt=25.4mm, 1cm=28.453pt)

(/usr/share/texlive/texmf-dist/tex/context/base/mkii/supp-pdf.mkii
[Loading MPS to PDF converter (version 2006.09.02).]
\scratchcounter=\count351
\scratchdimen=\dimen341
\scratchbox=\box90
\nofMPsegments=\count352
\nofMParguments=\count353
\everyMPshowfont=\toks51
\MPscratchCnt=\count354
\MPscratchDim=\dimen342
\MPnumerator=\count355
\makeMPintoPDFobject=\count356
\everyMPtoPDFconversion=\toks52
) (/usr/share/texlive/texmf-dist/tex/latex/epstopdf-pkg/epstopdf-base.sty
Package: epstopdf-base 2020-01-24 v2.11 Base part for package epstopdf
Package epstopdf-base Info: Redefining graphics rule for `.eps' on input line 4
85.
Package grfext Info: Graphics extension search list:
(grfext)             [.pdf,.png,.jpg,.mps,.jpeg,.jbig2,.jb2,.PDF,.PNG,.JPG,.JPE
G,.JBIG2,.JB2,.eps]
(grfext)             \AppendGraphicsExtensions on input line 504.

(/usr/share/texlive/texmf-dist/tex/latex/latexconfig/epstopdf-sys.cfg
File: epstopdf-sys.cfg 2010/07/13 v1.3 Configuration of (r)epstopdf for TeX Liv
e
))
ABD: EveryShipout initializing macros
\AtBeginShipoutBox=\box91
Package hyperref Info: Link coloring OFF on input line 78.

(/usr/share/texlive/texmf-dist/tex/latex/hyperref/nameref.sty
Package: nameref 2019/09/16 v2.46 Cross-referencing by name of section

(/usr/share/texlive/texmf-dist/tex/latex/refcount/refcount.sty
Package: refcount 2019/12/15 v3.6 Data extraction from label references (HO)
)
(/usr/share/texlive/texmf-dist/tex/generic/gettitlestring/gettitlestring.sty
Package: gettitlestring 2019/12/15 v1.6 Cleanup title references (HO)
)
\c@section@level=\count357
)
LaTeX Info: Redefining \ref on input line 78.
LaTeX Info: Redefining \pageref on input line 78.
LaTeX Info: Redefining \nameref on input line 78.

(./talk.out) (./talk.out)
\@outlinefile=\write5
\openout5 = `talk.out'.

LaTeX Font Info:    Overwriting symbol font `operators' in version `normal'
(Font)                  OT1/cmbr/m/n --> OT1/cmss/m/n on input line 78.
LaTeX Font Info:    Overwriting symbol font `operators' in version `bold'
(Font)                  OT1/cmbr/m/n --> OT1/cmss/b/n on input line 78.
LaTeX Font Info:    Overwriting symbol font `operators' in version `normal'
(Font)                  OT1/cmss/m/n --> OT1/cmbr/m/n on input line 78.
LaTeX Font Info:    Overwriting symbol font `operators' in version `bold'
(Font)                  OT1/cmss/b/n --> OT1/cmbr/b/n on input line 78.
\symnumbers=\mathgroup8
\sympureletters=\mathgroup9
LaTeX Font Info:    Overwriting math alphabet `\mathrm' in version `normal'
(Font)                  OT1/cmbr/m/n --> T1/qtm/m/n on input line 78.
LaTeX Font Info:    Redeclaring math alphabet \mathbf on input line 78.
LaTeX Font Info:    Overwriting math alphabet `\mathbf' in version `normal'
(Font)                  OT1/cmbr/bx/n --> T1/cmbr/b/n on input line 78.
LaTeX Font Info:    Overwriting math alphabet `\mathbf' in version `bold'
(Font)                  OT1/cmbr/bx/n --> T1/cmbr/b/n on input line 78.
LaTeX Font Info:    Redeclaring math alphabet \mathsf on input line 78.
LaTeX Font Info:    Overwriting math alphabet `\mathsf' in version `normal'
(Font)                  OT1/qhv/m/n --> T1/cmbr/m/n on input line 78.
LaTeX Font Info:    Overwriting math alphabet `\mathsf' in version `bold'
(Font)                  OT1/qhv/m/n --> T1/cmbr/m/n on input line 78.
LaTeX Font Info:    Redeclaring math alphabet \mathit on input line 78.
LaTeX Font Info:    Overwriting math alphabet `\mathit' in version `normal'
(Font)                  OT1/cmbr/m/sl --> T1/cmbr/m/it on input line 78.
LaTeX Font Info:    Overwriting math alphabet `\mathit' in version `bold'
(Font)                  OT1/cmbr/m/sl --> T1/cmbr/m/it on input line 78.
LaTeX Font Info:    Redeclaring math alphabet \mathtt on input line 78.
LaTeX Font Info:    Overwriting math alphabet `\mathtt' in version `normal'
(Font)                  OT1/cmtl/m/n --> T1/cmtl/m/n on input line 78.
LaTeX Font Info:    Overwriting math alphabet `\mathtt' in version `bold'
(Font)                  OT1/cmtl/m/n --> T1/cmtl/m/n on input line 78.
LaTeX Font Info:    Overwriting symbol font `numbers' in version `bold'
(Font)                  T1/cmbr/m/n --> T1/cmbr/b/n on input line 78.
LaTeX Font Info:    Overwriting symbol font `pureletters' in version `bold'
(Font)                  T1/cmbr/m/it --> T1/cmbr/b/it on input line 78.
LaTeX Font Info:    Overwriting math alphabet `\mathrm' in version `bold'
(Font)                  OT1/cmbr/b/n --> T1/qtm/b/n on input line 78.
LaTeX Font Info:    Overwriting math alphabet `\mathbf' in version `bold'
(Font)                  T1/cmbr/b/n --> T1/cmbr/b/n on input line 78.
LaTeX Font Info:    Overwriting math alphabet `\mathsf' in version `bold'
(Font)                  T1/cmbr/m/n --> T1/cmbr/b/n on input line 78.
LaTeX Font Info:    Overwriting math alphabet `\mathit' in version `bold'
(Font)                  T1/cmbr/m/it --> T1/cmbr/b/it on input line 78.
LaTeX Font Info:    Overwriting math alphabet `\mathtt' in version `bold'
(Font)                  T1/cmtl/m/n --> T1/cmtl/b/n on input line 78.

(/usr/share/texlive/texmf-dist/tex/latex/translator/translator-basic-dictionary
-English.dict
Dictionary: translator-basic-dictionary, Language: English 
)
(/usr/share/texlive/texmf-dist/tex/latex/translator/translator-bibliography-dic
tionary-English.dict
Dictionary: translator-bibliography-dictionary, Language: English 
)
(/usr/share/texlive/texmf-dist/tex/latex/translator/translator-environment-dict
ionary-English.dict
Dictionary: translator-environment-dictionary, Language: English 
)
(/usr/share/texlive/texmf-dist/tex/latex/translator/translator-months-dictionar
y-English.dict
Dictionary: translator-months-dictionary, Language: English 
)
(/usr/share/texlive/texmf-dist/tex/latex/translator/translator-numbers-dictiona
ry-English.dict
Dictionary: translator-numbers-dictionary, Language: English 
)
(/usr/share/texlive/texmf-dist/tex/latex/translator/translator-theorem-dictiona
ry-English.dict
Dictionary: translator-theorem-dictionary, Language: English 
)
(/usr/share/texlive/texmf-dist/tex/latex/pdflscape/pdflscape.sty
Package: pdflscape 2019/12/05 v0.12 Display of landscape pages in PDF (HO)

(/usr/share/texlive/texmf-dist/tex/latex/graphics/lscape.sty
Package: lscape 2000/10/22 v3.01 Landscape Pages (DPC)
)
Package pdflscape Info: Auto-detected driver: pdftex on input line 81.
)
(/usr/share/texlive/texmf-dist/tex/latex/siunitx/siunitx-abbreviations.cfg
File: siunitx-abbreviations.cfg 2017/11/26 v2.7k siunitx: Abbreviated units
)
(./talk.nav)
<ufcd-logo-e1-left-a4-color.pdf, id=15, 140.06326pt x 164.99643pt>
File: ufcd-logo-e1-left-a4-color.pdf Graphic file (type pdf)
<use ufcd-logo-e1-left-a4-color.pdf>
Package pdftex.def Info: ufcd-logo-e1-left-a4-color.pdf  used on input line 78.

(pdftex.def)             Requested size: 53.22458pt x 62.69928pt.
LaTeX Font Info:    Trying to load font information for OT1+cmbr on input line 
78.
 (/usr/share/texlive/texmf-dist/tex/latex/cmbright/ot1cmbr.fd
File: ot1cmbr.fd 2005/04/13 v8.1 (WaS)
)
LaTeX Font Info:    Trying to load font information for OML+cmbrm on input line
 78.

(/usr/share/texlive/texmf-dist/tex/latex/cmbright/omlcmbrm.fd
File: omlcmbrm.fd 2005/04/13 v8.1 (WaS)
)
LaTeX Font Info:    Trying to load font information for OMS+cmbrs on input line
 78.

(/usr/share/texlive/texmf-dist/tex/latex/cmbright/omscmbrs.fd
File: omscmbrs.fd 2005/04/13 v8.1 (WaS)
)
LaTeX Font Info:    Trying to load font information for OMX+ztmcm on input line
 78.

(/usr/share/texlive/texmf-dist/tex/latex/psnfss/omxztmcm.fd
File: omxztmcm.fd 2000/01/03 Fontinst v1.801 font definitions for OMX/ztmcm.
)
LaTeX Font Info:    Trying to load font information for OT1+qtm on input line 7
8.

(/usr/share/texmf/tex/latex/tex-gyre/ot1qtm.fd
File: ot1qtm.fd 2009/09/25 v1.2 font definition file for OT1/qtm
)
LaTeX Font Info:    Font shape `OT1/qtm/bx/n' in size <10.95> not available
(Font)              Font shape `OT1/qtm/b/n' tried instead on input line 78.
LaTeX Font Info:    Font shape `OT1/qtm/bx/n' in size <8> not available
(Font)              Font shape `OT1/qtm/b/n' tried instead on input line 78.
LaTeX Font Info:    Font shape `OT1/qtm/bx/n' in size <6> not available
(Font)              Font shape `OT1/qtm/b/n' tried instead on input line 78.
LaTeX Font Info:    Font shape `T1/cmbr/m/it' in size <10.95> not available
(Font)              Font shape `T1/cmbr/m/sl' tried instead on input line 78.
LaTeX Font Info:    Font shape `T1/cmbr/m/it' in size <8> not available
(Font)              Font shape `T1/cmbr/m/sl' tried instead on input line 78.
LaTeX Font Info:    Font shape `T1/cmbr/m/it' in size <6> not available
(Font)              Font shape `T1/cmbr/m/sl' tried instead on input line 78.
LaTeX Font Info:    Trying to load font information for T1+cmtl on input line 7
8.

(/usr/share/texlive/texmf-dist/tex/latex/cmbright/t1cmtl.fd
File: t1cmtl.fd 2005/04/13 v8.1 (WaS)
)
\openout2 = `title.aux'.

 (./title.tex
LaTeX Font Info:    Trying to load font information for T1+qtm on input line 3.


(/usr/share/texmf/tex/latex/tex-gyre/t1qtm.fd
File: t1qtm.fd 2009/09/25 v1.2 font definition file for T1/qtm
)
File: ufcd-logo-e1-left-a4-color.pdf Graphic file (type pdf)
<use ufcd-logo-e1-left-a4-color.pdf>
Package pdftex.def Info: ufcd-logo-e1-left-a4-color.pdf  used on input line 3.
(pdftex.def)             Requested size: 53.22458pt x 62.69928pt.
 [1


{/var/lib/texmf/fonts/map/pdftex/updmap/pdftex.map}pdfTeX warning (ext4): desti
nation with the same identifier (name{Navigation1}) has been already used, dupl
icate ignored

\@EveryShipout@Output ...@Org@Shipout \box \@cclv 
                                                  
l.3 \end{frame}
                </home/tom/texmf/tex/latex/ufcd/logo/uni/pdf/ufcd-logo-e1-left-
a4-color.pdf>])
\openout2 = `overview.aux'.

 (./overview.tex
File: ufcd-logo-e1-left-a4-color.pdf Graphic file (type pdf)
<use ufcd-logo-e1-left-a4-color.pdf>
Package pdftex.def Info: ufcd-logo-e1-left-a4-color.pdf  used on input line 17.

(pdftex.def)             Requested size: 53.22458pt x 62.69928pt.
 [2



]

Package textpos Warning: environment textblock* not in vertical mode. 
(textpos)                Environment textblock* should not have any text
(textpos)                or printable material appearing before it.
(textpos)                Alignment may work out wrongly. on input line 38.

<figures/atom_ion_potential.png, id=32, 391.4625pt x 328.22626pt>
File: figures/atom_ion_potential.png Graphic file (type png)
<use figures/atom_ion_potential.png>
Package pdftex.def Info: figures/atom_ion_potential.png  used on input line 38.

(pdftex.def)             Requested size: 122.06358pt x 102.34508pt.
<figures/BaLi_PECs_B.pdf, id=34, 633.8889pt x 437.73459pt>
File: figures/BaLi_PECs_B.pdf Graphic file (type pdf)
<use figures/BaLi_PECs_B.pdf>
Package pdftex.def Info: figures/BaLi_PECs_B.pdf  used on input line 38.
(pdftex.def)             Requested size: 162.74731pt x 112.38562pt.
LaTeX Font Info:    Font shape `T1/cmbr/m/it' in size <10> not available
(Font)              Font shape `T1/cmbr/m/sl' tried instead on input line 38.
File: ufcd-logo-e1-left-a4-color.pdf Graphic file (type pdf)
<use ufcd-logo-e1-left-a4-color.pdf>
Package pdftex.def Info: ufcd-logo-e1-left-a4-color.pdf  used on input line 38.

(pdftex.def)             Requested size: 53.22458pt x 62.69928pt.
[3

 <./figures/atom_ion_potential.png> <./figures/BaLi_PECs_B.pdf>]
<figures/partial_waves.png, id=90, 800.9925pt x 336.25626pt>
File: figures/partial_waves.png Graphic file (type png)
<use figures/partial_waves.png>
Package pdftex.def Info: figures/partial_waves.png  used on input line 38.
(pdftex.def)             Requested size: 284.81091pt x 119.56421pt.
File: ufcd-logo-e1-left-a4-color.pdf Graphic file (type pdf)
<use ufcd-logo-e1-left-a4-color.pdf>
Package pdftex.def Info: ufcd-logo-e1-left-a4-color.pdf  used on input line 38.

(pdftex.def)             Requested size: 53.22458pt x 62.69928pt.
 [4

 <./figures/partial_waves.png>]
<figures/feshbach_resonance2.png, id=98, 1128.215pt x 643.40375pt>
File: figures/feshbach_resonance2.png Graphic file (type png)
<use figures/feshbach_resonance2.png>
Package pdftex.def Info: figures/feshbach_resonance2.png  used on input line 64
.
(pdftex.def)             Requested size: 223.78221pt x 127.61816pt.
<figures/feshbach_resonance_isolated.pdf, id=99, 204.17294pt x 106.47556pt>
File: figures/feshbach_resonance_isolated.pdf Graphic file (type pdf)
<use figures/feshbach_resonance_isolated.pdf>
Package pdftex.def Info: figures/feshbach_resonance_isolated.pdf  used on input
 line 64.
(pdftex.def)             Requested size: 183.09229pt x 95.48103pt.
File: ufcd-logo-e1-left-a4-color.pdf Graphic file (type pdf)
<use ufcd-logo-e1-left-a4-color.pdf>
Package pdftex.def Info: ufcd-logo-e1-left-a4-color.pdf  used on input line 64.

(pdftex.def)             Requested size: 53.22458pt x 62.69928pt.
 [5

 <./figures/feshbach_resonance2.png> <./figures/feshbach_resonance_isolated.pdf
>]
File: figures/feshbach_resonance2.png Graphic file (type png)
<use figures/feshbach_resonance2.png>
Package pdftex.def Info: figures/feshbach_resonance2.png  used on input line 64
.
(pdftex.def)             Requested size: 223.78221pt x 127.61816pt.
File: figures/feshbach_resonance_isolated.pdf Graphic file (type pdf)
<use figures/feshbach_resonance_isolated.pdf>
Package pdftex.def Info: figures/feshbach_resonance_isolated.pdf  used on input
 line 64.
(pdftex.def)             Requested size: 183.09229pt x 95.48103pt.
File: ufcd-logo-e1-left-a4-color.pdf Graphic file (type pdf)
<use ufcd-logo-e1-left-a4-color.pdf>
Package pdftex.def Info: ufcd-logo-e1-left-a4-color.pdf  used on input line 64.

(pdftex.def)             Requested size: 53.22458pt x 62.69928pt.
 [6

]
LaTeX Font Info:    Font shape `OT1/qtm/bx/n' in size <10> not available
(Font)              Font shape `OT1/qtm/b/n' tried instead on input line 80.
LaTeX Font Info:    Font shape `OT1/qtm/bx/n' in size <7.4> not available
(Font)              Font shape `OT1/qtm/b/n' tried instead on input line 80.
LaTeX Font Info:    Font shape `T1/cmbr/m/it' in size <7.4> not available
(Font)              Font shape `T1/cmbr/m/sl' tried instead on input line 80.
File: ufcd-logo-e1-left-a4-color.pdf Graphic file (type pdf)
<use ufcd-logo-e1-left-a4-color.pdf>
Package pdftex.def Info: ufcd-logo-e1-left-a4-color.pdf  used on input line 80.

(pdftex.def)             Requested size: 53.22458pt x 62.69928pt.
 [7

]
File: ufcd-logo-e1-left-a4-color.pdf Graphic file (type pdf)
<use ufcd-logo-e1-left-a4-color.pdf>
Package pdftex.def Info: ufcd-logo-e1-left-a4-color.pdf  used on input line 80.

(pdftex.def)             Requested size: 53.22458pt x 62.69928pt.
 [8

]
File: ufcd-logo-e1-left-a4-color.pdf Graphic file (type pdf)
<use ufcd-logo-e1-left-a4-color.pdf>
Package pdftex.def Info: ufcd-logo-e1-left-a4-color.pdf  used on input line 80.

(pdftex.def)             Requested size: 53.22458pt x 62.69928pt.
 [9

]
File: ufcd-logo-e1-left-a4-color.pdf Graphic file (type pdf)
<use ufcd-logo-e1-left-a4-color.pdf>
Package pdftex.def Info: ufcd-logo-e1-left-a4-color.pdf  used on input line 80.

(pdftex.def)             Requested size: 53.22458pt x 62.69928pt.
 [10

])
\openout2 = `setup.aux'.

 (./setup.tex
LaTeX Font Info:    Trying to load font information for TS1+cmbr on input line 
5.

(/usr/share/texlive/texmf-dist/tex/latex/cmbright/ts1cmbr.fd
File: ts1cmbr.fd 2005/04/13 v8.1 (WaS)
)

Package textpos Warning: environment textblock* not in vertical mode. 
(textpos)                Environment textblock* should not have any text
(textpos)                or printable material appearing before it.
(textpos)                Alignment may work out wrongly. on input line 5.

<figures/experiment_overlay_3_antialiased.png, id=171, 8081.1pt x 3955.14pt>
File: figures/experiment_overlay_3_antialiased.png Graphic file (type png)
<use figures/experiment_overlay_3_antialiased.png>
Package pdftex.def Info: figures/experiment_overlay_3_antialiased.png  used on 
input line 5.
(pdftex.def)             Requested size: 284.81091pt x 139.3493pt.
File: ufcd-logo-e1-left-a4-color.pdf Graphic file (type pdf)
<use ufcd-logo-e1-left-a4-color.pdf>
Package pdftex.def Info: ufcd-logo-e1-left-a4-color.pdf  used on input line 5.
(pdftex.def)             Requested size: 53.22458pt x 62.69928pt.
[11



 <./figures/experiment_overlay_3_antialiased.png>]

Package textpos Warning: environment textblock* not in vertical mode. 
(textpos)                Environment textblock* should not have any text
(textpos)                or printable material appearing before it.
(textpos)                Alignment may work out wrongly. on input line 38.

<figures/mot_lasers.png, id=181, 721.69624pt x 523.9575pt>
File: figures/mot_lasers.png Graphic file (type png)
<use figures/mot_lasers.png>
Package pdftex.def Info: figures/mot_lasers.png  used on input line 38.
(pdftex.def)             Requested size: 223.78221pt x 162.46512pt.
<figures/mot.png, id=182, 444.66125pt x 371.3875pt>
File: figures/mot.png Graphic file (type png)
<use figures/mot.png>
Package pdftex.def Info: figures/mot.png  used on input line 38.
(pdftex.def)             Requested size: 142.40855pt x 118.93709pt.
File: ufcd-logo-e1-left-a4-color.pdf Graphic file (type pdf)
<use ufcd-logo-e1-left-a4-color.pdf>
Package pdftex.def Info: ufcd-logo-e1-left-a4-color.pdf  used on input line 38.

(pdftex.def)             Requested size: 53.22458pt x 62.69928pt.
[12

 <./figures/mot_lasers.png> <./figures/mot.png>]
<figures/xodt_schematic.png, id=191, 833.1125pt x 308.15125pt>
File: figures/xodt_schematic.png Graphic file (type png)
<use figures/xodt_schematic.png>
Package pdftex.def Info: figures/xodt_schematic.png  used on input line 38.
(pdftex.def)             Requested size: 244.12718pt x 90.29726pt.
<figures/xodt_sim.png, id=192, 639.38875pt x 463.7325pt>
File: figures/xodt_sim.png Graphic file (type png)
<use figures/xodt_sim.png>
Package pdftex.def Info: figures/xodt_sim.png  used on input line 38.
(pdftex.def)             Requested size: 162.74731pt x 118.0344pt.
File: ufcd-logo-e1-left-a4-color.pdf Graphic file (type pdf)
<use ufcd-logo-e1-left-a4-color.pdf>
Package pdftex.def Info: ufcd-logo-e1-left-a4-color.pdf  used on input line 38.

(pdftex.def)             Requested size: 53.22458pt x 62.69928pt.
 [13

 <./figures/xodt_schematic.png> <./figures/xodt_sim.png>]
<figures/IonTrap_3_free.png, id=203, 377.9721pt x 249.45195pt>
File: figures/IonTrap_3_free.png Graphic file (type png)
<use figures/IonTrap_3_free.png>
Package pdftex.def Info: figures/IonTrap_3_free.png  used on input line 87.
(pdftex.def)             Requested size: 203.43726pt x 134.26051pt.
File: ufcd-logo-e1-left-a4-color.pdf Graphic file (type pdf)
<use ufcd-logo-e1-left-a4-color.pdf>
Package pdftex.def Info: ufcd-logo-e1-left-a4-color.pdf  used on input line 87.

(pdftex.def)             Requested size: 53.22458pt x 62.69928pt.
 [14

 <./figures/IonTrap_3_free.png>]
File: figures/IonTrap_3_free.png Graphic file (type png)
<use figures/IonTrap_3_free.png>
Package pdftex.def Info: figures/IonTrap_3_free.png  used on input line 87.
(pdftex.def)             Requested size: 203.43726pt x 134.26051pt.
File: ufcd-logo-e1-left-a4-color.pdf Graphic file (type pdf)
<use ufcd-logo-e1-left-a4-color.pdf>
Package pdftex.def Info: ufcd-logo-e1-left-a4-color.pdf  used on input line 87.

(pdftex.def)             Requested size: 53.22458pt x 62.69928pt.
 [15

]
<figures/trap_side.png, id=218, 680.5425pt x 391.4625pt>
File: figures/trap_side.png Graphic file (type png)
<use figures/trap_side.png>
Package pdftex.def Info: figures/trap_side.png  used on input line 87.
(pdftex.def)             Requested size: 203.43726pt x 117.02151pt.
<figures/trap_axis.png, id=219, 663.47874pt x 410.53375pt>
File: figures/trap_axis.png Graphic file (type png)
<use figures/trap_axis.png>
Package pdftex.def Info: figures/trap_axis.png  used on input line 87.
(pdftex.def)             Requested size: 203.43726pt x 125.87975pt.
File: ufcd-logo-e1-left-a4-color.pdf Graphic file (type pdf)
<use ufcd-logo-e1-left-a4-color.pdf>
Package pdftex.def Info: ufcd-logo-e1-left-a4-color.pdf  used on input line 87.

(pdftex.def)             Requested size: 53.22458pt x 62.69928pt.

[16

 <./figures/trap_side.png> <./figures/trap_axis.png>]
File: figures/IonTrap_3_free.png Graphic file (type png)
<use figures/IonTrap_3_free.png>
Package pdftex.def Info: figures/IonTrap_3_free.png  used on input line 87.
(pdftex.def)             Requested size: 203.43726pt x 134.26051pt.
File: ufcd-logo-e1-left-a4-color.pdf Graphic file (type pdf)
<use ufcd-logo-e1-left-a4-color.pdf>
Package pdftex.def Info: ufcd-logo-e1-left-a4-color.pdf  used on input line 87.

(pdftex.def)             Requested size: 53.22458pt x 62.69928pt.
 [17

]
<figures/feshbach_setup_vis.pdf, id=234, 1481.535pt x 1108.14pt>
File: figures/feshbach_setup_vis.pdf Graphic file (type pdf)
<use figures/feshbach_setup_vis.pdf>
Package pdftex.def Info: figures/feshbach_setup_vis.pdf  used on input line 106
.
(pdftex.def)             Requested size: 162.74731pt x 121.72668pt.
<figures/opt_trap_seq.png, id=235, 583.17876pt x 284.06125pt>
File: figures/opt_trap_seq.png Graphic file (type png)
<use figures/opt_trap_seq.png>
Package pdftex.def Info: figures/opt_trap_seq.png  used on input line 106.
(pdftex.def)             Requested size: 223.78221pt x 109.00198pt.
<figures/opttrapshape3.pdf, id=236, 701.59717pt x 433.62pt>
File: figures/opttrapshape3.pdf Graphic file (type pdf)
<use figures/opttrapshape3.pdf>
Package pdftex.def Info: figures/opttrapshape3.pdf  used on input line 106.
(pdftex.def)             Requested size: 183.09229pt x 113.15538pt.
File: ufcd-logo-e1-left-a4-color.pdf Graphic file (type pdf)
<use ufcd-logo-e1-left-a4-color.pdf>
Package pdftex.def Info: ufcd-logo-e1-left-a4-color.pdf  used on input line 106
.
(pdftex.def)             Requested size: 53.22458pt x 62.69928pt.
 [18

 <./figures/feshbach_setup_vis.pdf> <./figures/opt_trap_seq.png> <./figures/opt
trapshape3.pdf

pdfTeX warning: /usr/bin/pdflatex (file ./figures/opttrapshape3.pdf): PDF inclu
sion: multiple pdfs with page group included in a single page
>]

Package textpos Warning: environment textblock* not in vertical mode. 
(textpos)                Environment textblock* should not have any text
(textpos)                or printable material appearing before it.
(textpos)                Alignment may work out wrongly. on input line 106.

File: figures/feshbach_setup_vis.pdf Graphic file (type pdf)
<use figures/feshbach_setup_vis.pdf>
Package pdftex.def Info: figures/feshbach_setup_vis.pdf  used on input line 106
.
(pdftex.def)             Requested size: 162.74731pt x 121.72668pt.
File: figures/opt_trap_seq.png Graphic file (type png)
<use figures/opt_trap_seq.png>
Package pdftex.def Info: figures/opt_trap_seq.png  used on input line 106.
(pdftex.def)             Requested size: 223.78221pt x 109.00198pt.
File: figures/opttrapshape3.pdf Graphic file (type pdf)
<use figures/opttrapshape3.pdf>
Package pdftex.def Info: figures/opttrapshape3.pdf  used on input line 106.
(pdftex.def)             Requested size: 183.09229pt x 113.15538pt.

Overfull \vbox (5.60399pt too high) detected at line 106
 []

File: ufcd-logo-e1-left-a4-color.pdf Graphic file (type pdf)
<use ufcd-logo-e1-left-a4-color.pdf>
Package pdftex.def Info: ufcd-logo-e1-left-a4-color.pdf  used on input line 106
.
(pdftex.def)             Requested size: 53.22458pt x 62.69928pt.
[19

])
\openout2 = `sequence.aux'.

 (./sequence.tex
<figures/expseq/step1.png, id=256, 488.82625pt x 317.185pt>
File: figures/expseq/step1.png Graphic file (type png)
<use figures/expseq/step1.png>
Package pdftex.def Info: figures/expseq/step1.png  used on input line 39.
(pdftex.def)             Requested size: 122.06358pt x 79.20409pt.
<figures/expseq/step2.png, id=257, 494.84875pt x 324.21124pt>
File: figures/expseq/step2.png Graphic file (type png)
<use figures/expseq/step2.png>
Package pdftex.def Info: figures/expseq/step2.png  used on input line 39.
(pdftex.def)             Requested size: 122.06358pt x 79.9692pt.
<figures/expseq/step3.png, id=258, 491.8375pt x 305.14pt>
File: figures/expseq/step3.png Graphic file (type png)
<use figures/expseq/step3.png>
Package pdftex.def Info: figures/expseq/step3.png  used on input line 39.
(pdftex.def)             Requested size: 122.06358pt x 75.72607pt.
<figures/expseq/step4.png, id=259, 491.8375pt x 312.16624pt>
File: figures/expseq/step4.png Graphic file (type png)
<use figures/expseq/step4.png>
Package pdftex.def Info: figures/expseq/step4.png  used on input line 39.
(pdftex.def)             Requested size: 122.06358pt x 77.46977pt.
<figures/expseq/step5.png, id=260, 499.8675pt x 348.30125pt>
File: figures/expseq/step5.png Graphic file (type png)
<use figures/expseq/step5.png>
Package pdftex.def Info: figures/expseq/step5.png  used on input line 39.
(pdftex.def)             Requested size: 122.06358pt x 85.05022pt.
File: ufcd-logo-e1-left-a4-color.pdf Graphic file (type pdf)
<use ufcd-logo-e1-left-a4-color.pdf>
Package pdftex.def Info: ufcd-logo-e1-left-a4-color.pdf  used on input line 39.

(pdftex.def)             Requested size: 53.22458pt x 62.69928pt.
 [20



 <./figures/expseq/step1.png> <./figures/expseq/step2.png> <./figures/expseq/st
ep3.png> <./figures/expseq/step4.png> <./figures/expseq/step5.png>]
File: figures/expseq/step1.png Graphic file (type png)
<use figures/expseq/step1.png>
Package pdftex.def Info: figures/expseq/step1.png  used on input line 39.
(pdftex.def)             Requested size: 122.06358pt x 79.20409pt.
File: figures/expseq/step2.png Graphic file (type png)
<use figures/expseq/step2.png>
Package pdftex.def Info: figures/expseq/step2.png  used on input line 39.
(pdftex.def)             Requested size: 122.06358pt x 79.9692pt.
File: figures/expseq/step3.png Graphic file (type png)
<use figures/expseq/step3.png>
Package pdftex.def Info: figures/expseq/step3.png  used on input line 39.
(pdftex.def)             Requested size: 122.06358pt x 75.72607pt.
File: figures/expseq/step4.png Graphic file (type png)
<use figures/expseq/step4.png>
Package pdftex.def Info: figures/expseq/step4.png  used on input line 39.
(pdftex.def)             Requested size: 122.06358pt x 77.46977pt.
File: figures/expseq/step5.png Graphic file (type png)
<use figures/expseq/step5.png>
Package pdftex.def Info: figures/expseq/step5.png  used on input line 39.
(pdftex.def)             Requested size: 122.06358pt x 85.05022pt.
File: ufcd-logo-e1-left-a4-color.pdf Graphic file (type pdf)
<use ufcd-logo-e1-left-a4-color.pdf>
Package pdftex.def Info: ufcd-logo-e1-left-a4-color.pdf  used on input line 39.

(pdftex.def)             Requested size: 53.22458pt x 62.69928pt.
 [21

]
File: figures/expseq/step1.png Graphic file (type png)
<use figures/expseq/step1.png>
Package pdftex.def Info: figures/expseq/step1.png  used on input line 39.
(pdftex.def)             Requested size: 122.06358pt x 79.20409pt.
File: figures/expseq/step2.png Graphic file (type png)
<use figures/expseq/step2.png>
Package pdftex.def Info: figures/expseq/step2.png  used on input line 39.
(pdftex.def)             Requested size: 122.06358pt x 79.9692pt.
File: figures/expseq/step3.png Graphic file (type png)
<use figures/expseq/step3.png>
Package pdftex.def Info: figures/expseq/step3.png  used on input line 39.
(pdftex.def)             Requested size: 122.06358pt x 75.72607pt.
File: figures/expseq/step4.png Graphic file (type png)
<use figures/expseq/step4.png>
Package pdftex.def Info: figures/expseq/step4.png  used on input line 39.
(pdftex.def)             Requested size: 122.06358pt x 77.46977pt.
File: figures/expseq/step5.png Graphic file (type png)
<use figures/expseq/step5.png>
Package pdftex.def Info: figures/expseq/step5.png  used on input line 39.
(pdftex.def)             Requested size: 122.06358pt x 85.05022pt.
File: ufcd-logo-e1-left-a4-color.pdf Graphic file (type pdf)
<use ufcd-logo-e1-left-a4-color.pdf>
Package pdftex.def Info: ufcd-logo-e1-left-a4-color.pdf  used on input line 39.

(pdftex.def)             Requested size: 53.22458pt x 62.69928pt.
 [22

]
File: figures/expseq/step1.png Graphic file (type png)
<use figures/expseq/step1.png>
Package pdftex.def Info: figures/expseq/step1.png  used on input line 39.
(pdftex.def)             Requested size: 122.06358pt x 79.20409pt.
File: figures/expseq/step2.png Graphic file (type png)
<use figures/expseq/step2.png>
Package pdftex.def Info: figures/expseq/step2.png  used on input line 39.
(pdftex.def)             Requested size: 122.06358pt x 79.9692pt.
File: figures/expseq/step3.png Graphic file (type png)
<use figures/expseq/step3.png>
Package pdftex.def Info: figures/expseq/step3.png  used on input line 39.
(pdftex.def)             Requested size: 122.06358pt x 75.72607pt.
File: figures/expseq/step4.png Graphic file (type png)
<use figures/expseq/step4.png>
Package pdftex.def Info: figures/expseq/step4.png  used on input line 39.
(pdftex.def)             Requested size: 122.06358pt x 77.46977pt.
File: figures/expseq/step5.png Graphic file (type png)
<use figures/expseq/step5.png>
Package pdftex.def Info: figures/expseq/step5.png  used on input line 39.
(pdftex.def)             Requested size: 122.06358pt x 85.05022pt.
File: ufcd-logo-e1-left-a4-color.pdf Graphic file (type pdf)
<use ufcd-logo-e1-left-a4-color.pdf>
Package pdftex.def Info: ufcd-logo-e1-left-a4-color.pdf  used on input line 39.

(pdftex.def)             Requested size: 53.22458pt x 62.69928pt.
 [23

]
File: figures/expseq/step1.png Graphic file (type png)
<use figures/expseq/step1.png>
Package pdftex.def Info: figures/expseq/step1.png  used on input line 39.
(pdftex.def)             Requested size: 122.06358pt x 79.20409pt.
File: figures/expseq/step2.png Graphic file (type png)
<use figures/expseq/step2.png>
Package pdftex.def Info: figures/expseq/step2.png  used on input line 39.
(pdftex.def)             Requested size: 122.06358pt x 79.9692pt.
File: figures/expseq/step3.png Graphic file (type png)
<use figures/expseq/step3.png>
Package pdftex.def Info: figures/expseq/step3.png  used on input line 39.
(pdftex.def)             Requested size: 122.06358pt x 75.72607pt.
File: figures/expseq/step4.png Graphic file (type png)
<use figures/expseq/step4.png>
Package pdftex.def Info: figures/expseq/step4.png  used on input line 39.
(pdftex.def)             Requested size: 122.06358pt x 77.46977pt.
File: figures/expseq/step5.png Graphic file (type png)
<use figures/expseq/step5.png>
Package pdftex.def Info: figures/expseq/step5.png  used on input line 39.
(pdftex.def)             Requested size: 122.06358pt x 85.05022pt.
File: ufcd-logo-e1-left-a4-color.pdf Graphic file (type pdf)
<use ufcd-logo-e1-left-a4-color.pdf>
Package pdftex.def Info: ufcd-logo-e1-left-a4-color.pdf  used on input line 39.

(pdftex.def)             Requested size: 53.22458pt x 62.69928pt.
 [24

])
\openout2 = `results.aux'.

 (./results.tex
<figures/fig_2.pdf, id=296, 520.138pt x 198.75859pt>
File: figures/fig_2.pdf Graphic file (type pdf)
<use figures/fig_2.pdf>
Package pdftex.def Info: figures/fig_2.pdf  used on input line 9.
(pdftex.def)             Requested size: 366.18457pt x 139.93073pt.
LaTeX Font Info:    Font shape `OT1/qtm/bx/n' in size <14.4> not available
(Font)              Font shape `OT1/qtm/b/n' tried instead on input line 9.
LaTeX Font Info:    Font shape `T1/cmbr/m/it' in size <14.4> not available
(Font)              Font shape `T1/cmbr/m/sl' tried instead on input line 9.
File: ufcd-logo-e1-left-a4-color.pdf Graphic file (type pdf)
<use ufcd-logo-e1-left-a4-color.pdf>
Package pdftex.def Info: ufcd-logo-e1-left-a4-color.pdf  used on input line 9.
(pdftex.def)             Requested size: 53.22458pt x 62.69928pt.
 [25



 <./figures/fig_2.pdf>]
File: figures/fig_2.pdf Graphic file (type pdf)
<use figures/fig_2.pdf>
Package pdftex.def Info: figures/fig_2.pdf  used on input line 9.
(pdftex.def)             Requested size: 366.18457pt x 139.93073pt.
File: ufcd-logo-e1-left-a4-color.pdf Graphic file (type pdf)
<use ufcd-logo-e1-left-a4-color.pdf>
Package pdftex.def Info: ufcd-logo-e1-left-a4-color.pdf  used on input line 9.
(pdftex.def)             Requested size: 53.22458pt x 62.69928pt.

[26

]
<figures/suppl_fig_2.pdf, id=1883, 237.66728pt x 295.72385pt>
File: figures/suppl_fig_2.pdf Graphic file (type pdf)
<use figures/suppl_fig_2.pdf>
Package pdftex.def Info: figures/suppl_fig_2.pdf  used on input line 21.
(pdftex.def)             Requested size: 142.40855pt x 177.20102pt.
<figures/fig_3_alt.pdf, id=1884, 235.41145pt x 169.3138pt>
File: figures/fig_3_alt.pdf Graphic file (type pdf)
<use figures/fig_3_alt.pdf>
Package pdftex.def Info: figures/fig_3_alt.pdf  used on input line 21.
(pdftex.def)             Requested size: 203.43726pt x 146.31749pt.
File: ufcd-logo-e1-left-a4-color.pdf Graphic file (type pdf)
<use ufcd-logo-e1-left-a4-color.pdf>
Package pdftex.def Info: ufcd-logo-e1-left-a4-color.pdf  used on input line 21.

(pdftex.def)             Requested size: 53.22458pt x 62.69928pt.
 [27

 <./figures/suppl_fig_2.pdf> <./figures/fig_3_alt.pdf

pdfTeX warning: /usr/bin/pdflatex (file ./figures/fig_3_alt.pdf): PDF inclusion
: multiple pdfs with page group included in a single page
>]
File: figures/suppl_fig_2.pdf Graphic file (type pdf)
<use figures/suppl_fig_2.pdf>
Package pdftex.def Info: figures/suppl_fig_2.pdf  used on input line 21.
(pdftex.def)             Requested size: 142.40855pt x 177.20102pt.
File: figures/fig_3_alt.pdf Graphic file (type pdf)
<use figures/fig_3_alt.pdf>
Package pdftex.def Info: figures/fig_3_alt.pdf  used on input line 21.
(pdftex.def)             Requested size: 203.43726pt x 146.31749pt.
File: ufcd-logo-e1-left-a4-color.pdf Graphic file (type pdf)
<use ufcd-logo-e1-left-a4-color.pdf>
Package pdftex.def Info: ufcd-logo-e1-left-a4-color.pdf  used on input line 21.

(pdftex.def)             Requested size: 53.22458pt x 62.69928pt.
 [28

]
<figures/sympathetic_cooling.png, id=3189, 635.37375pt x 398.48875pt>
File: figures/sympathetic_cooling.png Graphic file (type png)
<use figures/sympathetic_cooling.png>
Package pdftex.def Info: figures/sympathetic_cooling.png  used on input line 33
.
(pdftex.def)             Requested size: 203.43726pt x 127.59196pt.
File: ufcd-logo-e1-left-a4-color.pdf Graphic file (type pdf)
<use ufcd-logo-e1-left-a4-color.pdf>
Package pdftex.def Info: ufcd-logo-e1-left-a4-color.pdf  used on input line 33.

(pdftex.def)             Requested size: 53.22458pt x 62.69928pt.
 [29

 <./figures/sympathetic_cooling.png>]
File: figures/sympathetic_cooling.png Graphic file (type png)
<use figures/sympathetic_cooling.png>
Package pdftex.def Info: figures/sympathetic_cooling.png  used on input line 46
.
(pdftex.def)             Requested size: 162.74731pt x 102.07236pt.
<figures/fig_4_both.pdf, id=3197, 225.64142pt x 286.69374pt>
File: figures/fig_4_both.pdf Graphic file (type pdf)
<use figures/fig_4_both.pdf>
Package pdftex.def Info: figures/fig_4_both.pdf  used on input line 46.
(pdftex.def)             Requested size: 142.40855pt x 180.93735pt.
File: ufcd-logo-e1-left-a4-color.pdf Graphic file (type pdf)
<use ufcd-logo-e1-left-a4-color.pdf>
Package pdftex.def Info: ufcd-logo-e1-left-a4-color.pdf  used on input line 46.

(pdftex.def)             Requested size: 53.22458pt x 62.69928pt.
 [30

 <./figures/fig_4_both.pdf>]
<figures/spin1_overview_full.pdf, id=5036, 1445.4pt x 361.35pt>
File: figures/spin1_overview_full.pdf Graphic file (type pdf)
<use figures/spin1_overview_full.pdf>
Package pdftex.def Info: figures/spin1_overview_full.pdf  used on input line 51
.
(pdftex.def)             Requested size: 528.9381pt x 132.23625pt.
File: ufcd-logo-e1-left-a4-color.pdf Graphic file (type pdf)
<use ufcd-logo-e1-left-a4-color.pdf>
Package pdftex.def Info: ufcd-logo-e1-left-a4-color.pdf  used on input line 51.

(pdftex.def)             Requested size: 53.22458pt x 62.69928pt.
 [31

 <./figures/spin1_overview_full.pdf>])
\openout2 = `final_remarks.aux'.

 (./final_remarks.tex
File: ufcd-logo-e1-left-a4-color.pdf Graphic file (type pdf)
<use ufcd-logo-e1-left-a4-color.pdf>
Package pdftex.def Info: ufcd-logo-e1-left-a4-color.pdf  used on input line 26.

(pdftex.def)             Requested size: 53.22458pt x 62.69928pt.
 [32



]
File: ufcd-logo-e1-left-a4-color.pdf Graphic file (type pdf)
<use ufcd-logo-e1-left-a4-color.pdf>
Package pdftex.def Info: ufcd-logo-e1-left-a4-color.pdf  used on input line 26.

(pdftex.def)             Requested size: 53.22458pt x 62.69928pt.
 [33

]
File: ufcd-logo-e1-left-a4-color.pdf Graphic file (type pdf)
<use ufcd-logo-e1-left-a4-color.pdf>
Package pdftex.def Info: ufcd-logo-e1-left-a4-color.pdf  used on input line 26.

(pdftex.def)             Requested size: 53.22458pt x 62.69928pt.

[34

]
<figures/thankyouslide.pdf, id=5079, 796.67719pt x 448.1309pt>
File: figures/thankyouslide.pdf Graphic file (type pdf)
<use figures/thankyouslide.pdf>
Package pdftex.def Info: figures/thankyouslide.pdf  used on input line 31.
(pdftex.def)             Requested size: 366.18457pt x 205.97859pt.
File: ufcd-logo-e1-left-a4-color.pdf Graphic file (type pdf)
<use ufcd-logo-e1-left-a4-color.pdf>
Package pdftex.def Info: ufcd-logo-e1-left-a4-color.pdf  used on input line 31.

(pdftex.def)             Requested size: 53.22458pt x 62.69928pt.
 [35

 <./figures/thankyouslide.pdf>])
\tf@nav=\write6
\openout6 = `talk.nav'.

\tf@toc=\write7
\openout7 = `talk.toc'.

\tf@snm=\write8
\openout8 = `talk.snm'.

Package atveryend Info: Empty hook `BeforeClearDocument' on input line 88.
Package atveryend Info: Empty hook `AfterLastShipout' on input line 88.
 (./talk.aux (./title.aux)
(./overview.aux) (./setup.aux) (./sequence.aux) (./results.aux)
(./final_remarks.aux))
Package atveryend Info: Executing hook `AtVeryEndDocument' on input line 88.
Package atveryend Info: Executing hook `AtEndAfterFileList' on input line 88.
Package rerunfilecheck Info: File `talk.out' has not changed.
(rerunfilecheck)             Checksum: D41D8CD98F00B204E9800998ECF8427E;0.
 ) 
Here is how much of TeX's memory you used:
 27940 strings out of 481239
 559033 string characters out of 5920377
 941077 words of memory out of 5000000
 42329 multiletter control sequences out of 15000+600000
 615073 words of font info for 119 fonts, out of 8000000 for 9000
 1141 hyphenation exceptions out of 8191
 64i,23n,84p,771b,1255s stack positions out of 5000i,500n,10000p,200000b,80000s
{/usr/share/texmf/fonts/enc/dvips/cm-super/cm-super-ts1.enc}{/usr/share/texmf
/fonts/enc/dvips/cm-super/cm-super-t1.enc}{/usr/share/texmf/fonts/enc/dvips/tex
-gyre/q-ec.enc}</usr/share/texlive/texmf-dist/fonts/type1/public/amsfonts/cm/cm
ex10.pfb></usr/share/texlive/texmf-dist/fonts/type1/public/hfbright/hfbr10.pfb>
</usr/share/texlive/texmf-dist/fonts/type1/public/hfbright/hfbr17.pfb></usr/sha
re/texlive/texmf-dist/fonts/type1/public/hfbright/hfbr8.pfb></usr/share/texlive
/texmf-dist/fonts/type1/public/hfbright/hfbrmi10.pfb></usr/share/texlive/texmf-
dist/fonts/type1/public/hfbright/hfbrsy10.pfb></usr/share/texlive/texmf-dist/fo
nts/type1/public/hfbright/hfbrsy8.pfb></usr/share/texmf/fonts/type1/public/tex-
gyre/qtmr.pfb></usr/share/texmf/fonts/type1/public/cm-super/sfbmo10.pfb></usr/s
hare/texmf/fonts/type1/public/cm-super/sfbmo8.pfb></usr/share/texmf/fonts/type1
/public/cm-super/sfbmr10.pfb></usr/share/texmf/fonts/type1/public/cm-super/sfbm
r8.pfb>
Output written on talk.pdf (35 pages, 27428659 bytes).
PDF statistics:
 5172 PDF objects out of 6186 (max. 8388607)
 3812 compressed objects within 39 object streams
 71 named destinations out of 1000 (max. 500000)
 192 words of extra memory for PDF output out of 10000 (max. 10000000)

