This is pdfTeX, Version 3.141592653-2.6-1.40.22 (TeX Live 2022/dev/Debian) (preloaded format=pdflatex 2023.6.4)  12 JUN 2023 22:03
entering extended mode
 restricted \write18 enabled.
 file:line:error style messages enabled.
 %&-line parsing enabled.
**talk.tex
(./talk.tex
LaTeX2e <2021-11-15> patch level 1
L3 programming layer <2022-01-21>
(/usr/share/texlive/texmf-dist/tex/latex/beamer/beamer.cls
Document Class: beamer 2022/01/21 v3.65 A class for typesetting presentations
(/usr/share/texlive/texmf-dist/tex/latex/beamer/beamerbasemodes.sty
(/usr/share/texlive/texmf-dist/tex/latex/etoolbox/etoolbox.sty
Package: etoolbox 2020/10/05 v2.5k e-TeX tools for LaTeX (JAW)
\etb@tempcnta=\count185
)
\beamer@tempbox=\box50
\beamer@tempcount=\count186
\c@beamerpauses=\count187

(/usr/share/texlive/texmf-dist/tex/latex/beamer/beamerbasedecode.sty
\beamer@slideinframe=\count188
\beamer@minimum=\count189
\beamer@decode@box=\box51
)
\beamer@commentbox=\box52
\beamer@modecount=\count190
)
(/usr/share/texlive/texmf-dist/tex/generic/iftex/ifpdf.sty
Package: ifpdf 2019/10/25 v3.4 ifpdf legacy package. Use iftex instead.

(/usr/share/texlive/texmf-dist/tex/generic/iftex/iftex.sty
Package: iftex 2020/03/06 v1.0d TeX engine tests
))
\headdp=\dimen138
\footheight=\dimen139
\sidebarheight=\dimen140
\beamer@tempdim=\dimen141
\beamer@finalheight=\dimen142
\beamer@animht=\dimen143
\beamer@animdp=\dimen144
\beamer@animwd=\dimen145
\beamer@leftmargin=\dimen146
\beamer@rightmargin=\dimen147
\beamer@leftsidebar=\dimen148
\beamer@rightsidebar=\dimen149
\beamer@boxsize=\dimen150
\beamer@vboxoffset=\dimen151
\beamer@descdefault=\dimen152
\beamer@descriptionwidth=\dimen153
\beamer@lastskip=\skip47
\beamer@areabox=\box53
\beamer@animcurrent=\box54
\beamer@animshowbox=\box55
\beamer@sectionbox=\box56
\beamer@logobox=\box57
\beamer@linebox=\box58
\beamer@sectioncount=\count191
\beamer@subsubsectionmax=\count192
\beamer@subsectionmax=\count193
\beamer@sectionmax=\count194
\beamer@totalheads=\count195
\beamer@headcounter=\count196
\beamer@partstartpage=\count197
\beamer@sectionstartpage=\count198
\beamer@subsectionstartpage=\count199
\beamer@animationtempa=\count266
\beamer@animationtempb=\count267
\beamer@xpos=\count268
\beamer@ypos=\count269
\beamer@ypos@offset=\count270
\beamer@showpartnumber=\count271
\beamer@currentsubsection=\count272
\beamer@coveringdepth=\count273
\beamer@sectionadjust=\count274
\beamer@toclastsection=\count275
\beamer@tocsectionnumber=\count276

(/usr/share/texlive/texmf-dist/tex/latex/beamer/beamerbaseoptions.sty
(/usr/share/texlive/texmf-dist/tex/latex/graphics/keyval.sty
Package: keyval 2014/10/28 v1.15 key=value parser (DPC)
\KV@toks@=\toks16
))
\beamer@paperwidth=\skip48
\beamer@paperheight=\skip49

(/usr/share/texlive/texmf-dist/tex/latex/geometry/geometry.sty
Package: geometry 2020/01/02 v5.9 Page Geometry

(/usr/share/texlive/texmf-dist/tex/generic/iftex/ifvtex.sty
Package: ifvtex 2019/10/25 v1.7 ifvtex legacy package. Use iftex instead.
)
\Gm@cnth=\count277
\Gm@cntv=\count278
\c@Gm@tempcnt=\count279
\Gm@bindingoffset=\dimen154
\Gm@wd@mp=\dimen155
\Gm@odd@mp=\dimen156
\Gm@even@mp=\dimen157
\Gm@layoutwidth=\dimen158
\Gm@layoutheight=\dimen159
\Gm@layouthoffset=\dimen160
\Gm@layoutvoffset=\dimen161
\Gm@dimlist=\toks17
)
(/usr/share/texlive/texmf-dist/tex/latex/pgf/basiclayer/pgfcore.sty
(/usr/share/texlive/texmf-dist/tex/latex/graphics/graphicx.sty
Package: graphicx 2021/09/16 v1.2d Enhanced LaTeX Graphics (DPC,SPQR)

(/usr/share/texlive/texmf-dist/tex/latex/graphics/graphics.sty
Package: graphics 2021/03/04 v1.4d Standard LaTeX Graphics (DPC,SPQR)

(/usr/share/texlive/texmf-dist/tex/latex/graphics/trig.sty
Package: trig 2021/08/11 v1.11 sin cos tan (DPC)
)
(/usr/share/texlive/texmf-dist/tex/latex/graphics-cfg/graphics.cfg
File: graphics.cfg 2016/06/04 v1.11 sample graphics configuration
)
Package graphics Info: Driver file: pdftex.def on input line 107.

(/usr/share/texlive/texmf-dist/tex/latex/graphics-def/pdftex.def
File: pdftex.def 2020/10/05 v1.2a Graphics/color driver for pdftex
))
\Gin@req@height=\dimen162
\Gin@req@width=\dimen163
)
(/usr/share/texlive/texmf-dist/tex/latex/pgf/systemlayer/pgfsys.sty
(/usr/share/texlive/texmf-dist/tex/latex/pgf/utilities/pgfrcs.sty
(/usr/share/texlive/texmf-dist/tex/generic/pgf/utilities/pgfutil-common.tex
\pgfutil@everybye=\toks18
\pgfutil@tempdima=\dimen164
\pgfutil@tempdimb=\dimen165

(/usr/share/texlive/texmf-dist/tex/generic/pgf/utilities/pgfutil-common-lists.t
ex)) (/usr/share/texlive/texmf-dist/tex/generic/pgf/utilities/pgfutil-latex.def
\pgfutil@abb=\box59
) (/usr/share/texlive/texmf-dist/tex/generic/pgf/utilities/pgfrcs.code.tex
(/usr/share/texlive/texmf-dist/tex/generic/pgf/pgf.revision.tex)
Package: pgfrcs 2021/05/15 v3.1.9a (3.1.9a)
))
(/usr/share/texlive/texmf-dist/tex/generic/pgf/systemlayer/pgfsys.code.tex
Package: pgfsys 2021/05/15 v3.1.9a (3.1.9a)

(/usr/share/texlive/texmf-dist/tex/generic/pgf/utilities/pgfkeys.code.tex
\pgfkeys@pathtoks=\toks19
\pgfkeys@temptoks=\toks20

(/usr/share/texlive/texmf-dist/tex/generic/pgf/utilities/pgfkeysfiltered.code.t
ex
\pgfkeys@tmptoks=\toks21
))
\pgf@x=\dimen166
\pgf@y=\dimen167
\pgf@xa=\dimen168
\pgf@ya=\dimen169
\pgf@xb=\dimen170
\pgf@yb=\dimen171
\pgf@xc=\dimen172
\pgf@yc=\dimen173
\pgf@xd=\dimen174
\pgf@yd=\dimen175
\w@pgf@writea=\write3
\r@pgf@reada=\read2
\c@pgf@counta=\count280
\c@pgf@countb=\count281
\c@pgf@countc=\count282
\c@pgf@countd=\count283
\t@pgf@toka=\toks22
\t@pgf@tokb=\toks23
\t@pgf@tokc=\toks24
\pgf@sys@id@count=\count284
 (/usr/share/texlive/texmf-dist/tex/generic/pgf/systemlayer/pgf.cfg
File: pgf.cfg 2021/05/15 v3.1.9a (3.1.9a)
)
Driver file for pgf: pgfsys-pdftex.def

(/usr/share/texlive/texmf-dist/tex/generic/pgf/systemlayer/pgfsys-pdftex.def
File: pgfsys-pdftex.def 2021/05/15 v3.1.9a (3.1.9a)

(/usr/share/texlive/texmf-dist/tex/generic/pgf/systemlayer/pgfsys-common-pdf.de
f
File: pgfsys-common-pdf.def 2021/05/15 v3.1.9a (3.1.9a)
)))
(/usr/share/texlive/texmf-dist/tex/generic/pgf/systemlayer/pgfsyssoftpath.code.
tex
File: pgfsyssoftpath.code.tex 2021/05/15 v3.1.9a (3.1.9a)
\pgfsyssoftpath@smallbuffer@items=\count285
\pgfsyssoftpath@bigbuffer@items=\count286
)
(/usr/share/texlive/texmf-dist/tex/generic/pgf/systemlayer/pgfsysprotocol.code.
tex
File: pgfsysprotocol.code.tex 2021/05/15 v3.1.9a (3.1.9a)
)) (/usr/share/texlive/texmf-dist/tex/latex/xcolor/xcolor.sty
Package: xcolor 2021/10/31 v2.13 LaTeX color extensions (UK)

(/usr/share/texlive/texmf-dist/tex/latex/graphics-cfg/color.cfg
File: color.cfg 2016/01/02 v1.6 sample color configuration
)
Package xcolor Info: Driver file: pdftex.def on input line 227.
Package xcolor Info: Model `cmy' substituted by `cmy0' on input line 1352.
Package xcolor Info: Model `hsb' substituted by `rgb' on input line 1356.
Package xcolor Info: Model `RGB' extended on input line 1368.
Package xcolor Info: Model `HTML' substituted by `rgb' on input line 1370.
Package xcolor Info: Model `Hsb' substituted by `hsb' on input line 1371.
Package xcolor Info: Model `tHsb' substituted by `hsb' on input line 1372.
Package xcolor Info: Model `HSB' substituted by `hsb' on input line 1373.
Package xcolor Info: Model `Gray' substituted by `gray' on input line 1374.
Package xcolor Info: Model `wave' substituted by `hsb' on input line 1375.
)
(/usr/share/texlive/texmf-dist/tex/generic/pgf/basiclayer/pgfcore.code.tex
Package: pgfcore 2021/05/15 v3.1.9a (3.1.9a)

(/usr/share/texlive/texmf-dist/tex/generic/pgf/math/pgfmath.code.tex
(/usr/share/texlive/texmf-dist/tex/generic/pgf/math/pgfmathcalc.code.tex
(/usr/share/texlive/texmf-dist/tex/generic/pgf/math/pgfmathutil.code.tex)
(/usr/share/texlive/texmf-dist/tex/generic/pgf/math/pgfmathparser.code.tex
\pgfmath@dimen=\dimen176
\pgfmath@count=\count287
\pgfmath@box=\box60
\pgfmath@toks=\toks25
\pgfmath@stack@operand=\toks26
\pgfmath@stack@operation=\toks27
)
(/usr/share/texlive/texmf-dist/tex/generic/pgf/math/pgfmathfunctions.code.tex
(/usr/share/texlive/texmf-dist/tex/generic/pgf/math/pgfmathfunctions.basic.code
.tex)
(/usr/share/texlive/texmf-dist/tex/generic/pgf/math/pgfmathfunctions.trigonomet
ric.code.tex)
(/usr/share/texlive/texmf-dist/tex/generic/pgf/math/pgfmathfunctions.random.cod
e.tex)
(/usr/share/texlive/texmf-dist/tex/generic/pgf/math/pgfmathfunctions.comparison
.code.tex)
(/usr/share/texlive/texmf-dist/tex/generic/pgf/math/pgfmathfunctions.base.code.
tex)
(/usr/share/texlive/texmf-dist/tex/generic/pgf/math/pgfmathfunctions.round.code
.tex)
(/usr/share/texlive/texmf-dist/tex/generic/pgf/math/pgfmathfunctions.misc.code.
tex)
(/usr/share/texlive/texmf-dist/tex/generic/pgf/math/pgfmathfunctions.integerari
thmetics.code.tex)))
(/usr/share/texlive/texmf-dist/tex/generic/pgf/math/pgfmathfloat.code.tex
\c@pgfmathroundto@lastzeros=\count288
))
(/usr/share/texlive/texmf-dist/tex/generic/pgf/math/pgfint.code.tex)
(/usr/share/texlive/texmf-dist/tex/generic/pgf/basiclayer/pgfcorepoints.code.te
x
File: pgfcorepoints.code.tex 2021/05/15 v3.1.9a (3.1.9a)
\pgf@picminx=\dimen177
\pgf@picmaxx=\dimen178
\pgf@picminy=\dimen179
\pgf@picmaxy=\dimen180
\pgf@pathminx=\dimen181
\pgf@pathmaxx=\dimen182
\pgf@pathminy=\dimen183
\pgf@pathmaxy=\dimen184
\pgf@xx=\dimen185
\pgf@xy=\dimen186
\pgf@yx=\dimen187
\pgf@yy=\dimen188
\pgf@zx=\dimen189
\pgf@zy=\dimen190
)
(/usr/share/texlive/texmf-dist/tex/generic/pgf/basiclayer/pgfcorepathconstruct.
code.tex
File: pgfcorepathconstruct.code.tex 2021/05/15 v3.1.9a (3.1.9a)
\pgf@path@lastx=\dimen191
\pgf@path@lasty=\dimen192
)
(/usr/share/texlive/texmf-dist/tex/generic/pgf/basiclayer/pgfcorepathusage.code
.tex
File: pgfcorepathusage.code.tex 2021/05/15 v3.1.9a (3.1.9a)
\pgf@shorten@end@additional=\dimen193
\pgf@shorten@start@additional=\dimen194
)
(/usr/share/texlive/texmf-dist/tex/generic/pgf/basiclayer/pgfcorescopes.code.te
x
File: pgfcorescopes.code.tex 2021/05/15 v3.1.9a (3.1.9a)
\pgfpic=\box61
\pgf@hbox=\box62
\pgf@layerbox@main=\box63
\pgf@picture@serial@count=\count289
)
(/usr/share/texlive/texmf-dist/tex/generic/pgf/basiclayer/pgfcoregraphicstate.c
ode.tex
File: pgfcoregraphicstate.code.tex 2021/05/15 v3.1.9a (3.1.9a)
\pgflinewidth=\dimen195
)
(/usr/share/texlive/texmf-dist/tex/generic/pgf/basiclayer/pgfcoretransformation
s.code.tex
File: pgfcoretransformations.code.tex 2021/05/15 v3.1.9a (3.1.9a)
\pgf@pt@x=\dimen196
\pgf@pt@y=\dimen197
\pgf@pt@temp=\dimen198
)
(/usr/share/texlive/texmf-dist/tex/generic/pgf/basiclayer/pgfcorequick.code.tex
File: pgfcorequick.code.tex 2021/05/15 v3.1.9a (3.1.9a)
)
(/usr/share/texlive/texmf-dist/tex/generic/pgf/basiclayer/pgfcoreobjects.code.t
ex
File: pgfcoreobjects.code.tex 2021/05/15 v3.1.9a (3.1.9a)
)
(/usr/share/texlive/texmf-dist/tex/generic/pgf/basiclayer/pgfcorepathprocessing
.code.tex
File: pgfcorepathprocessing.code.tex 2021/05/15 v3.1.9a (3.1.9a)
)
(/usr/share/texlive/texmf-dist/tex/generic/pgf/basiclayer/pgfcorearrows.code.te
x
File: pgfcorearrows.code.tex 2021/05/15 v3.1.9a (3.1.9a)
\pgfarrowsep=\dimen199
)
(/usr/share/texlive/texmf-dist/tex/generic/pgf/basiclayer/pgfcoreshade.code.tex
File: pgfcoreshade.code.tex 2021/05/15 v3.1.9a (3.1.9a)
\pgf@max=\dimen256
\pgf@sys@shading@range@num=\count290
\pgf@shadingcount=\count291
)
(/usr/share/texlive/texmf-dist/tex/generic/pgf/basiclayer/pgfcoreimage.code.tex
File: pgfcoreimage.code.tex 2021/05/15 v3.1.9a (3.1.9a)

(/usr/share/texlive/texmf-dist/tex/generic/pgf/basiclayer/pgfcoreexternal.code.
tex
File: pgfcoreexternal.code.tex 2021/05/15 v3.1.9a (3.1.9a)
\pgfexternal@startupbox=\box64
))
(/usr/share/texlive/texmf-dist/tex/generic/pgf/basiclayer/pgfcorelayers.code.te
x
File: pgfcorelayers.code.tex 2021/05/15 v3.1.9a (3.1.9a)
)
(/usr/share/texlive/texmf-dist/tex/generic/pgf/basiclayer/pgfcoretransparency.c
ode.tex
File: pgfcoretransparency.code.tex 2021/05/15 v3.1.9a (3.1.9a)
)
(/usr/share/texlive/texmf-dist/tex/generic/pgf/basiclayer/pgfcorepatterns.code.
tex
File: pgfcorepatterns.code.tex 2021/05/15 v3.1.9a (3.1.9a)
)
(/usr/share/texlive/texmf-dist/tex/generic/pgf/basiclayer/pgfcorerdf.code.tex
File: pgfcorerdf.code.tex 2021/05/15 v3.1.9a (3.1.9a)
))) (/usr/share/texlive/texmf-dist/tex/latex/base/size11.clo
File: size11.clo 2021/10/04 v1.4n Standard LaTeX file (size option)
)
(/usr/share/texlive/texmf-dist/tex/latex/pgf/utilities/xxcolor.sty
Package: xxcolor 2003/10/24 ver 0.1
\XC@nummixins=\count292
\XC@countmixins=\count293
)
(/usr/share/texlive/texmf-dist/tex/latex/base/atbegshi-ltx.sty
Package: atbegshi-ltx 2021/01/10 v1.0c Emulation of the original atbegshi
package with kernel methods
)
(/usr/share/texlive/texmf-dist/tex/latex/hyperref/hyperref.sty
Package: hyperref 2021-06-07 v7.00m Hypertext links for LaTeX

(/usr/share/texlive/texmf-dist/tex/generic/ltxcmds/ltxcmds.sty
Package: ltxcmds 2020-05-10 v1.25 LaTeX kernel commands for general use (HO)
)
(/usr/share/texlive/texmf-dist/tex/generic/pdftexcmds/pdftexcmds.sty
Package: pdftexcmds 2020-06-27 v0.33 Utility functions of pdfTeX for LuaTeX (HO
)

(/usr/share/texlive/texmf-dist/tex/generic/infwarerr/infwarerr.sty
Package: infwarerr 2019/12/03 v1.5 Providing info/warning/error messages (HO)
)
Package pdftexcmds Info: \pdf@primitive is available.
Package pdftexcmds Info: \pdf@ifprimitive is available.
Package pdftexcmds Info: \pdfdraftmode found.
)
(/usr/share/texlive/texmf-dist/tex/generic/kvsetkeys/kvsetkeys.sty
Package: kvsetkeys 2019/12/15 v1.18 Key value parser (HO)
)
(/usr/share/texlive/texmf-dist/tex/generic/kvdefinekeys/kvdefinekeys.sty
Package: kvdefinekeys 2019-12-19 v1.6 Define keys (HO)
)
(/usr/share/texlive/texmf-dist/tex/generic/pdfescape/pdfescape.sty
Package: pdfescape 2019/12/09 v1.15 Implements pdfTeX's escape features (HO)
)
(/usr/share/texlive/texmf-dist/tex/latex/hycolor/hycolor.sty
Package: hycolor 2020-01-27 v1.10 Color options for hyperref/bookmark (HO)
)
(/usr/share/texlive/texmf-dist/tex/latex/letltxmacro/letltxmacro.sty
Package: letltxmacro 2019/12/03 v1.6 Let assignment for LaTeX macros (HO)
)
(/usr/share/texlive/texmf-dist/tex/latex/auxhook/auxhook.sty
Package: auxhook 2019-12-17 v1.6 Hooks for auxiliary files (HO)
)
(/usr/share/texlive/texmf-dist/tex/latex/kvoptions/kvoptions.sty
Package: kvoptions 2020-10-07 v3.14 Key value format for package options (HO)
)
\@linkdim=\dimen257
\Hy@linkcounter=\count294
\Hy@pagecounter=\count295

(/usr/share/texlive/texmf-dist/tex/latex/hyperref/pd1enc.def
File: pd1enc.def 2021-06-07 v7.00m Hyperref: PDFDocEncoding definition (HO)
Now handling font encoding PD1 ...
... no UTF-8 mapping file for font encoding PD1
)
(/usr/share/texlive/texmf-dist/tex/latex/hyperref/hyperref-langpatches.def
File: hyperref-langpatches.def 2021-06-07 v7.00m Hyperref: patches for babel la
nguages
)
(/usr/share/texlive/texmf-dist/tex/generic/intcalc/intcalc.sty
Package: intcalc 2019/12/15 v1.3 Expandable calculations with integers (HO)
)
(/usr/share/texlive/texmf-dist/tex/generic/etexcmds/etexcmds.sty
Package: etexcmds 2019/12/15 v1.7 Avoid name clashes with e-TeX commands (HO)
)
\Hy@SavedSpaceFactor=\count296

(/usr/share/texlive/texmf-dist/tex/latex/hyperref/puenc.def
File: puenc.def 2021-06-07 v7.00m Hyperref: PDF Unicode definition (HO)
Now handling font encoding PU ...
... no UTF-8 mapping file for font encoding PU
)
Package hyperref Info: Option `bookmarks' set `true' on input line 4073.
Package hyperref Info: Option `bookmarksopen' set `true' on input line 4073.
Package hyperref Info: Option `implicit' set `false' on input line 4073.
Package hyperref Info: Hyper figures OFF on input line 4192.
Package hyperref Info: Link nesting OFF on input line 4197.
Package hyperref Info: Hyper index ON on input line 4200.
Package hyperref Info: Plain pages OFF on input line 4207.
Package hyperref Info: Backreferencing OFF on input line 4212.
Package hyperref Info: Implicit mode OFF; no redefinition of LaTeX internals.
Package hyperref Info: Bookmarks ON on input line 4445.
\c@Hy@tempcnt=\count297

(/usr/share/texlive/texmf-dist/tex/latex/url/url.sty
\Urlmuskip=\muskip16
Package: url 2013/09/16  ver 3.4  Verb mode for urls, etc.
)
LaTeX Info: Redefining \url on input line 4804.
\XeTeXLinkMargin=\dimen258

(/usr/share/texlive/texmf-dist/tex/generic/bitset/bitset.sty
Package: bitset 2019/12/09 v1.3 Handle bit-vector datatype (HO)

(/usr/share/texlive/texmf-dist/tex/generic/bigintcalc/bigintcalc.sty
Package: bigintcalc 2019/12/15 v1.5 Expandable calculations on big integers (HO
)
))
\Fld@menulength=\count298
\Field@Width=\dimen259
\Fld@charsize=\dimen260
Package hyperref Info: Hyper figures OFF on input line 6076.
Package hyperref Info: Link nesting OFF on input line 6081.
Package hyperref Info: Hyper index ON on input line 6084.
Package hyperref Info: backreferencing OFF on input line 6091.
Package hyperref Info: Link coloring OFF on input line 6096.
Package hyperref Info: Link coloring with OCG OFF on input line 6101.
Package hyperref Info: PDF/A mode OFF on input line 6106.
LaTeX Info: Redefining \ref on input line 6146.
LaTeX Info: Redefining \pageref on input line 6150.
\Hy@abspage=\count299


Package hyperref Message: Stopped early.

)
Package hyperref Info: Driver (autodetected): hpdftex.
 (/usr/share/texlive/texmf-dist/tex/latex/hyperref/hpdftex.def
File: hpdftex.def 2021-06-07 v7.00m Hyperref driver for pdfTeX

(/usr/share/texlive/texmf-dist/tex/latex/base/atveryend-ltx.sty
Package: atveryend-ltx 2020/08/19 v1.0a Emulation of the original atveryend pac
kage
with kernel methods
)
\Fld@listcount=\count300
\c@bookmark@seq@number=\count301

(/usr/share/texlive/texmf-dist/tex/latex/rerunfilecheck/rerunfilecheck.sty
Package: rerunfilecheck 2019/12/05 v1.9 Rerun checks for auxiliary files (HO)

(/usr/share/texlive/texmf-dist/tex/generic/uniquecounter/uniquecounter.sty
Package: uniquecounter 2019/12/15 v1.4 Provide unlimited unique counter (HO)
)
Package uniquecounter Info: New unique counter `rerunfilecheck' on input line 2
86.
))
(/usr/share/texlive/texmf-dist/tex/latex/beamer/beamerbaserequires.sty
(/usr/share/texlive/texmf-dist/tex/latex/beamer/beamerbasecompatibility.sty)
(/usr/share/texlive/texmf-dist/tex/latex/beamer/beamerbasefont.sty
(/usr/share/texlive/texmf-dist/tex/latex/amsfonts/amssymb.sty
Package: amssymb 2013/01/14 v3.01 AMS font symbols

(/usr/share/texlive/texmf-dist/tex/latex/amsfonts/amsfonts.sty
Package: amsfonts 2013/01/14 v3.01 Basic AMSFonts support
\@emptytoks=\toks28
\symAMSa=\mathgroup4
\symAMSb=\mathgroup5
LaTeX Font Info:    Redeclaring math symbol \hbar on input line 98.
LaTeX Font Info:    Overwriting math alphabet `\mathfrak' in version `bold'
(Font)                  U/euf/m/n --> U/euf/b/n on input line 106.
))
(/usr/share/texlive/texmf-dist/tex/latex/sansmathaccent/sansmathaccent.sty
Package: sansmathaccent 2020/01/31

(/usr/share/texlive/texmf-dist/tex/latex/koma-script/scrlfile.sty
Package: scrlfile 2021/11/13 v3.35 KOMA-Script package (file load hooks)

(/usr/share/texlive/texmf-dist/tex/latex/koma-script/scrlfile-hook.sty
Package: scrlfile-hook 2021/11/13 v3.35 KOMA-Script package (using LaTeX hooks)


(/usr/share/texlive/texmf-dist/tex/latex/koma-script/scrlogo.sty
Package: scrlogo 2021/11/13 v3.35 KOMA-Script package (logo)
)))))
(/usr/share/texlive/texmf-dist/tex/latex/beamer/beamerbasetranslator.sty
(/usr/share/texlive/texmf-dist/tex/latex/translator/translator.sty
Package: translator 2021-05-31 v1.12d Easy translation of strings in LaTeX
))
(/usr/share/texlive/texmf-dist/tex/latex/beamer/beamerbasemisc.sty)
(/usr/share/texlive/texmf-dist/tex/latex/beamer/beamerbasetwoscreens.sty)
(/usr/share/texlive/texmf-dist/tex/latex/beamer/beamerbaseoverlay.sty
\beamer@argscount=\count302
\beamer@lastskipcover=\skip50
\beamer@trivlistdepth=\count303
)
(/usr/share/texlive/texmf-dist/tex/latex/beamer/beamerbasetitle.sty)
(/usr/share/texlive/texmf-dist/tex/latex/beamer/beamerbasesection.sty
\c@lecture=\count304
\c@part=\count305
\c@section=\count306
\c@subsection=\count307
\c@subsubsection=\count308
)
(/usr/share/texlive/texmf-dist/tex/latex/beamer/beamerbaseframe.sty
\beamer@framebox=\box65
\beamer@frametitlebox=\box66
\beamer@zoombox=\box67
\beamer@zoomcount=\count309
\beamer@zoomframecount=\count310
\beamer@frametextheight=\dimen261
\c@subsectionslide=\count311
\beamer@frametopskip=\skip51
\beamer@framebottomskip=\skip52
\beamer@frametopskipautobreak=\skip53
\beamer@framebottomskipautobreak=\skip54
\beamer@envbody=\toks29
\framewidth=\dimen262
\c@framenumber=\count312
)
(/usr/share/texlive/texmf-dist/tex/latex/beamer/beamerbaseverbatim.sty
\beamer@verbatimfileout=\write4
)
(/usr/share/texlive/texmf-dist/tex/latex/beamer/beamerbaseframesize.sty
\beamer@splitbox=\box68
\beamer@autobreakcount=\count313
\beamer@autobreaklastheight=\dimen263
\beamer@frametitletoks=\toks30
\beamer@framesubtitletoks=\toks31
)
(/usr/share/texlive/texmf-dist/tex/latex/beamer/beamerbaseframecomponents.sty
\beamer@footins=\box69
)
(/usr/share/texlive/texmf-dist/tex/latex/beamer/beamerbasecolor.sty)
(/usr/share/texlive/texmf-dist/tex/latex/beamer/beamerbasenotes.sty
\beamer@frameboxcopy=\box70
)
(/usr/share/texlive/texmf-dist/tex/latex/beamer/beamerbasetoc.sty)
(/usr/share/texlive/texmf-dist/tex/latex/beamer/beamerbasetemplates.sty
\beamer@sbttoks=\toks32

(/usr/share/texlive/texmf-dist/tex/latex/beamer/beamerbaseauxtemplates.sty
(/usr/share/texlive/texmf-dist/tex/latex/beamer/beamerbaseboxes.sty
\bmb@box=\box71
\bmb@colorbox=\box72
\bmb@boxwidth=\dimen264
\bmb@boxheight=\dimen265
\bmb@prevheight=\dimen266
\bmb@temp=\dimen267
\bmb@dima=\dimen268
\bmb@dimb=\dimen269
\bmb@prevheight=\dimen270
)
\beamer@blockheadheight=\dimen271
))
(/usr/share/texlive/texmf-dist/tex/latex/beamer/beamerbaselocalstructure.sty
(/usr/share/texlive/texmf-dist/tex/latex/tools/enumerate.sty
Package: enumerate 2015/07/23 v3.00 enumerate extensions (DPC)
\@enLab=\toks33
)
\beamer@bibiconwidth=\skip55
\c@figure=\count314
\c@table=\count315
\abovecaptionskip=\skip56
\belowcaptionskip=\skip57
)
(/usr/share/texlive/texmf-dist/tex/latex/beamer/beamerbasenavigation.sty
\beamer@section@min@dim=\dimen272
)
(/usr/share/texlive/texmf-dist/tex/latex/beamer/beamerbasetheorems.sty
(/usr/share/texlive/texmf-dist/tex/latex/amsmath/amsmath.sty
Package: amsmath 2021/10/15 v2.17l AMS math features
\@mathmargin=\skip58

For additional information on amsmath, use the `?' option.
(/usr/share/texlive/texmf-dist/tex/latex/amsmath/amstext.sty
Package: amstext 2021/08/26 v2.01 AMS text

(/usr/share/texlive/texmf-dist/tex/latex/amsmath/amsgen.sty
File: amsgen.sty 1999/11/30 v2.0 generic functions
\@emptytoks=\toks34
\ex@=\dimen273
))
(/usr/share/texlive/texmf-dist/tex/latex/amsmath/amsbsy.sty
Package: amsbsy 1999/11/29 v1.2d Bold Symbols
\pmbraise@=\dimen274
)
(/usr/share/texlive/texmf-dist/tex/latex/amsmath/amsopn.sty
Package: amsopn 2021/08/26 v2.02 operator names
)
\inf@bad=\count316
LaTeX Info: Redefining \frac on input line 234.
\uproot@=\count317
\leftroot@=\count318
LaTeX Info: Redefining \overline on input line 399.
\classnum@=\count319
\DOTSCASE@=\count320
LaTeX Info: Redefining \ldots on input line 496.
LaTeX Info: Redefining \dots on input line 499.
LaTeX Info: Redefining \cdots on input line 620.
\Mathstrutbox@=\box73
\strutbox@=\box74
\big@size=\dimen275
LaTeX Font Info:    Redeclaring font encoding OML on input line 743.
LaTeX Font Info:    Redeclaring font encoding OMS on input line 744.
\macc@depth=\count321
\c@MaxMatrixCols=\count322
\dotsspace@=\muskip17
\c@parentequation=\count323
\dspbrk@lvl=\count324
\tag@help=\toks35
\row@=\count325
\column@=\count326
\maxfields@=\count327
\andhelp@=\toks36
\eqnshift@=\dimen276
\alignsep@=\dimen277
\tagshift@=\dimen278
\tagwidth@=\dimen279
\totwidth@=\dimen280
\lineht@=\dimen281
\@envbody=\toks37
\multlinegap=\skip59
\multlinetaggap=\skip60
\mathdisplay@stack=\toks38
LaTeX Info: Redefining \[ on input line 2938.
LaTeX Info: Redefining \] on input line 2939.
)
(/usr/share/texlive/texmf-dist/tex/latex/amscls/amsthm.sty
Package: amsthm 2020/05/29 v2.20.6
\thm@style=\toks39
\thm@bodyfont=\toks40
\thm@headfont=\toks41
\thm@notefont=\toks42
\thm@headpunct=\toks43
\thm@preskip=\skip61
\thm@postskip=\skip62
\thm@headsep=\skip63
\dth@everypar=\toks44
)
\c@theorem=\count328
)
(/usr/share/texlive/texmf-dist/tex/latex/beamer/beamerbasethemes.sty))
(/usr/share/texlive/texmf-dist/tex/latex/beamer/beamerthemedefault.sty
(/usr/share/texlive/texmf-dist/tex/latex/beamer/beamerfontthemedefault.sty)
(/usr/share/texlive/texmf-dist/tex/latex/beamer/beamercolorthemedefault.sty)
(/usr/share/texlive/texmf-dist/tex/latex/beamer/beamerinnerthemedefault.sty
\beamer@dima=\dimen282
\beamer@dimb=\dimen283
)
(/usr/share/texlive/texmf-dist/tex/latex/beamer/beamerouterthemedefault.sty)))
(/usr/share/texlive/texmf-dist/tex/latex/base/inputenc.sty
Package: inputenc 2021/02/14 v1.3d Input encoding file
\inpenc@prehook=\toks45
\inpenc@posthook=\toks46
) (./ufcd.sty
Package: ufcd 2012/04/17 v1.0 Uni Freiburg Coporate Design (HO,SD)

(/home/tom/texmf/tex/latex/ufcd/ufcd-inputenx.sty
Package: ufcd-inputenx 2012/04/17 v1.0 Uni Freiburg Coporate Design (HO)

(/home/tom/texmf/tex/latex/ufcd/ufcd-kvopt.sty
Package: ufcd-kvopt 2012/04/17 v1.0 Uni Freiburg Coporate Design (HO)
)
(/usr/share/texlive/texmf-dist/tex/generic/iftex/ifxetex.sty
Package: ifxetex 2019/10/25 v0.7 ifxetex legacy package. Use iftex instead.
)
(/usr/share/texlive/texmf-dist/tex/latex/inputenx/inputenx.sty
Package: inputenx 2019/11/29 v1.12 Enhanced input encoding handling (HO)
)
(/usr/share/texlive/texmf-dist/tex/latex/inputenx/ix-alias.def))
(/home/tom/texmf/tex/latex/ufcd/beamerthemeufcd.sty
Package: beamerthemeufcd 2012/04/17 v1.0 Uni Freiburg Coporate Design (SD)

(/home/tom/texmf/tex/latex/ufcd/ufcd-config.sty
Package: ufcd-config 2012/04/17 v1.0 Uni Freiburg Coporate Design (HO)
Package ufcd-config Info: Configuration option `mw' added on input line 214.
Package ufcd-config Info: Configuration option `fuest' added on input line 215.

Package ufcd-config Info: Configuration option `iif' added on input line 216.
Package ufcd-config Info: Configuration option `imtek' added on input line 217.

Package ufcd-config Info: Configuration option `tf' added on input line 218.
Package ufcd-config Info: Configuration option `tf-dekanat' added on input line
 219.
Package ufcd-config Info: Configuration option `tf-dekpamt' added on input line
 220.
Package ufcd-config Info: Configuration option `tf-praktikumsamt' added on inpu
t line 221.
Package ufcd-config Info: Configuration option `tf-bibliothek' added on input l
ine 222.
Package ufcd-config Info: Configuration option `template-e1' added on input lin
e 223.
Package ufcd-config Info: Configuration option `template-e2' added on input lin
e 224.
)
(/home/tom/texmf/tex/latex/ufcd/ufcd-lang-opt.sty
Package: ufcd-lang-opt 2012/04/17 v1.0 Uni Freiburg Coporate Design (HO)

(/home/tom/texmf/tex/latex/ufcd/ufcd-lang-setup.sty
Package: ufcd-lang-setup 2012/04/17 v1.0 Uni Freiburg Coporate Design (HO)
))
(/home/tom/texmf/tex/latex/ufcd/ufcd-lang-load.sty
Package: ufcd-lang-load 2012/04/17 v1.0 Uni Freiburg Coporate Design (HO)

(/usr/share/texlive/texmf-dist/tex/generic/babel/babel.sty
Package: babel 2022/01/26 3.70 The Babel package
\babel@savecnt=\count329
\U@D=\dimen284
\l@unhyphenated=\language87

(/usr/share/texlive/texmf-dist/tex/generic/babel/txtbabel.def)
\bbl@readstream=\read3
LaTeX Info: Redefining \textlatin on input line 3967.
\bbl@dirlevel=\count330

(/usr/share/texlive/texmf-dist/tex/generic/babel-english/english.ldf
Language: english 2017/06/06 v3.3r English support from the babel system
Package babel Info: Hyphen rules for 'canadian' set to \l@english
(babel)             (\language0). Reported on input line 102.
Package babel Info: Hyphen rules for 'australian' set to \l@ukenglish
(babel)             (\language54). Reported on input line 105.
Package babel Info: Hyphen rules for 'newzealand' set to \l@ukenglish
(babel)             (\language54). Reported on input line 108.
)
(/usr/share/texlive/texmf-dist/tex/generic/babel-german/ngerman.ldf
Language: ngerman 2021/02/27 v2.13 German support for babel (post-1996 orthogra
phy)

(/usr/share/texlive/texmf-dist/tex/generic/babel-german/ngermanb.ldf
Language: ngermanb 2021/02/27 v2.13 German support for babel (post-1996 orthogr
aphy)
Package babel Info: Making " an active character on input line 122.
))))
(/usr/share/texlive/texmf-dist/tex/latex/base/ifthen.sty
Package: ifthen 2020/11/24 v1.1c Standard LaTeX ifthen package (DPC)
)
(/home/tom/texmf/tex/latex/ufcd/ufcd-base.sty
Package: ufcd-base 2012/04/17 v1.0 Uni Freiburg Coporate Design (HO)

(/usr/share/texlive/texmf-dist/tex/latex/base/fixltx2e.sty
Package: fixltx2e 2016/12/29 v2.1a fixes to LaTeX (obsolete)
Applying: [2015/01/01] Old fixltx2e package on input line 46.


Package fixltx2e Warning: fixltx2e is not required with releases after 2015
(fixltx2e)                All fixes are now in the LaTeX kernel.
(fixltx2e)                See the latexrelease package for details.

Already applied: [0000/00/00] Old fixltx2e package on input line 53.
) (/usr/share/texlive/texmf-dist/tex/latex/etex-pkg/etex.sty
Package: etex 2016/08/01 v2.7 eTeX basic definition package (PEB,DPC)


Package etex Warning: Extended allocation already in use.
(etex)                etex.sty code will not be used.
(etex)                To force etex package to load, add
(etex)                \RequirePackage{etex}
(etex)                at the start of the document.

)) (/home/tom/texmf/tex/latex/ufcd/ufcd-logo.sty
Package: ufcd-logo 2012/04/17 v1.0 Uni Freiburg Coporate Design (HO)
\ufcdWidthI=\skip64
\ufcdHeightI=\skip65
\ufcdSumI=\skip66
\ufcdWidthUNI=\skip67
\ufcdLetterOneWidthI=\skip68
\ufcdLetterOneHeightI=\skip69
\ufcdLetterOneSumI=\skip70
\ufcdLetterOneWidthUNI=\skip71
\ufcdLetterTwoWidthI=\skip72
\ufcdLetterTwoHeightI=\skip73
\ufcdLetterTwoSumI=\skip74
\ufcdLetterTwoWidthUNI=\skip75

(/usr/share/texlive/texmf-dist/tex/latex/grfext/grfext.sty
Package: grfext 2019/12/03 v1.3 Manage graphics extensions (HO)
)
Package grfext Info: Graphics extension search list:
(grfext)             [.eps,.pdf,.png,.jpg,.mps,.jpeg,.jbig2,.jb2,.PDF,.PNG,.JPG
,.JPEG,.JBIG2,.JB2]
(grfext)             \PrependGraphicsExtensions on input line 108.
Package grfext Info: Graphics extension search list:
(grfext)             [.pdf,.eps,.png,.jpg,.mps,.jpeg,.jbig2,.jb2,.PDF,.PNG,.JPG
,.JPEG,.JBIG2,.JB2]
(grfext)             \PrependGraphicsExtensions on input line 109.
)
(/home/tom/texmf/tex/latex/ufcd/ufcd-color.sty
Package: ufcd-color 2012/04/17 v1.0 Uni Freiburg Coporate Design (HO)

(/usr/share/texlive/texmf-dist/tex/latex/hycolor/xcolor-patch.sty
Package: xcolor-patch 2020/01/27 v1.10 xcolor patch

(/usr/share/texlive/texmf-dist/tex/latex/hopatch/hopatch.sty
Package: hopatch 2020-08-01 v1.4 Wrapper for package hooks (HO)
)))
\beamer@origsidebarwidth=\dimen285
\beamer@origheadheight=\dimen286
\beamer@sidebarwidth=\dimen287
\beamer@headheight=\dimen288
\ufcdTitlepageHeadheight=\dimen289
\ufcd@tempdima=\dimen290
\ufcd@tempdimb=\dimen291
\ufcd@beamersidebarwidthreduced=\dimen292
\ufcd@logowidth=\dimen293
\ufcdBeamerOneWidthI=\skip76
\ufcdBeamerOneHeightI=\skip77
\ufcdBeamerOneSumI=\skip78
\ufcdBeamerOneWidthUNI=\skip79
\ufcdBeamerTwoWidthI=\skip80
\ufcdBeamerTwoHeightI=\skip81
\ufcdBeamerTwoSumI=\skip82
\ufcdBeamerTwoWidthUNI=\skip83

(/home/tom/texmf/tex/latex/ufcd/beamercolorthemeufcd.sty
Package: beamercolorthemeufcd 2012/04/17 v1.0 Uni Freiburg Coporate Design (SD)

)
(/home/tom/texmf/tex/latex/ufcd/beamerfontthemeufcd.sty
Package: beamerfontthemeufcd 2012/04/17 v1.0 Uni Freiburg Coporate Design (SD)

(/home/tom/texmf/tex/latex/ufcd/ufcd-font.sty
Package: ufcd-font 2012/04/17 v1.0 Uni Freiburg Coporate Design (HO)

(/usr/share/texlive/texmf-dist/tex/latex/base/fontenc.sty
Package: fontenc 2021/04/29 v2.0v Standard LaTeX package
)
(/usr/share/texlive/texmf-dist/tex/latex/base/textcomp.sty
Package: textcomp 2020/02/02 v2.0n Standard LaTeX package
)
(/usr/share/texmf/tex/latex/lm/lmodern.sty
Package: lmodern 2009/10/30 v1.6 Latin Modern Fonts
LaTeX Font Info:    Overwriting symbol font `operators' in version `normal'
(Font)                  OT1/cmr/m/n --> OT1/lmr/m/n on input line 22.
LaTeX Font Info:    Overwriting symbol font `letters' in version `normal'
(Font)                  OML/cmm/m/it --> OML/lmm/m/it on input line 23.
LaTeX Font Info:    Overwriting symbol font `symbols' in version `normal'
(Font)                  OMS/cmsy/m/n --> OMS/lmsy/m/n on input line 24.
LaTeX Font Info:    Overwriting symbol font `largesymbols' in version `normal'
(Font)                  OMX/cmex/m/n --> OMX/lmex/m/n on input line 25.
LaTeX Font Info:    Overwriting symbol font `operators' in version `bold'
(Font)                  OT1/cmr/bx/n --> OT1/lmr/bx/n on input line 26.
LaTeX Font Info:    Overwriting symbol font `letters' in version `bold'
(Font)                  OML/cmm/b/it --> OML/lmm/b/it on input line 27.
LaTeX Font Info:    Overwriting symbol font `symbols' in version `bold'
(Font)                  OMS/cmsy/b/n --> OMS/lmsy/b/n on input line 28.
LaTeX Font Info:    Overwriting symbol font `largesymbols' in version `bold'
(Font)                  OMX/cmex/m/n --> OMX/lmex/m/n on input line 29.
LaTeX Font Info:    Overwriting math alphabet `\mathbf' in version `normal'
(Font)                  OT1/cmr/bx/n --> OT1/lmr/bx/n on input line 31.
LaTeX Font Info:    Overwriting math alphabet `\mathsf' in version `normal'
(Font)                  OT1/cmss/m/n --> OT1/lmss/m/n on input line 32.
LaTeX Font Info:    Overwriting math alphabet `\mathit' in version `normal'
(Font)                  OT1/cmr/m/it --> OT1/lmr/m/it on input line 33.
LaTeX Font Info:    Overwriting math alphabet `\mathtt' in version `normal'
(Font)                  OT1/cmtt/m/n --> OT1/lmtt/m/n on input line 34.
LaTeX Font Info:    Overwriting math alphabet `\mathbf' in version `bold'
(Font)                  OT1/cmr/bx/n --> OT1/lmr/bx/n on input line 35.
LaTeX Font Info:    Overwriting math alphabet `\mathsf' in version `bold'
(Font)                  OT1/cmss/bx/n --> OT1/lmss/bx/n on input line 36.
LaTeX Font Info:    Overwriting math alphabet `\mathit' in version `bold'
(Font)                  OT1/cmr/bx/it --> OT1/lmr/bx/it on input line 37.
LaTeX Font Info:    Overwriting math alphabet `\mathtt' in version `bold'
(Font)                  OT1/cmtt/m/n --> OT1/lmtt/m/n on input line 38.
)
(/usr/share/texlive/texmf-dist/tex/latex/psnfss/mathptmx.sty
Package: mathptmx 2020/03/25 PSNFSS-v9.3 Times w/ Math, improved (SPQR, WaS) 
LaTeX Font Info:    Redeclaring symbol font `operators' on input line 28.
LaTeX Font Info:    Overwriting symbol font `operators' in version `normal'
(Font)                  OT1/lmr/m/n --> OT1/ztmcm/m/n on input line 28.
LaTeX Font Info:    Overwriting symbol font `operators' in version `bold'
(Font)                  OT1/lmr/bx/n --> OT1/ztmcm/m/n on input line 28.
LaTeX Font Info:    Redeclaring symbol font `letters' on input line 29.
LaTeX Font Info:    Overwriting symbol font `letters' in version `normal'
(Font)                  OML/lmm/m/it --> OML/ztmcm/m/it on input line 29.
LaTeX Font Info:    Overwriting symbol font `letters' in version `bold'
(Font)                  OML/lmm/b/it --> OML/ztmcm/m/it on input line 29.
LaTeX Font Info:    Redeclaring symbol font `symbols' on input line 30.
LaTeX Font Info:    Overwriting symbol font `symbols' in version `normal'
(Font)                  OMS/lmsy/m/n --> OMS/ztmcm/m/n on input line 30.
LaTeX Font Info:    Overwriting symbol font `symbols' in version `bold'
(Font)                  OMS/lmsy/b/n --> OMS/ztmcm/m/n on input line 30.
LaTeX Font Info:    Redeclaring symbol font `largesymbols' on input line 31.
LaTeX Font Info:    Overwriting symbol font `largesymbols' in version `normal'
(Font)                  OMX/lmex/m/n --> OMX/ztmcm/m/n on input line 31.
LaTeX Font Info:    Overwriting symbol font `largesymbols' in version `bold'
(Font)                  OMX/lmex/m/n --> OMX/ztmcm/m/n on input line 31.
\symbold=\mathgroup6
\symitalic=\mathgroup7
LaTeX Font Info:    Redeclaring math alphabet \mathbf on input line 34.
LaTeX Font Info:    Overwriting math alphabet `\mathbf' in version `normal'
(Font)                  OT1/lmr/bx/n --> OT1/ptm/bx/n on input line 34.
LaTeX Font Info:    Overwriting math alphabet `\mathbf' in version `bold'
(Font)                  OT1/lmr/bx/n --> OT1/ptm/bx/n on input line 34.
LaTeX Font Info:    Redeclaring math alphabet \mathit on input line 35.
LaTeX Font Info:    Overwriting math alphabet `\mathit' in version `normal'
(Font)                  OT1/lmr/m/it --> OT1/ptm/m/it on input line 35.
LaTeX Font Info:    Overwriting math alphabet `\mathit' in version `bold'
(Font)                  OT1/lmr/bx/it --> OT1/ptm/m/it on input line 35.
LaTeX Info: Redefining \hbar on input line 50.
)
(/usr/share/texmf/tex/latex/tex-gyre/tgtermes.sty
Package: tgtermes 2009/09/27 v1.2 TeX Gyre Termes as default roman family
)
LaTeX Font Info:    Redeclaring symbol font `bold' on input line 129.
LaTeX Font Info:    Overwriting symbol font `bold' in version `normal'
(Font)                  OT1/ptm/bx/n --> OT1/qtm/bx/n on input line 129.
LaTeX Font Info:    Overwriting symbol font `bold' in version `bold'
(Font)                  OT1/ptm/bx/n --> OT1/qtm/bx/n on input line 129.
LaTeX Font Info:    Redeclaring symbol font `italic' on input line 129.
LaTeX Font Info:    Overwriting symbol font `italic' in version `normal'
(Font)                  OT1/ptm/m/it --> OT1/qtm/m/it on input line 129.
LaTeX Font Info:    Overwriting symbol font `italic' in version `bold'
(Font)                  OT1/ptm/m/it --> OT1/qtm/m/it on input line 129.
LaTeX Font Info:    Redeclaring math alphabet \mathbf on input line 129.
LaTeX Font Info:    Overwriting math alphabet `\mathbf' in version `normal'
(Font)                  OT1/ptm/bx/n --> OT1/qtm/bx/n on input line 129.
LaTeX Font Info:    Overwriting math alphabet `\mathbf' in version `bold'
(Font)                  OT1/ptm/bx/n --> OT1/qtm/bx/n on input line 129.
LaTeX Font Info:    Redeclaring math alphabet \mathit on input line 129.
LaTeX Font Info:    Overwriting math alphabet `\mathit' in version `normal'
(Font)                  OT1/ptm/m/it --> OT1/qtm/m/it on input line 129.
LaTeX Font Info:    Overwriting math alphabet `\mathit' in version `bold'
(Font)                  OT1/ptm/m/it --> OT1/qtm/m/it on input line 129.

(/usr/share/texmf/tex/latex/tex-gyre/tgheros.sty
Package: tgheros 2009/09/27 v1.2 TeX Gyre Heros as default sans serif family
)
LaTeX Font Info:    Redeclaring math alphabet \mathsf on input line 155.
LaTeX Font Info:    Overwriting math alphabet `\mathsf' in version `normal'
(Font)                  OT1/lmss/m/n --> OT1/qhv/m/n on input line 155.
LaTeX Font Info:    Overwriting math alphabet `\mathsf' in version `bold'
(Font)                  OT1/lmss/bx/n --> OT1/qhv/m/n on input line 155.
LaTeX Info: Redefining \em on input line 158.
))
(/home/tom/texmf/tex/latex/ufcd/beamerinnerthemeufcd.sty
Package: beamerinnerthemeufcd 2012/04/17 v1.0 Uni Freiburg Coporate Design (SD)

)
(/home/tom/texmf/tex/latex/ufcd/beamerouterthemeufcd.sty
Package: beamerouterthemeufcd 2012/04/17 v1.0 Uni Freiburg Coporate Design (SD)

)))
(/usr/share/texlive/texmf-dist/tex/latex/lipsum/lipsum.sty
(/usr/share/texlive/texmf-dist/tex/latex/l3packages/l3keys2e/l3keys2e.sty
(/usr/share/texlive/texmf-dist/tex/latex/l3kernel/expl3.sty
Package: expl3 2022-01-21 L3 programming layer (loader) 

(/usr/share/texlive/texmf-dist/tex/latex/l3backend/l3backend-pdftex.def
File: l3backend-pdftex.def 2022-01-12 L3 backend support: PDF output (pdfTeX)
\l__color_backend_stack_int=\count331
\l__pdf_internal_box=\box75
))
Package: l3keys2e 2022-01-12 LaTeX2e option processing using LaTeX3 keys
)
Package: lipsum 2021-09-20 v2.7 150 paragraphs of Lorem Ipsum dummy text
\g__lipsum_par_int=\count332
\l__lipsum_a_int=\count333
\l__lipsum_b_int=\count334

(/usr/share/texlive/texmf-dist/tex/latex/lipsum/lipsum.ltd.tex))
(/usr/share/texlive/texmf-dist/tex/latex/adjustbox/adjustbox.sty
Package: adjustbox 2020/08/19 v1.3 Adjusting TeX boxes (trim, clip, ...)

(/usr/share/texlive/texmf-dist/tex/latex/xkeyval/xkeyval.sty
Package: xkeyval 2020/11/20 v2.8 package option processing (HA)

(/usr/share/texlive/texmf-dist/tex/generic/xkeyval/xkeyval.tex
(/usr/share/texlive/texmf-dist/tex/generic/xkeyval/xkvutils.tex
\XKV@toks=\toks47
\XKV@tempa@toks=\toks48
)
\XKV@depth=\count335
File: xkeyval.tex 2014/12/03 v2.7a key=value parser (HA)
))
(/usr/share/texlive/texmf-dist/tex/latex/adjustbox/adjcalc.sty
Package: adjcalc 2012/05/16 v1.1 Provides advanced setlength with multiple back
-ends (calc, etex, pgfmath)
)
(/usr/share/texlive/texmf-dist/tex/latex/adjustbox/trimclip.sty
Package: trimclip 2020/08/19 v1.2 Trim and clip general TeX material

(/usr/share/texlive/texmf-dist/tex/latex/collectbox/collectbox.sty
Package: collectbox 2012/05/17 v0.4b Collect macro arguments as boxes
\collectedbox=\box76
)
\tc@llx=\dimen294
\tc@lly=\dimen295
\tc@urx=\dimen296
\tc@ury=\dimen297
Package trimclip Info: Using driver 'tc-pdftex.def'.

(/usr/share/texlive/texmf-dist/tex/latex/adjustbox/tc-pdftex.def
File: tc-pdftex.def 2019/01/04 v2.2 Clipping driver for pdftex
))
\adjbox@Width=\dimen298
\adjbox@Height=\dimen299
\adjbox@Depth=\dimen300
\adjbox@Totalheight=\dimen301
\adjbox@pwidth=\dimen302
\adjbox@pheight=\dimen303
\adjbox@pdepth=\dimen304
\adjbox@ptotalheight=\dimen305

(/usr/share/texlive/texmf-dist/tex/latex/ifoddpage/ifoddpage.sty
Package: ifoddpage 2016/04/23 v1.1 Conditionals for odd/even page detection
\c@checkoddpage=\count336
)
(/usr/share/texlive/texmf-dist/tex/latex/varwidth/varwidth.sty
Package: varwidth 2009/03/30 ver 0.92;  Variable-width minipages
\@vwid@box=\box77
\sift@deathcycles=\count337
\@vwid@loff=\dimen306
\@vwid@roff=\dimen307
))
(/usr/share/texlive/texmf-dist/tex/latex/textpos/textpos.sty
Package: textpos 2020/09/26 v1.10

Package: textpos 2020/09/26 1.10, absolute positioning of text on the page
Package textpos Info: choosing support for LaTeX3 on input line 61.
\TP@textbox=\box78
\TPHorizModule=\dimen308
\TPVertModule=\dimen309
\TP@margin=\dimen310
\TP@absmargin=\dimen311
Grid set 16 x 16 = 28.45274pt x 16.00467pt
\TPboxrulesize=\dimen312
\TP@tbargs=\toks49
) (/usr/share/texlive/texmf-dist/tex/latex/svg/svg.sty
Package: svg 2020/11/26 v2.02k (include SVG pictures)

(/usr/share/texlive/texmf-dist/tex/latex/koma-script/scrbase.sty
Package: scrbase 2021/11/13 v3.35 KOMA-Script package (KOMA-Script-independent 
basics and keyval usage)
Applying: [2021/05/01] Usage of raw or classic option list on input line 252.
Already applied: [0000/00/00] Usage of raw or classic option list on input line
 368.
)
(/usr/share/texlive/texmf-dist/tex/latex/trimspaces/trimspaces.sty
Package: trimspaces 2009/09/17 v1.1 Trim spaces around a token list
)
(/usr/share/texlive/texmf-dist/tex/latex/tools/shellesc.sty
Package: shellesc 2019/11/08 v1.0c unified shell escape interface for LaTeX
Package shellesc Info: Restricted shell escape enabled on input line 77.
)
\c@svg@param@lastpage=\count338
\svg@box=\box79
\c@svg@param@currpage=\count339
)
(/usr/share/texlive/texmf-dist/tex/latex/transparent/transparent.sty
Package: transparent 2019/11/29 v1.4 Transparency via pdfTeX's color stack (HO)

)
(/usr/share/texlive/texmf-dist/tex/latex/cmbright/cmbright.sty
Package: cmbright 2005/04/13 v8.1 (WaS)
LaTeX Font Info:    Redeclaring symbol font `operators' on input line 29.
LaTeX Font Info:    Overwriting symbol font `operators' in version `normal'
(Font)                  OT1/ztmcm/m/n --> OT1/cmbr/m/n on input line 29.
LaTeX Font Info:    Overwriting symbol font `operators' in version `bold'
(Font)                  OT1/ztmcm/m/n --> OT1/cmbr/m/n on input line 29.
LaTeX Font Info:    Redeclaring symbol font `letters' on input line 30.
LaTeX Font Info:    Overwriting symbol font `letters' in version `normal'
(Font)                  OML/ztmcm/m/it --> OML/cmbrm/m/it on input line 30.
LaTeX Font Info:    Overwriting symbol font `letters' in version `bold'
(Font)                  OML/ztmcm/m/it --> OML/cmbrm/m/it on input line 30.
LaTeX Font Info:    Overwriting symbol font `letters' in version `bold'
(Font)                  OML/cmbrm/m/it --> OML/cmbrm/b/it on input line 31.
LaTeX Font Info:    Redeclaring symbol font `symbols' on input line 32.
LaTeX Font Info:    Overwriting symbol font `symbols' in version `normal'
(Font)                  OMS/ztmcm/m/n --> OMS/cmbrs/m/n on input line 32.
LaTeX Font Info:    Overwriting symbol font `symbols' in version `bold'
(Font)                  OMS/ztmcm/m/n --> OMS/cmbrs/m/n on input line 32.
LaTeX Font Info:    Redeclaring math alphabet \mathit on input line 33.
LaTeX Font Info:    Overwriting math alphabet `\mathit' in version `normal'
(Font)                  OT1/qtm/m/it --> OT1/cmbr/m/sl on input line 33.
LaTeX Font Info:    Overwriting math alphabet `\mathit' in version `bold'
(Font)                  OT1/qtm/m/it --> OT1/cmbr/m/sl on input line 33.
LaTeX Font Info:    Redeclaring math alphabet \mathbf on input line 34.
LaTeX Font Info:    Overwriting math alphabet `\mathbf' in version `normal'
(Font)                  OT1/qtm/bx/n --> OT1/cmbr/bx/n on input line 34.
LaTeX Font Info:    Overwriting math alphabet `\mathbf' in version `bold'
(Font)                  OT1/qtm/bx/n --> OT1/cmbr/bx/n on input line 34.
LaTeX Font Info:    Redeclaring math alphabet \mathtt on input line 35.
LaTeX Font Info:    Overwriting math alphabet `\mathtt' in version `normal'
(Font)                  OT1/lmtt/m/n --> OT1/cmtl/m/n on input line 35.
LaTeX Font Info:    Overwriting math alphabet `\mathtt' in version `bold'
(Font)                  OT1/lmtt/m/n --> OT1/cmtl/m/n on input line 35.
LaTeX Font Info:    Redeclaring math symbol \alpha on input line 37.
LaTeX Font Info:    Redeclaring math symbol \beta on input line 38.
LaTeX Font Info:    Redeclaring math symbol \gamma on input line 39.
LaTeX Font Info:    Redeclaring math symbol \delta on input line 40.
LaTeX Font Info:    Redeclaring math symbol \epsilon on input line 41.
LaTeX Font Info:    Redeclaring math symbol \zeta on input line 42.
LaTeX Font Info:    Redeclaring math symbol \eta on input line 43.
LaTeX Font Info:    Redeclaring math symbol \theta on input line 44.
LaTeX Font Info:    Redeclaring math symbol \iota on input line 45.
LaTeX Font Info:    Redeclaring math symbol \kappa on input line 46.
LaTeX Font Info:    Redeclaring math symbol \lambda on input line 47.
LaTeX Font Info:    Redeclaring math symbol \mu on input line 48.
LaTeX Font Info:    Redeclaring math symbol \nu on input line 49.
LaTeX Font Info:    Redeclaring math symbol \xi on input line 50.
LaTeX Font Info:    Redeclaring math symbol \pi on input line 51.
LaTeX Font Info:    Redeclaring math symbol \rho on input line 52.
LaTeX Font Info:    Redeclaring math symbol \sigma on input line 53.
LaTeX Font Info:    Redeclaring math symbol \tau on input line 54.
LaTeX Font Info:    Redeclaring math symbol \upsilon on input line 55.
LaTeX Font Info:    Redeclaring math symbol \phi on input line 56.
LaTeX Font Info:    Redeclaring math symbol \chi on input line 57.
LaTeX Font Info:    Redeclaring math symbol \psi on input line 58.
LaTeX Font Info:    Redeclaring math symbol \omega on input line 59.
LaTeX Font Info:    Redeclaring math symbol \varepsilon on input line 60.
LaTeX Font Info:    Redeclaring math symbol \vartheta on input line 61.
LaTeX Font Info:    Redeclaring math symbol \varpi on input line 62.
LaTeX Font Info:    Redeclaring math symbol \varrho on input line 63.
LaTeX Font Info:    Redeclaring math symbol \varsigma on input line 64.
LaTeX Font Info:    Redeclaring math symbol \varphi on input line 65.
LaTeX Info: Redefining \LaTeX on input line 129.
LaTeX Info: Redefining \LaTeXe on input line 139.
LaTeX Font Info:    Trying to load font information for T1+cmbr on input line 1
44.

(/usr/share/texlive/texmf-dist/tex/latex/cmbright/t1cmbr.fd
File: t1cmbr.fd 2005/04/13 v8.1 (WaS)
))
(/usr/share/texlive/texmf-dist/tex/latex/pdfpages/pdfpages.sty
Package: pdfpages 2022/01/29 v0.5u Insert pages of external PDF documents (AM)

(/usr/share/texlive/texmf-dist/tex/latex/tools/calc.sty
Package: calc 2017/05/25 v4.3 Infix arithmetic (KKT,FJ)
\calc@Acount=\count340
\calc@Bcount=\count341
\calc@Adimen=\dimen313
\calc@Bdimen=\dimen314
\calc@Askip=\skip84
\calc@Bskip=\skip85
LaTeX Info: Redefining \setlength on input line 80.
LaTeX Info: Redefining \addtolength on input line 81.
\calc@Ccount=\count342
\calc@Cskip=\skip86
)
(/usr/share/texlive/texmf-dist/tex/latex/eso-pic/eso-pic.sty
Package: eso-pic 2020/10/14 v3.0a eso-pic (RN)
\ESO@tempdima=\dimen315
\ESO@tempdimb=\dimen316
)
\AM@pagewidth=\dimen317
\AM@pageheight=\dimen318
\AM@fboxrule=\dimen319

(/usr/share/texlive/texmf-dist/tex/latex/pdfpages/pppdftex.def
File: pppdftex.def 2022/01/29 v0.5u Pdfpages driver for pdfTeX (AM)
)
\pdfpages@includegraphics@status=\count343
\AM@pagebox=\box80
\AM@global@opts=\toks50
\AM@pagecnt=\count344
\AM@toc@title=\toks51
\c@AM@survey=\count345
\AM@templatesizebox=\box81
)
(/usr/share/texlive/texmf-dist/tex/latex/appendixnumberbeamer/appendixnumberbea
mer.sty) (/usr/share/texlive/texmf-dist/tex/latex/beamer/multimedia.sty
Package: multimedia 2012/05/02 ver 0.02
\mm@movie=\count346
)
(/usr/share/texlive/texmf-dist/tex/latex/pdfpc-movie/pdfpc-movie.sty
Package: pdfpc-movie 2018/07/21 v1.0 pdfpc compatible hyperlinking of movies

(/usr/share/texlive/texmf-dist/tex/latex/pgf/utilities/pgfkeys.sty
(/usr/share/texlive/texmf-dist/tex/generic/pgf/utilities/pgfkeys.code.tex))
\pdfpcmovie@remopts=\count347
\pdfpcmovie@posterbox=\box82
\pdfpcmovie@posterwd=\dimen320
\pdfpcmovie@posterht=\dimen321
\pdfpcmovie@posterdp=\dimen322
)
(/usr/share/texlive/texmf-dist/tex/latex/units/nicefrac.sty
Package: nicefrac 1998/08/04 v0.9b Nice fractions
\L@UnitsRaiseDisplaystyle=\skip87
\L@UnitsRaiseTextstyle=\skip88
\L@UnitsRaiseScriptstyle=\skip89
)
(/usr/share/texlive/texmf-dist/tex/latex/braket/braket.sty)
(/usr/share/texlive/texmf-dist/tex/latex/booktabs/booktabs.sty
Package: booktabs 2020/01/12 v1.61803398 Publication quality tables
\heavyrulewidth=\dimen323
\lightrulewidth=\dimen324
\cmidrulewidth=\dimen325
\belowrulesep=\dimen326
\belowbottomsep=\dimen327
\aboverulesep=\dimen328
\abovetopsep=\dimen329
\cmidrulesep=\dimen330
\cmidrulekern=\dimen331
\defaultaddspace=\dimen332
\@cmidla=\count348
\@cmidlb=\count349
\@aboverulesep=\dimen333
\@belowrulesep=\dimen334
\@thisruleclass=\count350
\@lastruleclass=\count351
\@thisrulewidth=\dimen335
)
(/usr/share/texlive/texmf-dist/tex/latex/caption/caption.sty
Package: caption 2020/10/26 v3.5g Customizing captions (AR)

(/usr/share/texlive/texmf-dist/tex/latex/caption/caption3.sty
Package: caption3 2020/10/21 v2.2e caption3 kernel (AR)
\captionmargin=\dimen336
\captionmargin@=\dimen337
\captionwidth=\dimen338
\caption@tempdima=\dimen339
\caption@indent=\dimen340
\caption@parindent=\dimen341
\caption@hangindent=\dimen342
Package caption Info: beamer document class detected.

(/usr/share/texlive/texmf-dist/tex/latex/caption/caption-beamer.sto
File: caption-beamer.sto 2020/08/22 v2.0 Adaption of the caption package to the
 beamer document classes (AR)
))
\c@caption@flags=\count352
\c@continuedfloat=\count353
Package caption Info: hyperref package is loaded.
Package caption Info: Hyperref support is turned off
(caption)             because hyperref has stopped early.
)
(/usr/share/texlive/texmf-dist/tex/latex/siunitx/siunitx.sty
Package: siunitx 2022-02-02 v3.0.46 A comprehensive (SI) units package
\l__siunitx_angle_tmp_dim=\dimen343
\l__siunitx_angle_marker_box=\box83
\l__siunitx_angle_unit_box=\box84
\l__siunitx_compound_count_int=\count354

(/usr/share/texlive/texmf-dist/tex/latex/translations/translations.sty
Package: translations 2022/01/04 v1.11 internationalization of LaTeX2e packages
 (CN)
)
\l__siunitx_number_exponent_fixed_int=\count355
\l__siunitx_number_min_decimal_int=\count356
\l__siunitx_number_min_integer_int=\count357
\l__siunitx_number_round_precision_int=\count358
\l__siunitx_number_group_minimum_int=\count359
\l__siunitx_table_tmp_box=\box85
\l__siunitx_table_tmp_dim=\dimen344
\l__siunitx_table_column_width_dim=\dimen345
\l__siunitx_table_integer_box=\box86
\l__siunitx_table_decimal_box=\box87
\l__siunitx_table_before_box=\box88
\l__siunitx_table_after_box=\box89
\l__siunitx_table_before_dim=\dimen346
\l__siunitx_table_carry_dim=\dimen347
\l__siunitx_unit_tmp_int=\count360
\l__siunitx_unit_position_int=\count361
\l__siunitx_unit_total_int=\count362

(/usr/share/texlive/texmf-dist/tex/latex/tools/array.sty
Package: array 2021/10/04 v2.5f Tabular extension package (FMi)
\col@sep=\dimen348
\ar@mcellbox=\box90
\extrarowheight=\dimen349
\NC@list=\toks52
\extratabsurround=\skip90
\backup@length=\skip91
\ar@cellbox=\box91
))

Package siunitx Info: Option "detect-all" has been deprecated in this release.
(siunitx)             
(siunitx)             Use "mode = match, propagate-math-font = true,
(siunitx)             reset-math-version = false, reset-text-family = false,
(siunitx)             reset-text-series = false, reset-text-shape = false,
(siunitx)             text-family-to-math = true, text-series-to-math = true"
(siunitx)             as a replacement.


(/usr/share/texlive/texmf-dist/tex/latex/biblatex/biblatex.sty
Package: biblatex 2022/02/02 v3.17 programmable bibliographies (PK/MW)

(/usr/share/texlive/texmf-dist/tex/latex/logreq/logreq.sty
Package: logreq 2010/08/04 v1.0 xml request logger
\lrq@indent=\count363

(/usr/share/texlive/texmf-dist/tex/latex/logreq/logreq.def
File: logreq.def 2010/08/04 v1.0 logreq spec v1.0
))
\c@tabx@nest=\count364
\c@listtotal=\count365
\c@listcount=\count366
\c@liststart=\count367
\c@liststop=\count368
\c@citecount=\count369
\c@citetotal=\count370
\c@multicitecount=\count371
\c@multicitetotal=\count372
\c@instcount=\count373
\c@maxnames=\count374
\c@minnames=\count375
\c@maxitems=\count376
\c@minitems=\count377
\c@citecounter=\count378
\c@maxcitecounter=\count379
\c@savedcitecounter=\count380
\c@uniquelist=\count381
\c@uniquename=\count382
\c@refsection=\count383
\c@refsegment=\count384
\c@maxextratitle=\count385
\c@maxextratitleyear=\count386
\c@maxextraname=\count387
\c@maxextradate=\count388
\c@maxextraalpha=\count389
\c@abbrvpenalty=\count390
\c@highnamepenalty=\count391
\c@lownamepenalty=\count392
\c@maxparens=\count393
\c@parenlevel=\count394
\blx@tempcnta=\count395
\blx@tempcntb=\count396
\blx@tempcntc=\count397
\c@blx@maxsection=\count398
\c@blx@maxsegment@0=\count399
\blx@notetype=\count400
\blx@parenlevel@text=\count401
\blx@parenlevel@foot=\count402
\c@blx@sectionciteorder@0=\count403
\blx@entrysetcounter=\count404
\blx@biblioinstance=\count405
\labelnumberwidth=\skip92
\labelalphawidth=\skip93
\biblabelsep=\skip94
\bibitemsep=\skip95
\bibnamesep=\skip96
\bibinitsep=\skip97
\bibparsep=\skip98
\bibhang=\skip99
\blx@bcfin=\read4
\blx@bcfout=\write5
\blx@langwohyphens=\language88
\c@mincomprange=\count406
\c@maxcomprange=\count407
\c@mincompwidth=\count408
Package biblatex Info: Trying to load biblatex default data model...
Package biblatex Info: ... file 'blx-dm.def' found.

(/usr/share/texlive/texmf-dist/tex/latex/biblatex/blx-dm.def
File: blx-dm.def 2022/02/02 v3.17 biblatex localization (PK/MW)
)
Package biblatex Info: Trying to load biblatex style data model...
Package biblatex Info: ... file 'authoryear.dbx' not found.
Package biblatex Info: Trying to load biblatex custom data model...
Package biblatex Info: ... file 'biblatex-dm.cfg' not found.
\c@afterword=\count409
\c@savedafterword=\count410
\c@annotator=\count411
\c@savedannotator=\count412
\c@author=\count413
\c@savedauthor=\count414
\c@bookauthor=\count415
\c@savedbookauthor=\count416
\c@commentator=\count417
\c@savedcommentator=\count418
\c@editor=\count419
\c@savededitor=\count420
\c@editora=\count421
\c@savededitora=\count422
\c@editorb=\count423
\c@savededitorb=\count424
\c@editorc=\count425
\c@savededitorc=\count426
\c@foreword=\count427
\c@savedforeword=\count428
\c@holder=\count429
\c@savedholder=\count430
\c@introduction=\count431
\c@savedintroduction=\count432
\c@namea=\count433
\c@savednamea=\count434
\c@nameb=\count435
\c@savednameb=\count436
\c@namec=\count437
\c@savednamec=\count438
\c@translator=\count439
\c@savedtranslator=\count440
\c@shortauthor=\count441
\c@savedshortauthor=\count442
\c@shorteditor=\count443
\c@savedshorteditor=\count444
\c@labelname=\count445
\c@savedlabelname=\count446
\c@institution=\count447
\c@savedinstitution=\count448
\c@lista=\count449
\c@savedlista=\count450
\c@listb=\count451
\c@savedlistb=\count452
\c@listc=\count453
\c@savedlistc=\count454
\c@listd=\count455
\c@savedlistd=\count456
\c@liste=\count457
\c@savedliste=\count458
\c@listf=\count459
\c@savedlistf=\count460
\c@location=\count461
\c@savedlocation=\count462
\c@organization=\count463
\c@savedorganization=\count464
\c@origlocation=\count465
\c@savedoriglocation=\count466
\c@origpublisher=\count467
\c@savedorigpublisher=\count468
\c@publisher=\count469
\c@savedpublisher=\count470
\c@language=\count471
\c@savedlanguage=\count472
\c@origlanguage=\count473
\c@savedoriglanguage=\count474
\c@pageref=\count475
\c@savedpageref=\count476
\shorthandwidth=\skip100
\shortjournalwidth=\skip101
\shortserieswidth=\skip102
\shorttitlewidth=\skip103
\shortauthorwidth=\skip104
\shorteditorwidth=\skip105
\locallabelnumberwidth=\skip106
\locallabelalphawidth=\skip107
\localshorthandwidth=\skip108
\localshortjournalwidth=\skip109
\localshortserieswidth=\skip110
\localshorttitlewidth=\skip111
\localshortauthorwidth=\skip112
\localshorteditorwidth=\skip113
Package biblatex Info: Trying to load compatibility code...
Package biblatex Info: ... file 'blx-compat.def' found.

(/usr/share/texlive/texmf-dist/tex/latex/biblatex/blx-compat.def
File: blx-compat.def 2022/02/02 v3.17 biblatex compatibility (PK/MW)
)
Package biblatex Info: Trying to load generic definitions...
Package biblatex Info: ... file 'biblatex.def' found.

(/usr/share/texlive/texmf-dist/tex/latex/biblatex/biblatex.def
File: biblatex.def 2022/02/02 v3.17 biblatex compatibility (PK/MW)
\c@textcitecount=\count477
\c@textcitetotal=\count478
\c@textcitemaxnames=\count479
\c@biburlbigbreakpenalty=\count480
\c@biburlbreakpenalty=\count481
\c@biburlnumpenalty=\count482
\c@biburlucpenalty=\count483
\c@biburllcpenalty=\count484
\biburlbigskip=\muskip18
\biburlnumskip=\muskip19
\biburlucskip=\muskip20
\biburllcskip=\muskip21
\c@smartand=\count485
)
Package biblatex Info: Trying to load bibliography style 'authoryear'...
Package biblatex Info: ... file 'authoryear.bbx' found.

(/usr/share/texlive/texmf-dist/tex/latex/biblatex/bbx/authoryear.bbx
File: authoryear.bbx 2022/02/02 v3.17 biblatex bibliography style (PK/MW)
Package biblatex Info: Trying to load bibliography style 'standard'...
Package biblatex Info: ... file 'standard.bbx' found.

(/usr/share/texlive/texmf-dist/tex/latex/biblatex/bbx/standard.bbx
File: standard.bbx 2022/02/02 v3.17 biblatex bibliography style (PK/MW)
\c@bbx:relatedcount=\count486
\c@bbx:relatedtotal=\count487
))
Package biblatex Info: Trying to load citation style 'authoryear'...
Package biblatex Info: ... file 'authoryear.cbx' found.

(/usr/share/texlive/texmf-dist/tex/latex/biblatex/cbx/authoryear.cbx
File: authoryear.cbx 2022/02/02 v3.17 biblatex citation style (PK/MW)
Package biblatex Info: Redefining '\cite'.
Package biblatex Info: Redefining '\parencite'.
Package biblatex Info: Redefining '\footcite'.
Package biblatex Info: Redefining '\footcitetext'.
Package biblatex Info: Redefining '\smartcite'.
Package biblatex Info: Redefining '\textcite'.
Package biblatex Info: Redefining '\textcites'.
)
Package biblatex Info: Trying to load configuration file...
Package biblatex Info: ... file 'biblatex.cfg' found.

(/usr/share/texlive/texmf-dist/tex/latex/biblatex/biblatex.cfg
File: biblatex.cfg 
)
Package biblatex Info: Input encoding 'utf8' detected.
Package biblatex Info: Document encoding is UTF8 ....
Package biblatex Info: ... and expl3
(biblatex)             2022-01-21 L3 programming layer (loader) 
(biblatex)             is new enough (at least 2020/04/06),
(biblatex)             setting 'casechanger=expl3'.

(/usr/share/texlive/texmf-dist/tex/latex/biblatex/blx-case-expl3.sty
(/usr/share/texlive/texmf-dist/tex/latex/l3packages/xparse/xparse.sty
Package: xparse 2022-01-12 L3 Experimental document command parser
)
Package: blx-case-expl3 2022/02/02 v3.17 expl3 case changing code for biblatex
))

Package biblatex Warning: Load 'inputenx' before biblatex.


Package biblatex Warning: 'babel/polyglossia' detected but 'csquotes' missing.
(biblatex)                Loading 'csquotes' recommended.

\@quotelevel=\count488
\@quotereset=\count489
(/home/tom/Documents/Talks/Valbella/out/talk.aux
(/home/tom/Documents/Talks/Valbella/out/title.aux)
(/home/tom/Documents/Talks/Valbella/out/overview.aux)
(/home/tom/Documents/Talks/Valbella/out/setup.aux)
(/home/tom/Documents/Talks/Valbella/out/results.aux)
(/home/tom/Documents/Talks/Valbella/out/outlook.aux)
(/home/tom/Documents/Talks/Valbella/out/final_remarks.aux))
\openout1 = `talk.aux'.

LaTeX Font Info:    Checking defaults for OML/cmm/m/it on input line 90.
LaTeX Font Info:    ... okay on input line 90.
LaTeX Font Info:    Checking defaults for OMS/cmsy/m/n on input line 90.
LaTeX Font Info:    ... okay on input line 90.
LaTeX Font Info:    Checking defaults for OT1/cmr/m/n on input line 90.
LaTeX Font Info:    ... okay on input line 90.
LaTeX Font Info:    Checking defaults for T1/cmr/m/n on input line 90.
LaTeX Font Info:    ... okay on input line 90.
LaTeX Font Info:    Checking defaults for TS1/cmr/m/n on input line 90.
LaTeX Font Info:    ... okay on input line 90.
LaTeX Font Info:    Checking defaults for OMX/cmex/m/n on input line 90.
LaTeX Font Info:    ... okay on input line 90.
LaTeX Font Info:    Checking defaults for U/cmr/m/n on input line 90.
LaTeX Font Info:    ... okay on input line 90.
LaTeX Font Info:    Checking defaults for PD1/pdf/m/n on input line 90.
LaTeX Font Info:    ... okay on input line 90.
LaTeX Font Info:    Checking defaults for PU/pdf/m/n on input line 90.
LaTeX Font Info:    ... okay on input line 90.

*geometry* driver: auto-detecting
*geometry* detected driver: pdftex
*geometry* verbose mode - [ preamble ] result:
* driver: pdftex
* paper: custom
* layout: <same size as paper>
* layoutoffset:(h,v)=(0.0pt,0.0pt)
* modes: includehead includefoot 
* h-part:(L,W,R)=(14.22636pt, 406.87451pt, 34.1432pt)
* v-part:(T,H,B)=(0.0pt, 256.0748pt, 0.0pt)
* \paperwidth=455.24408pt
* \paperheight=256.0748pt
* \textwidth=406.87451pt
* \textheight=227.62207pt
* \oddsidemargin=-58.04362pt
* \evensidemargin=-58.04362pt
* \topmargin=-72.26999pt
* \headheight=14.22636pt
* \headsep=0.0pt
* \topskip=11.0pt
* \footskip=14.22636pt
* \marginparwidth=4.0pt
* \marginparsep=10.0pt
* \columnsep=10.0pt
* \skip\footins=10.0pt plus 4.0pt minus 2.0pt
* \hoffset=0.0pt
* \voffset=0.0pt
* \mag=1000
* \@twocolumnfalse
* \@twosidefalse
* \@mparswitchfalse
* \@reversemarginfalse
* (1in=72.27pt=25.4mm, 1cm=28.453pt)

(/usr/share/texlive/texmf-dist/tex/context/base/mkii/supp-pdf.mkii
[Loading MPS to PDF converter (version 2006.09.02).]
\scratchcounter=\count490
\scratchdimen=\dimen350
\scratchbox=\box92
\nofMPsegments=\count491
\nofMParguments=\count492
\everyMPshowfont=\toks53
\MPscratchCnt=\count493
\MPscratchDim=\dimen351
\MPnumerator=\count494
\makeMPintoPDFobject=\count495
\everyMPtoPDFconversion=\toks54
) (/usr/share/texlive/texmf-dist/tex/latex/epstopdf-pkg/epstopdf-base.sty
Package: epstopdf-base 2020-01-24 v2.11 Base part for package epstopdf
Package epstopdf-base Info: Redefining graphics rule for `.eps' on input line 4
85.
Package grfext Info: Graphics extension search list:
(grfext)             [.pdf,.png,.jpg,.mps,.jpeg,.jbig2,.jb2,.PDF,.PNG,.JPG,.JPE
G,.JBIG2,.JB2,.eps]
(grfext)             \AppendGraphicsExtensions on input line 504.

(/usr/share/texlive/texmf-dist/tex/latex/latexconfig/epstopdf-sys.cfg
File: epstopdf-sys.cfg 2010/07/13 v1.3 Configuration of (r)epstopdf for TeX Liv
e
))
Package hyperref Info: Link coloring OFF on input line 90.

(/usr/share/texlive/texmf-dist/tex/latex/hyperref/nameref.sty
Package: nameref 2021-04-02 v2.47 Cross-referencing by name of section

(/usr/share/texlive/texmf-dist/tex/latex/refcount/refcount.sty
Package: refcount 2019/12/15 v3.6 Data extraction from label references (HO)
)
(/usr/share/texlive/texmf-dist/tex/generic/gettitlestring/gettitlestring.sty
Package: gettitlestring 2019/12/15 v1.6 Cleanup title references (HO)
)
\c@section@level=\count496
)
LaTeX Info: Redefining \ref on input line 90.
LaTeX Info: Redefining \pageref on input line 90.
LaTeX Info: Redefining \nameref on input line 90.

(/home/tom/Documents/Talks/Valbella/out/talk.out)
(/home/tom/Documents/Talks/Valbella/out/talk.out)
\@outlinefile=\write6
\openout6 = `talk.out'.

LaTeX Font Info:    Overwriting symbol font `operators' in version `normal'
(Font)                  OT1/cmbr/m/n --> OT1/cmss/m/n on input line 90.
LaTeX Font Info:    Overwriting symbol font `operators' in version `bold'
(Font)                  OT1/cmbr/m/n --> OT1/cmss/b/n on input line 90.
LaTeX Font Info:    Overwriting symbol font `operators' in version `normal'
(Font)                  OT1/cmss/m/n --> OT1/cmbr/m/n on input line 90.
LaTeX Font Info:    Overwriting symbol font `operators' in version `bold'
(Font)                  OT1/cmss/b/n --> OT1/cmbr/b/n on input line 90.
\symnumbers=\mathgroup8
\sympureletters=\mathgroup9
LaTeX Font Info:    Overwriting math alphabet `\mathrm' in version `normal'
(Font)                  OT1/cmbr/m/n --> T1/qtm/m/n on input line 90.
LaTeX Font Info:    Redeclaring math alphabet \mathbf on input line 90.
LaTeX Font Info:    Overwriting math alphabet `\mathbf' in version `normal'
(Font)                  OT1/cmbr/bx/n --> T1/cmbr/b/n on input line 90.
LaTeX Font Info:    Overwriting math alphabet `\mathbf' in version `bold'
(Font)                  OT1/cmbr/bx/n --> T1/cmbr/b/n on input line 90.
LaTeX Font Info:    Redeclaring math alphabet \mathsf on input line 90.
LaTeX Font Info:    Overwriting math alphabet `\mathsf' in version `normal'
(Font)                  OT1/qhv/m/n --> T1/cmbr/m/n on input line 90.
LaTeX Font Info:    Overwriting math alphabet `\mathsf' in version `bold'
(Font)                  OT1/qhv/m/n --> T1/cmbr/m/n on input line 90.
LaTeX Font Info:    Redeclaring math alphabet \mathit on input line 90.
LaTeX Font Info:    Overwriting math alphabet `\mathit' in version `normal'
(Font)                  OT1/cmbr/m/sl --> T1/cmbr/m/it on input line 90.
LaTeX Font Info:    Overwriting math alphabet `\mathit' in version `bold'
(Font)                  OT1/cmbr/m/sl --> T1/cmbr/m/it on input line 90.
LaTeX Font Info:    Redeclaring math alphabet \mathtt on input line 90.
LaTeX Font Info:    Overwriting math alphabet `\mathtt' in version `normal'
(Font)                  OT1/cmtl/m/n --> T1/cmtl/m/n on input line 90.
LaTeX Font Info:    Overwriting math alphabet `\mathtt' in version `bold'
(Font)                  OT1/cmtl/m/n --> T1/cmtl/m/n on input line 90.
LaTeX Font Info:    Overwriting symbol font `numbers' in version `bold'
(Font)                  T1/cmbr/m/n --> T1/cmbr/b/n on input line 90.
LaTeX Font Info:    Overwriting symbol font `pureletters' in version `bold'
(Font)                  T1/cmbr/m/it --> T1/cmbr/b/it on input line 90.
LaTeX Font Info:    Overwriting math alphabet `\mathrm' in version `bold'
(Font)                  OT1/cmbr/b/n --> T1/qtm/b/n on input line 90.
LaTeX Font Info:    Overwriting math alphabet `\mathbf' in version `bold'
(Font)                  T1/cmbr/b/n --> T1/cmbr/b/n on input line 90.
LaTeX Font Info:    Overwriting math alphabet `\mathsf' in version `bold'
(Font)                  T1/cmbr/m/n --> T1/cmbr/b/n on input line 90.
LaTeX Font Info:    Overwriting math alphabet `\mathit' in version `bold'
(Font)                  T1/cmbr/m/it --> T1/cmbr/b/it on input line 90.
LaTeX Font Info:    Overwriting math alphabet `\mathtt' in version `bold'
(Font)                  T1/cmtl/m/n --> T1/cmtl/b/n on input line 90.

(/usr/share/texlive/texmf-dist/tex/latex/translator/translator-basic-dictionary
-English.dict
Dictionary: translator-basic-dictionary, Language: English 
)
(/usr/share/texlive/texmf-dist/tex/latex/translator/translator-bibliography-dic
tionary-English.dict
Dictionary: translator-bibliography-dictionary, Language: English 
)
(/usr/share/texlive/texmf-dist/tex/latex/translator/translator-environment-dict
ionary-English.dict
Dictionary: translator-environment-dictionary, Language: English 
)
(/usr/share/texlive/texmf-dist/tex/latex/translator/translator-months-dictionar
y-English.dict
Dictionary: translator-months-dictionary, Language: English 
)
(/usr/share/texlive/texmf-dist/tex/latex/translator/translator-numbers-dictiona
ry-English.dict
Dictionary: translator-numbers-dictionary, Language: English 
)
(/usr/share/texlive/texmf-dist/tex/latex/translator/translator-theorem-dictiona
ry-English.dict
Dictionary: translator-theorem-dictionary, Language: English 
)
(/usr/share/texlive/texmf-dist/tex/latex/pdflscape/pdflscape.sty
Package: pdflscape 2019/12/05 v0.12 Display of landscape pages in PDF (HO)

(/usr/share/texlive/texmf-dist/tex/latex/graphics/lscape.sty
Package: lscape 2020/05/28 v3.02 Landscape Pages (DPC)
)
Package pdflscape Info: Auto-detected driver: pdftex on input line 81.
)
Package caption Info: Begin \AtBeginDocument code.
Package caption Info: End \AtBeginDocument code.

(/usr/share/texlive/texmf-dist/tex/latex/translations/translations-basic-dictio
nary-german.trsl
File: translations-basic-dictionary-german.trsl (german translation file `trans
lations-basic-dictionary')
)
Package translations Info: loading dictionary `translations-basic-dictionary' f
or `german'. on input line 90.

(/usr/share/texlive/texmf-dist/tex/latex/translations/translations-basic-dictio
nary-english.trsl
File: translations-basic-dictionary-english.trsl (english translation file `tra
nslations-basic-dictionary')
)
Package translations Info: loading dictionary `translations-basic-dictionary' f
or `english'. on input line 90.
Package biblatex Info: Trying to load language 'ngerman' -> 'ngerman-apa'...
Package biblatex Info: ... file 'ngerman-apa.lbx' found.

(/usr/share/texlive/texmf-dist/tex/latex/biblatex-apa/ngerman-apa.lbx
File: ngerman-apa.lbx 2021/12/24 v9.15 APA biblatex localisation
Package biblatex Info: Trying to load language 'ngerman'...
Package biblatex Info: ... file 'ngerman.lbx' found.

(/usr/share/texlive/texmf-dist/tex/latex/biblatex/lbx/ngerman.lbx
File: ngerman.lbx 2022/02/02 v3.17 biblatex localization (PK/MW)
Package biblatex Info: Trying to load language 'german'...
Package biblatex Info: ... file 'german.lbx' found.

(/usr/share/texlive/texmf-dist/tex/latex/biblatex/lbx/german.lbx
File: german.lbx 2022/02/02 v3.17 biblatex localization (PK/MW)
))
Package biblatex Info: Trying to load language 'ngerman'...
Package biblatex Info: ... file 'ngerman.lbx' found.

(/usr/share/texlive/texmf-dist/tex/latex/biblatex/lbx/ngerman.lbx
File: ngerman.lbx 2022/02/02 v3.17 biblatex localization (PK/MW)
Package biblatex Info: Trying to load language 'german'...
Package biblatex Info: ... file 'german.lbx' found.

(/usr/share/texlive/texmf-dist/tex/latex/biblatex/lbx/german.lbx
File: german.lbx 2022/02/02 v3.17 biblatex localization (PK/MW)
)))
Package biblatex Info: Trying to load language 'english'...
Package biblatex Info: ... file 'english.lbx' found.

(/usr/share/texlive/texmf-dist/tex/latex/biblatex/lbx/english.lbx
File: english.lbx 2022/02/02 v3.17 biblatex localization (PK/MW)
)

./talk.tex:90: LaTeX Error: Command \apashortdash undefined.

See the LaTeX manual or LaTeX Companion for explanation.
Type  H <return>  for immediate help.
 ...                                              
                                                  
l.90 \begin{document}
                     
Try typing  <return>  to proceed.
If that doesn't work, type  X <return>  to quit.

Package biblatex Info: Input encoding 'utf8' detected.
Package biblatex Info: Automatic encoding selection.
(biblatex)             Assuming data encoding 'utf8'.
\openout5 = `talk.bcf'.

Package biblatex Info: Trying to load bibliographic data...
Package biblatex Info: ... file 'talk.bbl' found.
(/home/tom/Documents/Talks/Valbella/out/talk.bbl)
Package biblatex Info: Reference section=0 on input line 90.
Package biblatex Info: Reference segment=0 on input line 90.

(/home/tom/Documents/Talks/Valbella/out/talk.nav)
<ufcd-logo-e1-left-a4-color.pdf, id=19, 140.06326pt x 164.99643pt>
File: ufcd-logo-e1-left-a4-color.pdf Graphic file (type pdf)
<use ufcd-logo-e1-left-a4-color.pdf>
Package pdftex.def Info: ufcd-logo-e1-left-a4-color.pdf  used on input line 90.

(pdftex.def)             Requested size: 53.22458pt x 62.69928pt.
\openout2 = `title.aux'.

 (./title.tex
LaTeX Font Info:    Trying to load font information for T1+qtm on input line 3.


(/usr/share/texmf/tex/latex/tex-gyre/t1qtm.fd
File: t1qtm.fd 2009/09/25 v1.2 font definition file for T1/qtm
)
File: ufcd-logo-e1-left-a4-color.pdf Graphic file (type pdf)
<use ufcd-logo-e1-left-a4-color.pdf>
Package pdftex.def Info: ufcd-logo-e1-left-a4-color.pdf  used on input line 3.
(pdftex.def)             Requested size: 53.22458pt x 62.69928pt.
 [1


{/var/lib/texmf/fonts/map/pdftex/updmap/pdftex.map}pdfTeX warning (ext4): desti
nation with the same identifier (name{Navigation1}) has been already used, dupl
icate ignored
<argument> ...shipout:D \box_use:N \l_shipout_box 
                                                  \__shipout_drop_firstpage_...
l.3 \end{frame}
                </home/tom/texmf/tex/latex/ufcd/logo/uni/pdf/ufcd-logo-e1-left-
a4-color.pdf>])
\openout2 = `overview.aux'.

 (./overview.tex
LaTeX Font Info:    Trying to load font information for OT1+cmbr on input line 
25.

(/usr/share/texlive/texmf-dist/tex/latex/cmbright/ot1cmbr.fd
File: ot1cmbr.fd 2005/04/13 v8.1 (WaS)
)
LaTeX Font Info:    Trying to load font information for OML+cmbrm on input line
 25.

(/usr/share/texlive/texmf-dist/tex/latex/cmbright/omlcmbrm.fd
File: omlcmbrm.fd 2005/04/13 v8.1 (WaS)
)
LaTeX Font Info:    Trying to load font information for OMS+cmbrs on input line
 25.

(/usr/share/texlive/texmf-dist/tex/latex/cmbright/omscmbrs.fd
File: omscmbrs.fd 2005/04/13 v8.1 (WaS)
)
LaTeX Font Info:    Trying to load font information for OMX+ztmcm on input line
 25.

(/usr/share/texlive/texmf-dist/tex/latex/psnfss/omxztmcm.fd
File: omxztmcm.fd 2000/01/03 Fontinst v1.801 font definitions for OMX/ztmcm.
)
LaTeX Font Info:    Trying to load font information for OT1+qtm on input line 2
5.

(/usr/share/texmf/tex/latex/tex-gyre/ot1qtm.fd
File: ot1qtm.fd 2009/09/25 v1.2 font definition file for OT1/qtm
)
LaTeX Font Info:    Font shape `OT1/qtm/bx/n' in size <10.95> not available
(Font)              Font shape `OT1/qtm/b/n' tried instead on input line 25.
LaTeX Font Info:    Font shape `OT1/qtm/bx/n' in size <8> not available
(Font)              Font shape `OT1/qtm/b/n' tried instead on input line 25.
LaTeX Font Info:    Font shape `OT1/qtm/bx/n' in size <6> not available
(Font)              Font shape `OT1/qtm/b/n' tried instead on input line 25.
LaTeX Font Info:    Font shape `T1/cmbr/m/it' in size <10.95> not available
(Font)              Font shape `T1/cmbr/m/sl' tried instead on input line 25.
LaTeX Font Info:    Font shape `T1/cmbr/m/it' in size <8> not available
(Font)              Font shape `T1/cmbr/m/sl' tried instead on input line 25.
LaTeX Font Info:    Font shape `T1/cmbr/m/it' in size <6> not available
(Font)              Font shape `T1/cmbr/m/sl' tried instead on input line 25.
File: ufcd-logo-e1-left-a4-color.pdf Graphic file (type pdf)
<use ufcd-logo-e1-left-a4-color.pdf>
Package pdftex.def Info: ufcd-logo-e1-left-a4-color.pdf  used on input line 25.

(pdftex.def)             Requested size: 53.22458pt x 62.69928pt.
 [2




]
File: ufcd-logo-e1-left-a4-color.pdf Graphic file (type pdf)
<use ufcd-logo-e1-left-a4-color.pdf>
Package pdftex.def Info: ufcd-logo-e1-left-a4-color.pdf  used on input line 25.

(pdftex.def)             Requested size: 53.22458pt x 62.69928pt.
 [3

]
<figures//bali_potential_full.png, id=44, 622.325pt x 722.7pt>
File: figures//bali_potential_full.png Graphic file (type png)
<use figures//bali_potential_full.png>
Package pdftex.def Info: figures//bali_potential_full.png  used on input line 4
1.
(pdftex.def)             Requested size: 142.40855pt x 165.37941pt.
<figures//atom_ion_potential.png, id=45, 391.4625pt x 328.22626pt>
File: figures//atom_ion_potential.png Graphic file (type png)
<use figures//atom_ion_potential.png>
Package pdftex.def Info: figures//atom_ion_potential.png  used on input line 41
.
(pdftex.def)             Requested size: 142.40855pt x 119.40341pt.
File: ufcd-logo-e1-left-a4-color.pdf Graphic file (type pdf)
<use ufcd-logo-e1-left-a4-color.pdf>
Package pdftex.def Info: ufcd-logo-e1-left-a4-color.pdf  used on input line 41.

(pdftex.def)             Requested size: 53.22458pt x 62.69928pt.
 [4

 <./figures//bali_potential_full.png> <./figures//atom_ion_potential.png>]
<figures//partial_waves.png, id=58, 800.9925pt x 336.25626pt>
File: figures//partial_waves.png Graphic file (type png)
<use figures//partial_waves.png>
Package pdftex.def Info: figures//partial_waves.png  used on input line 41.
(pdftex.def)             Requested size: 305.15588pt x 128.10707pt.
File: ufcd-logo-e1-left-a4-color.pdf Graphic file (type pdf)
<use ufcd-logo-e1-left-a4-color.pdf>
Package pdftex.def Info: ufcd-logo-e1-left-a4-color.pdf  used on input line 41.

(pdftex.def)             Requested size: 53.22458pt x 62.69928pt.
 [5

 <./figures//partial_waves.png>]
<figures//feshbach_resonance2.png, id=66, 1128.215pt x 643.40375pt>
File: figures//feshbach_resonance2.png Graphic file (type png)
<use figures//feshbach_resonance2.png>
Package pdftex.def Info: figures//feshbach_resonance2.png  used on input line 6
4.
(pdftex.def)             Requested size: 223.78221pt x 127.61816pt.
File: ufcd-logo-e1-left-a4-color.pdf Graphic file (type pdf)
<use ufcd-logo-e1-left-a4-color.pdf>
Package pdftex.def Info: ufcd-logo-e1-left-a4-color.pdf  used on input line 64.

(pdftex.def)             Requested size: 53.22458pt x 62.69928pt.
 [6

 <./figures//feshbach_resonance2.png>]
File: figures//feshbach_resonance2.png Graphic file (type png)
<use figures//feshbach_resonance2.png>
Package pdftex.def Info: figures//feshbach_resonance2.png  used on input line 6
4.
(pdftex.def)             Requested size: 223.78221pt x 127.61816pt.
LaTeX Font Info:    Font shape `OT1/qtm/bx/n' in size <10> not available
(Font)              Font shape `OT1/qtm/b/n' tried instead on input line 64.
LaTeX Font Info:    Font shape `OT1/qtm/bx/n' in size <7.4> not available
(Font)              Font shape `OT1/qtm/b/n' tried instead on input line 64.
LaTeX Font Info:    Font shape `T1/cmbr/m/it' in size <10> not available
(Font)              Font shape `T1/cmbr/m/sl' tried instead on input line 64.
LaTeX Font Info:    Font shape `T1/cmbr/m/it' in size <7.4> not available
(Font)              Font shape `T1/cmbr/m/sl' tried instead on input line 64.
<figures//feshbach_resonance_isolated.pdf, id=74, 204.17294pt x 106.47556pt>
File: figures//feshbach_resonance_isolated.pdf Graphic file (type pdf)
<use figures//feshbach_resonance_isolated.pdf>
Package pdftex.def Info: figures//feshbach_resonance_isolated.pdf  used on inpu
t line 64.
(pdftex.def)             Requested size: 162.75041pt x 84.87347pt.
File: ufcd-logo-e1-left-a4-color.pdf Graphic file (type pdf)
<use ufcd-logo-e1-left-a4-color.pdf>
Package pdftex.def Info: ufcd-logo-e1-left-a4-color.pdf  used on input line 64.

(pdftex.def)             Requested size: 53.22458pt x 62.69928pt.
 [7

 <./figures//feshbach_resonance_isolated.pdf>])
\openout2 = `setup.aux'.

 (./setup.tex
LaTeX Font Info:    Trying to load font information for TS1+cmbr on input line 
13.

(/usr/share/texlive/texmf-dist/tex/latex/cmbright/ts1cmbr.fd
File: ts1cmbr.fd 2005/04/13 v8.1 (WaS)
)
<figures//xodt_schematic.png, id=116, 833.1125pt x 308.15125pt>
File: figures//xodt_schematic.png Graphic file (type png)
<use figures//xodt_schematic.png>
Package pdftex.def Info: figures//xodt_schematic.png  used on input line 13.
(pdftex.def)             Requested size: 244.12718pt x 90.29726pt.
<figures//xodt_sim.png, id=117, 639.38875pt x 463.7325pt>
File: figures//xodt_sim.png Graphic file (type png)
<use figures//xodt_sim.png>
Package pdftex.def Info: figures//xodt_sim.png  used on input line 13.
(pdftex.def)             Requested size: 162.74731pt x 118.0344pt.
File: ufcd-logo-e1-left-a4-color.pdf Graphic file (type pdf)
<use ufcd-logo-e1-left-a4-color.pdf>
Package pdftex.def Info: ufcd-logo-e1-left-a4-color.pdf  used on input line 13.

(pdftex.def)             Requested size: 53.22458pt x 62.69928pt.
 [8




 <./figures//xodt_schematic.png> <./figures//xodt_sim.png>]
<figures//paulfalle_xy.pdf, id=127, 652.9838pt x 254.3329pt>
File: figures//paulfalle_xy.pdf Graphic file (type pdf)
<use figures//paulfalle_xy.pdf>
Package pdftex.def Info: figures//paulfalle_xy.pdf  used on input line 30.
(pdftex.def)             Requested size: 223.78221pt x 87.16281pt.
<figures//IonTrap_3_free.png, id=128, 377.9721pt x 249.45195pt>
File: figures//IonTrap_3_free.png Graphic file (type png)
<use figures//IonTrap_3_free.png>
Package pdftex.def Info: figures//IonTrap_3_free.png  used on input line 30.
(pdftex.def)             Requested size: 142.40855pt x 93.98578pt.
File: ufcd-logo-e1-left-a4-color.pdf Graphic file (type pdf)
<use ufcd-logo-e1-left-a4-color.pdf>
Package pdftex.def Info: ufcd-logo-e1-left-a4-color.pdf  used on input line 30.

(pdftex.def)             Requested size: 53.22458pt x 62.69928pt.
 [9

 <./figures//paulfalle_xy.pdf> <./figures//IonTrap_3_free.png>]
File: figures//paulfalle_xy.pdf Graphic file (type pdf)
<use figures//paulfalle_xy.pdf>
Package pdftex.def Info: figures//paulfalle_xy.pdf  used on input line 30.
(pdftex.def)             Requested size: 223.78221pt x 87.16281pt.
<figures//ion_dynamics_xt1.pdf, id=138, 526.96875pt x 408.4871pt>
File: figures//ion_dynamics_xt1.pdf Graphic file (type pdf)
<use figures//ion_dynamics_xt1.pdf>
Package pdftex.def Info: figures//ion_dynamics_xt1.pdf  used on input line 30.
(pdftex.def)             Requested size: 142.40855pt x 110.39272pt.
File: ufcd-logo-e1-left-a4-color.pdf Graphic file (type pdf)
<use ufcd-logo-e1-left-a4-color.pdf>
Package pdftex.def Info: ufcd-logo-e1-left-a4-color.pdf  used on input line 30.

(pdftex.def)             Requested size: 53.22458pt x 62.69928pt.
 [10

 <./figures//ion_dynamics_xt1.pdf>]
<figures//collision_heating.png, id=149, 829.0975pt x 250.9375pt>
File: figures//collision_heating.png Graphic file (type png)
<use figures//collision_heating.png>
Package pdftex.def Info: figures//collision_heating.png  used on input line 37.

(pdftex.def)             Requested size: 406.87451pt x 123.14423pt.
File: ufcd-logo-e1-left-a4-color.pdf Graphic file (type pdf)
<use ufcd-logo-e1-left-a4-color.pdf>
Package pdftex.def Info: ufcd-logo-e1-left-a4-color.pdf  used on input line 37.

(pdftex.def)             Requested size: 53.22458pt x 62.69928pt.
 [11

 <./figures//collision_heating.png>]
File: figures//bali_potential_full.png Graphic file (type png)
<use figures//bali_potential_full.png>
Package pdftex.def Info: figures//bali_potential_full.png  used on input line 6
0.
(pdftex.def)             Requested size: 183.09229pt x 212.62122pt.
LaTeX Font Info:    Font shape `OT1/qtm/bx/n' in size <14.4> not available
(Font)              Font shape `OT1/qtm/b/n' tried instead on input line 60.
LaTeX Font Info:    Font shape `T1/cmbr/m/it' in size <14.4> not available
(Font)              Font shape `T1/cmbr/m/sl' tried instead on input line 60.
File: ufcd-logo-e1-left-a4-color.pdf Graphic file (type pdf)
<use ufcd-logo-e1-left-a4-color.pdf>
Package pdftex.def Info: ufcd-logo-e1-left-a4-color.pdf  used on input line 60.

(pdftex.def)             Requested size: 53.22458pt x 62.69928pt.
 [12

])
\openout2 = `results.aux'.

 (./results.tex
<figures//fig_2.pdf, id=163, 520.138pt x 198.75859pt>
File: figures//fig_2.pdf Graphic file (type pdf)
<use figures//fig_2.pdf>
Package pdftex.def Info: figures//fig_2.pdf  used on input line 8.
(pdftex.def)             Requested size: 406.87451pt x 155.47992pt.
File: ufcd-logo-e1-left-a4-color.pdf Graphic file (type pdf)
<use ufcd-logo-e1-left-a4-color.pdf>
Package pdftex.def Info: ufcd-logo-e1-left-a4-color.pdf  used on input line 8.
(pdftex.def)             Requested size: 53.22458pt x 62.69928pt.
 [13




 <./figures//fig_2.pdf>]
<figures//spin1_overview_full.pdf, id=1744, 1445.4pt x 361.35pt>
File: figures//spin1_overview_full.pdf Graphic file (type pdf)
<use figures//spin1_overview_full.pdf>
Package pdftex.def Info: figures//spin1_overview_full.pdf  used on input line 1
9.
(pdftex.def)             Requested size: 1445.39648pt x 361.34912pt.

Overfull \hbox (61.02216pt too wide) in paragraph at lines 19--19
[] 
 []

File: ufcd-logo-e1-left-a4-color.pdf Graphic file (type pdf)
<use ufcd-logo-e1-left-a4-color.pdf>
Package pdftex.def Info: ufcd-logo-e1-left-a4-color.pdf  used on input line 19.

(pdftex.def)             Requested size: 53.22458pt x 62.69928pt.
[14

 <./figures//spin1_overview_full.pdf>]
<figures//suppl_fig_2.pdf, id=1767, 237.66728pt x 295.72385pt>
File: figures//suppl_fig_2.pdf Graphic file (type pdf)
<use figures//suppl_fig_2.pdf>
Package pdftex.def Info: figures//suppl_fig_2.pdf  used on input line 31.
(pdftex.def)             Requested size: 142.40855pt x 177.20102pt.
<figures//fig_3_alt.pdf, id=1768, 235.41145pt x 169.3138pt>
File: figures//fig_3_alt.pdf Graphic file (type pdf)
<use figures//fig_3_alt.pdf>
Package pdftex.def Info: figures//fig_3_alt.pdf  used on input line 31.
(pdftex.def)             Requested size: 203.43726pt x 146.31749pt.
File: ufcd-logo-e1-left-a4-color.pdf Graphic file (type pdf)
<use ufcd-logo-e1-left-a4-color.pdf>
Package pdftex.def Info: ufcd-logo-e1-left-a4-color.pdf  used on input line 31.

(pdftex.def)             Requested size: 53.22458pt x 62.69928pt.
 [15

 <./figures//suppl_fig_2.pdf> <./figures//fig_3_alt.pdf

pdfTeX warning: pdflatex (file ./figures//fig_3_alt.pdf): PDF inclusion: multip
le pdfs with page group included in a single page
>]
File: figures//suppl_fig_2.pdf Graphic file (type pdf)
<use figures//suppl_fig_2.pdf>
Package pdftex.def Info: figures//suppl_fig_2.pdf  used on input line 31.
(pdftex.def)             Requested size: 142.40855pt x 177.20102pt.
File: figures//fig_3_alt.pdf Graphic file (type pdf)
<use figures//fig_3_alt.pdf>
Package pdftex.def Info: figures//fig_3_alt.pdf  used on input line 31.
(pdftex.def)             Requested size: 203.43726pt x 146.31749pt.
File: ufcd-logo-e1-left-a4-color.pdf Graphic file (type pdf)
<use ufcd-logo-e1-left-a4-color.pdf>
Package pdftex.def Info: ufcd-logo-e1-left-a4-color.pdf  used on input line 31.

(pdftex.def)             Requested size: 53.22458pt x 62.69928pt.
 [16

])
\openout2 = `outlook.aux'.

 (./outlook.tex
<figures//many_body.png, id=3073, 1500.60625pt x 1261.71375pt>
File: figures//many_body.png Graphic file (type png)
<use figures//many_body.png>
Package pdftex.def Info: figures//many_body.png  used on input line 11.
(pdftex.def)             Requested size: 203.43726pt x 171.03633pt.
<figures//phase_diagram.png, id=3075, 978.65625pt x 470.75874pt>
File: figures//phase_diagram.png Graphic file (type png)
<use figures//phase_diagram.png>
Package pdftex.def Info: figures//phase_diagram.png  used on input line 11.
(pdftex.def)             Requested size: 203.43726pt x 97.8566pt.
File: ufcd-logo-e1-left-a4-color.pdf Graphic file (type pdf)
<use ufcd-logo-e1-left-a4-color.pdf>
Package pdftex.def Info: ufcd-logo-e1-left-a4-color.pdf  used on input line 11.

(pdftex.def)             Requested size: 53.22458pt x 62.69928pt.
 [17




 <./figures//many_body.png (PNG copy)> <./figures//phase_diagram.png (PNG copy)
>]
<figures//para_res.png, id=3086, 951.555pt x 655.44875pt>
File: figures//para_res.png Graphic file (type png)
<use figures//para_res.png>
Package pdftex.def Info: figures//para_res.png  used on input line 40.
(pdftex.def)             Requested size: 128.16403pt x 88.28172pt.
<parametric_time.png, id=3087, 795.97375pt x 677.53125pt>
File: parametric_time.png Graphic file (type png)
<use parametric_time.png>
Package pdftex.def Info: parametric_time.png  used on input line 40.
(pdftex.def)             Requested size: 128.16403pt x 109.08954pt.
File: ufcd-logo-e1-left-a4-color.pdf Graphic file (type pdf)
<use ufcd-logo-e1-left-a4-color.pdf>
Package pdftex.def Info: ufcd-logo-e1-left-a4-color.pdf  used on input line 40.

(pdftex.def)             Requested size: 53.22458pt x 62.69928pt.
 [18

 <./figures//para_res.png (PNG copy)> <./parametric_time.png>]
File: figures//partial_waves.png Graphic file (type png)
<use figures//partial_waves.png>
Package pdftex.def Info: figures//partial_waves.png  used on input line 53.
(pdftex.def)             Requested size: 800.99054pt x 336.25543pt.
File: ufcd-logo-e1-left-a4-color.pdf Graphic file (type pdf)
<use ufcd-logo-e1-left-a4-color.pdf>
Package pdftex.def Info: ufcd-logo-e1-left-a4-color.pdf  used on input line 53.

(pdftex.def)             Requested size: 53.22458pt x 62.69928pt.
 [19

]
File: figures//partial_waves.png Graphic file (type png)
<use figures//partial_waves.png>
Package pdftex.def Info: figures//partial_waves.png  used on input line 53.
(pdftex.def)             Requested size: 800.99054pt x 336.25543pt.
<figures//feshbach_temp.png, id=3102, 1304.875pt x 971.63pt>
File: figures//feshbach_temp.png Graphic file (type png)
<use figures//feshbach_temp.png>
Package pdftex.def Info: figures//feshbach_temp.png  used on input line 53.
(pdftex.def)             Requested size: 219.71297pt x 163.58855pt.
File: ufcd-logo-e1-left-a4-color.pdf Graphic file (type pdf)
<use ufcd-logo-e1-left-a4-color.pdf>
Package pdftex.def Info: ufcd-logo-e1-left-a4-color.pdf  used on input line 53.

(pdftex.def)             Requested size: 53.22458pt x 62.69928pt.
 [20

 <./figures//feshbach_temp.png>]
File: ufcd-logo-e1-left-a4-color.pdf Graphic file (type pdf)
<use ufcd-logo-e1-left-a4-color.pdf>
Package pdftex.def Info: ufcd-logo-e1-left-a4-color.pdf  used on input line 79.

(pdftex.def)             Requested size: 53.22458pt x 62.69928pt.
 [21

]
File: ufcd-logo-e1-left-a4-color.pdf Graphic file (type pdf)
<use ufcd-logo-e1-left-a4-color.pdf>
Package pdftex.def Info: ufcd-logo-e1-left-a4-color.pdf  used on input line 93.

(pdftex.def)             Requested size: 53.22458pt x 62.69928pt.
 [22

])
\openout2 = `final_remarks.aux'.


(./final_remarks.tex

pdfTeX warning: pdflatex (file ./figures//thankyouslide.pdf): PDF inclusion: fo
und PDF version <1.6>, but at most version <1.5> allowed
<figures//thankyouslide.pdf, id=3126, 796.67719pt x 448.1309pt>
File: figures//thankyouslide.pdf Graphic file (type pdf)
<use figures//thankyouslide.pdf>
Package pdftex.def Info: figures//thankyouslide.pdf  used on input line 3.
(pdftex.def)             Requested size: 366.18457pt x 205.97859pt.
File: ufcd-logo-e1-left-a4-color.pdf Graphic file (type pdf)
<use ufcd-logo-e1-left-a4-color.pdf>
Package pdftex.def Info: ufcd-logo-e1-left-a4-color.pdf  used on input line 3.
(pdftex.def)             Requested size: 53.22458pt x 62.69928pt.
[23




 <./figures//thankyouslide.pdf>]
LaTeX Font Info:    Trying to load font information for T1+cmtl on input line 7
.

(/usr/share/texlive/texmf-dist/tex/latex/cmbright/t1cmtl.fd
File: t1cmtl.fd 2005/04/13 v8.1 (WaS)
)
File: ufcd-logo-e1-left-a4-color.pdf Graphic file (type pdf)
<use ufcd-logo-e1-left-a4-color.pdf>
Package pdftex.def Info: ufcd-logo-e1-left-a4-color.pdf  used on input line 7.
(pdftex.def)             Requested size: 53.22458pt x 62.69928pt.
 [24

])
\tf@nav=\write7
\openout7 = `talk.nav'.

\tf@toc=\write8
\openout8 = `talk.toc'.

\tf@snm=\write9
\openout9 = `talk.snm'.


(/home/tom/Documents/Talks/Valbella/out/talk.aux
(/home/tom/Documents/Talks/Valbella/out/title.aux)
(/home/tom/Documents/Talks/Valbella/out/overview.aux)
(/home/tom/Documents/Talks/Valbella/out/setup.aux)
(/home/tom/Documents/Talks/Valbella/out/results.aux)
(/home/tom/Documents/Talks/Valbella/out/outlook.aux)
(/home/tom/Documents/Talks/Valbella/out/final_remarks.aux))

LaTeX Warning: There were undefined references.

Package rerunfilecheck Info: File `talk.out' has not changed.
(rerunfilecheck)             Checksum: EF2D21D28A56E08C9F847CD18CF21F89;88.

Package biblatex Warning: Please (re)run Biber on the file:
(biblatex)                talk
(biblatex)                and rerun LaTeX afterwards.

Package logreq Info: Writing requests to 'talk.run.xml'.
\openout1 = `talk.run.xml'.

 ) 
Here is how much of TeX's memory you used:
 41328 strings out of 478287
 869598 string characters out of 5849290
 1631674 words of memory out of 5000000
 58597 multiletter control sequences out of 15000+600000
 547232 words of font info for 109 fonts, out of 8000000 for 9000
 1143 hyphenation exceptions out of 8191
 128i,23n,122p,857b,4721s stack positions out of 5000i,500n,10000p,200000b,80000s
{/usr/share/texmf/fonts/enc/dvips/cm-super/cm-super-t1.enc}{/usr/share/texmf/
fonts/enc/dvips/cm-super/cm-super-ts1.enc}{/usr/share/texmf/fonts/enc/dvips/tex
-gyre/q-ec.enc}</usr/share/texlive/texmf-dist/fonts/type1/public/amsfonts/cm/cm
ex10.pfb></usr/share/texlive/texmf-dist/fonts/type1/public/hfbright/hfbr10.pfb>
</usr/share/texlive/texmf-dist/fonts/type1/public/hfbright/hfbr17.pfb></usr/sha
re/texlive/texmf-dist/fonts/type1/public/hfbright/hfbrmi10.pfb></usr/share/texl
ive/texmf-dist/fonts/type1/public/hfbright/hfbrsy10.pfb></usr/share/texlive/tex
mf-dist/fonts/type1/public/hfbright/hfbrsy8.pfb></usr/share/texmf/fonts/type1/p
ublic/tex-gyre/qtmr.pfb></usr/share/texmf/fonts/type1/public/cm-super/sfbmo10.p
fb></usr/share/texmf/fonts/type1/public/cm-super/sfbmo8.pfb></usr/share/texmf/f
onts/type1/public/cm-super/sfbmr10.pfb></usr/share/texmf/fonts/type1/public/cm-
super/sfbmr8.pfb></usr/share/texmf/fonts/type1/public/cm-super/sfbmr9.pfb></usr
/share/texmf/fonts/type1/public/cm-super/sfbtl10.pfb>
Output written on /home/tom/Documents/Talks/Valbella/out/talk.pdf (24 pages, 17
574782 bytes).
PDF statistics:
 3248 PDF objects out of 3580 (max. 8388607)
 2307 compressed objects within 24 object streams
 56 named destinations out of 1000 (max. 500000)
 165 words of extra memory for PDF output out of 10000 (max. 10000000)

